MPLINK 5.08, LINKER
Linker Map File - Created Sun Jul 03 09:20:30 2016

                                 Section Info
                  Section       Type    Address   Location Size(Bytes)
                ---------  ---------  ---------  ---------  ---------
                   .org_0       code   0x000000    program   0x000000
                   .org_1       code   0x000200    program   0x007286
.config_8007_ANDROIDIO_PULSELENGTH_V11.O       code   0x008007    program   0x000002
.config_8008_ANDROIDIO_PULSELENGTH_V11.O       code   0x008008    program   0x000002



                              Program Memory Usage 
                               Start         End      
                           ---------   ---------      
                            0x000200    0x003b42      
                            0x008007    0x008008      
            14661 out of 16647 program addresses used, program memory utilization is 88%



                              Symbols - Sorted by Name
                     Name    Address   Location    Storage File                     
                ---------  ---------  ---------  --------- ---------                
                 CPS_jump   0x0002bb    program     static C:\Data\AndroidIOBoard\MPLABX\AndroidIOFirmware_pulselength_v11.X\AndroidIO_pulselength_v11.asm
                CPS_jump0   0x002112    program     static C:\Data\AndroidIOBoard\MPLABX\AndroidIOFirmware_pulselength_v11.X\AndroidIO_pulselength_v11.asm
                CPS_jump1   0x00216e    program     static C:\Data\AndroidIOBoard\MPLABX\AndroidIOFirmware_pulselength_v11.X\AndroidIO_pulselength_v11.asm
                CPS_jump2   0x0021ca    program     static C:\Data\AndroidIOBoard\MPLABX\AndroidIOFirmware_pulselength_v11.X\AndroidIO_pulselength_v11.asm
                CPS_jump3   0x002226    program     static C:\Data\AndroidIOBoard\MPLABX\AndroidIOFirmware_pulselength_v11.X\AndroidIO_pulselength_v11.asm
                CPS_jump4   0x002282    program     static C:\Data\AndroidIOBoard\MPLABX\AndroidIOFirmware_pulselength_v11.X\AndroidIO_pulselength_v11.asm
                CPS_jump5   0x0022de    program     static C:\Data\AndroidIOBoard\MPLABX\AndroidIOFirmware_pulselength_v11.X\AndroidIO_pulselength_v11.asm
                CPS_jump6   0x00233a    program     static C:\Data\AndroidIOBoard\MPLABX\AndroidIOFirmware_pulselength_v11.X\AndroidIO_pulselength_v11.asm
                CPS_jump7   0x002396    program     static C:\Data\AndroidIOBoard\MPLABX\AndroidIOFirmware_pulselength_v11.X\AndroidIO_pulselength_v11.asm
                   DEV_A1   0x003abe    program     static C:\Data\AndroidIOBoard\MPLABX\AndroidIOFirmware_pulselength_v11.X\AndroidIO_pulselength_v11.asm
                   DEV_A2   0x003ac2    program     static C:\Data\AndroidIOBoard\MPLABX\AndroidIOFirmware_pulselength_v11.X\AndroidIO_pulselength_v11.asm
                   DEV_A3   0x003ac6    program     static C:\Data\AndroidIOBoard\MPLABX\AndroidIOFirmware_pulselength_v11.X\AndroidIO_pulselength_v11.asm
           DEV_PIC16F1938   0x003a84    program     static C:\Data\AndroidIOBoard\MPLABX\AndroidIOFirmware_pulselength_v11.X\AndroidIO_pulselength_v11.asm
           DEV_PIC16F1939   0x003a8f    program     static C:\Data\AndroidIOBoard\MPLABX\AndroidIOFirmware_pulselength_v11.X\AndroidIO_pulselength_v11.asm
          DEV_PIC16LF1938   0x003a9a    program     static C:\Data\AndroidIOBoard\MPLABX\AndroidIOFirmware_pulselength_v11.X\AndroidIO_pulselength_v11.asm
          DEV_PIC16LF1939   0x003aa6    program     static C:\Data\AndroidIOBoard\MPLABX\AndroidIOFirmware_pulselength_v11.X\AndroidIO_pulselength_v11.asm
               DEV_device   0x003a73    program     static C:\Data\AndroidIOBoard\MPLABX\AndroidIOFirmware_pulselength_v11.X\AndroidIO_pulselength_v11.asm
             DEV_int_noov   0x003ae8    program     static C:\Data\AndroidIOBoard\MPLABX\AndroidIOFirmware_pulselength_v11.X\AndroidIO_pulselength_v11.asm
               DEV_int_ov   0x003aca    program     static C:\Data\AndroidIOBoard\MPLABX\AndroidIOFirmware_pulselength_v11.X\AndroidIO_pulselength_v11.asm
              DEV_unknown   0x003a7c    program     static C:\Data\AndroidIOBoard\MPLABX\AndroidIOFirmware_pulselength_v11.X\AndroidIO_pulselength_v11.asm
              DEV_version   0x003ab2    program     static C:\Data\AndroidIOBoard\MPLABX\AndroidIOFirmware_pulselength_v11.X\AndroidIO_pulselength_v11.asm
             PWM_port_sub   0x0024d8    program     static C:\Data\AndroidIOBoard\MPLABX\AndroidIOFirmware_pulselength_v11.X\AndroidIO_pulselength_v11.asm
                TXT_GZ310   0x003b31    program     static C:\Data\AndroidIOBoard\MPLABX\AndroidIOFirmware_pulselength_v11.X\AndroidIO_pulselength_v11.asm
                TXT_GZ312   0x003b3a    program     static C:\Data\AndroidIOBoard\MPLABX\AndroidIOFirmware_pulselength_v11.X\AndroidIO_pulselength_v11.asm
          TXT_LParseError   0x003b22    program     static C:\Data\AndroidIOBoard\MPLABX\AndroidIOFirmware_pulselength_v11.X\AndroidIO_pulselength_v11.asm
                 TXT_LSOK   0x003b1a    program     static C:\Data\AndroidIOBoard\MPLABX\AndroidIOFirmware_pulselength_v11.X\AndroidIO_pulselength_v11.asm
                 TXT_LWOK   0x003b09    program     static C:\Data\AndroidIOBoard\MPLABX\AndroidIOFirmware_pulselength_v11.X\AndroidIO_pulselength_v11.asm
                TXT_LZ3OK   0x003b11    program     static C:\Data\AndroidIOBoard\MPLABX\AndroidIOFirmware_pulselength_v11.X\AndroidIO_pulselength_v11.asm
            UART_int_read   0x0020e5    program     static C:\Data\AndroidIOBoard\MPLABX\AndroidIOFirmware_pulselength_v11.X\AndroidIO_pulselength_v11.asm
                 bufinit1   0x0023f2    program     static C:\Data\AndroidIOBoard\MPLABX\AndroidIOFirmware_pulselength_v11.X\AndroidIO_pulselength_v11.asm
                 bufinit2   0x002465    program     static C:\Data\AndroidIOBoard\MPLABX\AndroidIOFirmware_pulselength_v11.X\AndroidIO_pulselength_v11.asm
                 bufread1   0x0023f8    program     static C:\Data\AndroidIOBoard\MPLABX\AndroidIOFirmware_pulselength_v11.X\AndroidIO_pulselength_v11.asm
                 bufread2   0x00246b    program     static C:\Data\AndroidIOBoard\MPLABX\AndroidIOFirmware_pulselength_v11.X\AndroidIO_pulselength_v11.asm
             bufreadwait1   0x002415    program     static C:\Data\AndroidIOBoard\MPLABX\AndroidIOFirmware_pulselength_v11.X\AndroidIO_pulselength_v11.asm
             bufreadwait2   0x002488    program     static C:\Data\AndroidIOBoard\MPLABX\AndroidIOFirmware_pulselength_v11.X\AndroidIO_pulselength_v11.asm
                bufwrite1   0x00242e    program     static C:\Data\AndroidIOBoard\MPLABX\AndroidIOFirmware_pulselength_v11.X\AndroidIO_pulselength_v11.asm
                bufwrite2   0x0024a1    program     static C:\Data\AndroidIOBoard\MPLABX\AndroidIOFirmware_pulselength_v11.X\AndroidIO_pulselength_v11.asm
            bufwriteskip2   0x0024b6    program     static C:\Data\AndroidIOBoard\MPLABX\AndroidIOFirmware_pulselength_v11.X\AndroidIO_pulselength_v11.asm
            bufwritewait1   0x002443    program     static C:\Data\AndroidIOBoard\MPLABX\AndroidIOFirmware_pulselength_v11.X\AndroidIO_pulselength_v11.asm
                     cex1   0x0010a7    program     static C:\Data\AndroidIOBoard\MPLABX\AndroidIOFirmware_pulselength_v11.X\AndroidIO_pulselength_v11.asm
                     cex2   0x001176    program     static C:\Data\AndroidIOBoard\MPLABX\AndroidIOFirmware_pulselength_v11.X\AndroidIO_pulselength_v11.asm
       clear_pinfunctions   0x001363    program     static C:\Data\AndroidIOBoard\MPLABX\AndroidIOFirmware_pulselength_v11.X\AndroidIO_pulselength_v11.asm
         clear_statistics   0x002e86    program     static C:\Data\AndroidIOBoard\MPLABX\AndroidIOFirmware_pulselength_v11.X\AndroidIO_pulselength_v11.asm
                 clrbitfl   0x00021f    program     static C:\Data\AndroidIOBoard\MPLABX\AndroidIOFirmware_pulselength_v11.X\AndroidIO_pulselength_v11.asm
                 cmd_arg2   0x000d7c    program     static C:\Data\AndroidIOBoard\MPLABX\AndroidIOFirmware_pulselength_v11.X\AndroidIO_pulselength_v11.asm
                 cmd_arg3   0x000e33    program     static C:\Data\AndroidIOBoard\MPLABX\AndroidIOFirmware_pulselength_v11.X\AndroidIO_pulselength_v11.asm
                 cmd_arg4   0x000ed2    program     static C:\Data\AndroidIOBoard\MPLABX\AndroidIOFirmware_pulselength_v11.X\AndroidIO_pulselength_v11.asm
                cmd_clrbf   0x000d78    program     static C:\Data\AndroidIOBoard\MPLABX\AndroidIOFirmware_pulselength_v11.X\AndroidIO_pulselength_v11.asm
                  cmd_err   0x000d6b    program     static C:\Data\AndroidIOBoard\MPLABX\AndroidIOFirmware_pulselength_v11.X\AndroidIO_pulselength_v11.asm
                 cmd_exec   0x000f4e    program     static C:\Data\AndroidIOBoard\MPLABX\AndroidIOFirmware_pulselength_v11.X\AndroidIO_pulselength_v11.asm
         cmd_exec_nocmdln   0x000f51    program     static C:\Data\AndroidIOBoard\MPLABX\AndroidIOFirmware_pulselength_v11.X\AndroidIO_pulselength_v11.asm
                 cmdparse   0x000d24    program     static C:\Data\AndroidIOBoard\MPLABX\AndroidIOFirmware_pulselength_v11.X\AndroidIO_pulselength_v11.asm
           copy_from_ch15   0x002f38    program     static C:\Data\AndroidIOBoard\MPLABX\AndroidIOFirmware_pulselength_v11.X\AndroidIO_pulselength_v11.asm
           copy_into_ch15   0x002f02    program     static C:\Data\AndroidIOBoard\MPLABX\AndroidIOFirmware_pulselength_v11.X\AndroidIO_pulselength_v11.asm
                    cpsj0   0x0002c0    program     static C:\Data\AndroidIOBoard\MPLABX\AndroidIOFirmware_pulselength_v11.X\AndroidIO_pulselength_v11.asm
                    dafi1   0x003a36    program     static C:\Data\AndroidIOBoard\MPLABX\AndroidIOFirmware_pulselength_v11.X\AndroidIO_pulselength_v11.asm
                    dain1   0x002fde    program     static C:\Data\AndroidIOBoard\MPLABX\AndroidIOFirmware_pulselength_v11.X\AndroidIO_pulselength_v11.asm
                    dain2   0x0030e0    program     static C:\Data\AndroidIOBoard\MPLABX\AndroidIOFirmware_pulselength_v11.X\AndroidIO_pulselength_v11.asm
                    dain3   0x0030ea    program     static C:\Data\AndroidIOBoard\MPLABX\AndroidIOFirmware_pulselength_v11.X\AndroidIO_pulselength_v11.asm
                    dain4   0x0032e5    program     static C:\Data\AndroidIOBoard\MPLABX\AndroidIOFirmware_pulselength_v11.X\AndroidIO_pulselength_v11.asm
                    dain5   0x0032f9    program     static C:\Data\AndroidIOBoard\MPLABX\AndroidIOFirmware_pulselength_v11.X\AndroidIO_pulselength_v11.asm
                    dame1   0x0035c4    program     static C:\Data\AndroidIOBoard\MPLABX\AndroidIOFirmware_pulselength_v11.X\AndroidIO_pulselength_v11.asm
                    dame2   0x0038a0    program     static C:\Data\AndroidIOBoard\MPLABX\AndroidIOFirmware_pulselength_v11.X\AndroidIO_pulselength_v11.asm
                    dame3   0x00370d    program     static C:\Data\AndroidIOBoard\MPLABX\AndroidIOFirmware_pulselength_v11.X\AndroidIO_pulselength_v11.asm
                    dame4   0x003624    program     static C:\Data\AndroidIOBoard\MPLABX\AndroidIOFirmware_pulselength_v11.X\AndroidIO_pulselength_v11.asm
     datalog_calcFAddress   0x003a5e    program     static C:\Data\AndroidIOBoard\MPLABX\AndroidIOFirmware_pulselength_v11.X\AndroidIO_pulselength_v11.asm
     datalog_findposblock   0x003a2b    program     static C:\Data\AndroidIOBoard\MPLABX\AndroidIOFirmware_pulselength_v11.X\AndroidIO_pulselength_v11.asm
             datalog_init   0x002f6e    program     static C:\Data\AndroidIOBoard\MPLABX\AndroidIOFirmware_pulselength_v11.X\AndroidIO_pulselength_v11.asm
        datalog_makerunID   0x0039d8    program     static C:\Data\AndroidIOBoard\MPLABX\AndroidIOFirmware_pulselength_v11.X\AndroidIO_pulselength_v11.asm
          datalog_measure   0x0033df    program     static C:\Data\AndroidIOBoard\MPLABX\AndroidIOFirmware_pulselength_v11.X\AndroidIO_pulselength_v11.asm
       datalog_trimbuffer   0x003350    program     static C:\Data\AndroidIOBoard\MPLABX\AndroidIOFirmware_pulselength_v11.X\AndroidIO_pulselength_v11.asm
   datalog_writeinitblock   0x003919    program     static C:\Data\AndroidIOBoard\MPLABX\AndroidIOFirmware_pulselength_v11.X\AndroidIO_pulselength_v11.asm
    datalog_writetobuffer   0x00337d    program     static C:\Data\AndroidIOBoard\MPLABX\AndroidIOFirmware_pulselength_v11.X\AndroidIO_pulselength_v11.asm
             divf32f32f32   0x002bae    program     static C:\Data\AndroidIOBoard\MPLABX\AndroidIOFirmware_pulselength_v11.X\AndroidIO_pulselength_v11.asm
         divrf16f16f16f16   0x002b47    program     static C:\Data\AndroidIOBoard\MPLABX\AndroidIOFirmware_pulselength_v11.X\AndroidIO_pulselength_v11.asm
                 divrffff   0x002b0f    program     static C:\Data\AndroidIOBoard\MPLABX\AndroidIOFirmware_pulselength_v11.X\AndroidIO_pulselength_v11.asm
             erase_eeprom   0x002829    program     static C:\Data\AndroidIOBoard\MPLABX\AndroidIOFirmware_pulselength_v11.X\AndroidIO_pulselength_v11.asm
                     gap0   0x00026a    program     static C:\Data\AndroidIOBoard\MPLABX\AndroidIOFirmware_pulselength_v11.X\AndroidIO_pulselength_v11.asm
                     gap1   0x000281    program     static C:\Data\AndroidIOBoard\MPLABX\AndroidIOFirmware_pulselength_v11.X\AndroidIO_pulselength_v11.asm
                    gbfl0   0x000242    program     static C:\Data\AndroidIOBoard\MPLABX\AndroidIOFirmware_pulselength_v11.X\AndroidIO_pulselength_v11.asm
                    gbfl1   0x000261    program     static C:\Data\AndroidIOBoard\MPLABX\AndroidIOFirmware_pulselength_v11.X\AndroidIO_pulselength_v11.asm
             get_ADCtopin   0x0002a2    program     static C:\Data\AndroidIOBoard\MPLABX\AndroidIOFirmware_pulselength_v11.X\AndroidIO_pulselength_v11.asm
            get_Z3_eeprom   0x001907    program     static C:\Data\AndroidIOBoard\MPLABX\AndroidIOFirmware_pulselength_v11.X\AndroidIO_pulselength_v11.asm
       get_Z3_intoverflow   0x0018cd    program     static C:\Data\AndroidIOBoard\MPLABX\AndroidIOFirmware_pulselength_v11.X\AndroidIO_pulselength_v11.asm
  get_Z3_intoverflow_text   0x0018ee    program     static C:\Data\AndroidIOBoard\MPLABX\AndroidIOFirmware_pulselength_v11.X\AndroidIO_pulselength_v11.asm
          get_Z3_password   0x001834    program     static C:\Data\AndroidIOBoard\MPLABX\AndroidIOFirmware_pulselength_v11.X\AndroidIO_pulselength_v11.asm
           get_Z3_version   0x001835    program     static C:\Data\AndroidIOBoard\MPLABX\AndroidIOFirmware_pulselength_v11.X\AndroidIO_pulselength_v11.asm
      get_Z3_version_text   0x001841    program     static C:\Data\AndroidIOBoard\MPLABX\AndroidIOFirmware_pulselength_v11.X\AndroidIO_pulselength_v11.asm
  get_allowedpinfunctions   0x000262    program     static C:\Data\AndroidIOBoard\MPLABX\AndroidIOFirmware_pulselength_v11.X\AndroidIO_pulselength_v11.asm
             get_deviceID   0x002775    program     static C:\Data\AndroidIOBoard\MPLABX\AndroidIOFirmware_pulselength_v11.X\AndroidIO_pulselength_v11.asm
            get_pinstatus   0x00155d    program     static C:\Data\AndroidIOBoard\MPLABX\AndroidIOFirmware_pulselength_v11.X\AndroidIO_pulselength_v11.asm
             get_pintoADC   0x000282    program     static C:\Data\AndroidIOBoard\MPLABX\AndroidIOFirmware_pulselength_v11.X\AndroidIO_pulselength_v11.asm
                 getbitfl   0x000238    program     static C:\Data\AndroidIOBoard\MPLABX\AndroidIOFirmware_pulselength_v11.X\AndroidIO_pulselength_v11.asm
                 getcexit   0x001332    program     static C:\Data\AndroidIOBoard\MPLABX\AndroidIOFirmware_pulselength_v11.X\AndroidIO_pulselength_v11.asm
                    getz3   0x00128d    program     static C:\Data\AndroidIOBoard\MPLABX\AndroidIOFirmware_pulselength_v11.X\AndroidIO_pulselength_v11.asm
                     gpa0   0x00028a    program     static C:\Data\AndroidIOBoard\MPLABX\AndroidIOFirmware_pulselength_v11.X\AndroidIO_pulselength_v11.asm
                     gpa1   0x0002a1    program     static C:\Data\AndroidIOBoard\MPLABX\AndroidIOFirmware_pulselength_v11.X\AndroidIO_pulselength_v11.asm
                    gpac0   0x0002ab    program     static C:\Data\AndroidIOBoard\MPLABX\AndroidIOFirmware_pulselength_v11.X\AndroidIO_pulselength_v11.asm
                    gpac1   0x0002ba    program     static C:\Data\AndroidIOBoard\MPLABX\AndroidIOFirmware_pulselength_v11.X\AndroidIO_pulselength_v11.asm
                 i2c_init   0x00292c    program     static C:\Data\AndroidIOBoard\MPLABX\AndroidIOFirmware_pulselength_v11.X\AndroidIO_pulselength_v11.asm
                 i2c_stop   0x002937    program     static C:\Data\AndroidIOBoard\MPLABX\AndroidIOFirmware_pulselength_v11.X\AndroidIO_pulselength_v11.asm
               initialize   0x0002f5    program     static C:\Data\AndroidIOBoard\MPLABX\AndroidIOFirmware_pulselength_v11.X\AndroidIO_pulselength_v11.asm
                interrupt   0x001957    program     static C:\Data\AndroidIOBoard\MPLABX\AndroidIOFirmware_pulselength_v11.X\AndroidIO_pulselength_v11.asm
                    j_0_1   0x000341    program     static C:\Data\AndroidIOBoard\MPLABX\AndroidIOFirmware_pulselength_v11.X\AndroidIO_pulselength_v11.asm
                   j_0_10   0x000429    program     static C:\Data\AndroidIOBoard\MPLABX\AndroidIOFirmware_pulselength_v11.X\AndroidIO_pulselength_v11.asm
                  j_0_100   0x000ca9    program     static C:\Data\AndroidIOBoard\MPLABX\AndroidIOFirmware_pulselength_v11.X\AndroidIO_pulselength_v11.asm
                  j_0_101   0x000cb6    program     static C:\Data\AndroidIOBoard\MPLABX\AndroidIOFirmware_pulselength_v11.X\AndroidIO_pulselength_v11.asm
                  j_0_102   0x000cc8    program     static C:\Data\AndroidIOBoard\MPLABX\AndroidIOFirmware_pulselength_v11.X\AndroidIO_pulselength_v11.asm
                  j_0_103   0x000cf6    program     static C:\Data\AndroidIOBoard\MPLABX\AndroidIOFirmware_pulselength_v11.X\AndroidIO_pulselength_v11.asm
                  j_0_104   0x000d71    program     static C:\Data\AndroidIOBoard\MPLABX\AndroidIOFirmware_pulselength_v11.X\AndroidIO_pulselength_v11.asm
                  j_0_105   0x000d8f    program     static C:\Data\AndroidIOBoard\MPLABX\AndroidIOFirmware_pulselength_v11.X\AndroidIO_pulselength_v11.asm
                  j_0_106   0x000df8    program     static C:\Data\AndroidIOBoard\MPLABX\AndroidIOFirmware_pulselength_v11.X\AndroidIO_pulselength_v11.asm
                  j_0_107   0x000e41    program     static C:\Data\AndroidIOBoard\MPLABX\AndroidIOFirmware_pulselength_v11.X\AndroidIO_pulselength_v11.asm
                  j_0_108   0x000e95    program     static C:\Data\AndroidIOBoard\MPLABX\AndroidIOFirmware_pulselength_v11.X\AndroidIO_pulselength_v11.asm
                  j_0_109   0x000eac    program     static C:\Data\AndroidIOBoard\MPLABX\AndroidIOFirmware_pulselength_v11.X\AndroidIO_pulselength_v11.asm
                   j_0_11   0x00042f    program     static C:\Data\AndroidIOBoard\MPLABX\AndroidIOFirmware_pulselength_v11.X\AndroidIO_pulselength_v11.asm
                  j_0_110   0x000ec2    program     static C:\Data\AndroidIOBoard\MPLABX\AndroidIOFirmware_pulselength_v11.X\AndroidIO_pulselength_v11.asm
                  j_0_111   0x000f11    program     static C:\Data\AndroidIOBoard\MPLABX\AndroidIOFirmware_pulselength_v11.X\AndroidIO_pulselength_v11.asm
                  j_0_112   0x000f28    program     static C:\Data\AndroidIOBoard\MPLABX\AndroidIOFirmware_pulselength_v11.X\AndroidIO_pulselength_v11.asm
                  j_0_113   0x000f3e    program     static C:\Data\AndroidIOBoard\MPLABX\AndroidIOFirmware_pulselength_v11.X\AndroidIO_pulselength_v11.asm
                  j_0_114   0x000f73    program     static C:\Data\AndroidIOBoard\MPLABX\AndroidIOFirmware_pulselength_v11.X\AndroidIO_pulselength_v11.asm
                  j_0_115   0x000f93    program     static C:\Data\AndroidIOBoard\MPLABX\AndroidIOFirmware_pulselength_v11.X\AndroidIO_pulselength_v11.asm
                  j_0_116   0x000f9d    program     static C:\Data\AndroidIOBoard\MPLABX\AndroidIOFirmware_pulselength_v11.X\AndroidIO_pulselength_v11.asm
                  j_0_117   0x001001    program     static C:\Data\AndroidIOBoard\MPLABX\AndroidIOFirmware_pulselength_v11.X\AndroidIO_pulselength_v11.asm
                  j_0_118   0x0010bb    program     static C:\Data\AndroidIOBoard\MPLABX\AndroidIOFirmware_pulselength_v11.X\AndroidIO_pulselength_v11.asm
                  j_0_119   0x0010d8    program     static C:\Data\AndroidIOBoard\MPLABX\AndroidIOFirmware_pulselength_v11.X\AndroidIO_pulselength_v11.asm
                   j_0_12   0x000441    program     static C:\Data\AndroidIOBoard\MPLABX\AndroidIOFirmware_pulselength_v11.X\AndroidIO_pulselength_v11.asm
                  j_0_120   0x0010f6    program     static C:\Data\AndroidIOBoard\MPLABX\AndroidIOFirmware_pulselength_v11.X\AndroidIO_pulselength_v11.asm
                  j_0_121   0x001108    program     static C:\Data\AndroidIOBoard\MPLABX\AndroidIOFirmware_pulselength_v11.X\AndroidIO_pulselength_v11.asm
                  j_0_122   0x00112d    program     static C:\Data\AndroidIOBoard\MPLABX\AndroidIOFirmware_pulselength_v11.X\AndroidIO_pulselength_v11.asm
                  j_0_123   0x001133    program     static C:\Data\AndroidIOBoard\MPLABX\AndroidIOFirmware_pulselength_v11.X\AndroidIO_pulselength_v11.asm
                  j_0_124   0x001166    program     static C:\Data\AndroidIOBoard\MPLABX\AndroidIOFirmware_pulselength_v11.X\AndroidIO_pulselength_v11.asm
                  j_0_125   0x00117c    program     static C:\Data\AndroidIOBoard\MPLABX\AndroidIOFirmware_pulselength_v11.X\AndroidIO_pulselength_v11.asm
                  j_0_126   0x0011ab    program     static C:\Data\AndroidIOBoard\MPLABX\AndroidIOFirmware_pulselength_v11.X\AndroidIO_pulselength_v11.asm
                  j_0_127   0x0011b9    program     static C:\Data\AndroidIOBoard\MPLABX\AndroidIOFirmware_pulselength_v11.X\AndroidIO_pulselength_v11.asm
                  j_0_128   0x001339    program     static C:\Data\AndroidIOBoard\MPLABX\AndroidIOFirmware_pulselength_v11.X\AndroidIO_pulselength_v11.asm
                  j_0_129   0x00134c    program     static C:\Data\AndroidIOBoard\MPLABX\AndroidIOFirmware_pulselength_v11.X\AndroidIO_pulselength_v11.asm
                   j_0_13   0x000448    program     static C:\Data\AndroidIOBoard\MPLABX\AndroidIOFirmware_pulselength_v11.X\AndroidIO_pulselength_v11.asm
                  j_0_130   0x00135b    program     static C:\Data\AndroidIOBoard\MPLABX\AndroidIOFirmware_pulselength_v11.X\AndroidIO_pulselength_v11.asm
                  j_0_131   0x00136e    program     static C:\Data\AndroidIOBoard\MPLABX\AndroidIOFirmware_pulselength_v11.X\AndroidIO_pulselength_v11.asm
                  j_0_132   0x00138d    program     static C:\Data\AndroidIOBoard\MPLABX\AndroidIOFirmware_pulselength_v11.X\AndroidIO_pulselength_v11.asm
                  j_0_133   0x0013b4    program     static C:\Data\AndroidIOBoard\MPLABX\AndroidIOFirmware_pulselength_v11.X\AndroidIO_pulselength_v11.asm
                  j_0_134   0x0013dc    program     static C:\Data\AndroidIOBoard\MPLABX\AndroidIOFirmware_pulselength_v11.X\AndroidIO_pulselength_v11.asm
                  j_0_135   0x001404    program     static C:\Data\AndroidIOBoard\MPLABX\AndroidIOFirmware_pulselength_v11.X\AndroidIO_pulselength_v11.asm
                  j_0_136   0x00140c    program     static C:\Data\AndroidIOBoard\MPLABX\AndroidIOFirmware_pulselength_v11.X\AndroidIO_pulselength_v11.asm
                  j_0_137   0x001412    program     static C:\Data\AndroidIOBoard\MPLABX\AndroidIOFirmware_pulselength_v11.X\AndroidIO_pulselength_v11.asm
                  j_0_138   0x001457    program     static C:\Data\AndroidIOBoard\MPLABX\AndroidIOFirmware_pulselength_v11.X\AndroidIO_pulselength_v11.asm
                  j_0_139   0x00147f    program     static C:\Data\AndroidIOBoard\MPLABX\AndroidIOFirmware_pulselength_v11.X\AndroidIO_pulselength_v11.asm
                   j_0_14   0x00044e    program     static C:\Data\AndroidIOBoard\MPLABX\AndroidIOFirmware_pulselength_v11.X\AndroidIO_pulselength_v11.asm
                  j_0_140   0x0014a7    program     static C:\Data\AndroidIOBoard\MPLABX\AndroidIOFirmware_pulselength_v11.X\AndroidIO_pulselength_v11.asm
                  j_0_141   0x0014af    program     static C:\Data\AndroidIOBoard\MPLABX\AndroidIOFirmware_pulselength_v11.X\AndroidIO_pulselength_v11.asm
                  j_0_142   0x00150d    program     static C:\Data\AndroidIOBoard\MPLABX\AndroidIOFirmware_pulselength_v11.X\AndroidIO_pulselength_v11.asm
                  j_0_143   0x00176a    program     static C:\Data\AndroidIOBoard\MPLABX\AndroidIOFirmware_pulselength_v11.X\AndroidIO_pulselength_v11.asm
                  j_0_144   0x001784    program     static C:\Data\AndroidIOBoard\MPLABX\AndroidIOFirmware_pulselength_v11.X\AndroidIO_pulselength_v11.asm
                  j_0_145   0x001798    program     static C:\Data\AndroidIOBoard\MPLABX\AndroidIOFirmware_pulselength_v11.X\AndroidIO_pulselength_v11.asm
                  j_0_146   0x0017a1    program     static C:\Data\AndroidIOBoard\MPLABX\AndroidIOFirmware_pulselength_v11.X\AndroidIO_pulselength_v11.asm
                  j_0_147   0x0017bb    program     static C:\Data\AndroidIOBoard\MPLABX\AndroidIOFirmware_pulselength_v11.X\AndroidIO_pulselength_v11.asm
                  j_0_148   0x0017e3    program     static C:\Data\AndroidIOBoard\MPLABX\AndroidIOFirmware_pulselength_v11.X\AndroidIO_pulselength_v11.asm
                  j_0_149   0x0017e9    program     static C:\Data\AndroidIOBoard\MPLABX\AndroidIOFirmware_pulselength_v11.X\AndroidIO_pulselength_v11.asm
                   j_0_15   0x000479    program     static C:\Data\AndroidIOBoard\MPLABX\AndroidIOFirmware_pulselength_v11.X\AndroidIO_pulselength_v11.asm
                  j_0_150   0x0017ff    program     static C:\Data\AndroidIOBoard\MPLABX\AndroidIOFirmware_pulselength_v11.X\AndroidIO_pulselength_v11.asm
                  j_0_151   0x001813    program     static C:\Data\AndroidIOBoard\MPLABX\AndroidIOFirmware_pulselength_v11.X\AndroidIO_pulselength_v11.asm
                  j_0_152   0x0018da    program     static C:\Data\AndroidIOBoard\MPLABX\AndroidIOFirmware_pulselength_v11.X\AndroidIO_pulselength_v11.asm
                  j_0_153   0x0018f4    program     static C:\Data\AndroidIOBoard\MPLABX\AndroidIOFirmware_pulselength_v11.X\AndroidIO_pulselength_v11.asm
                  j_0_154   0x001912    program     static C:\Data\AndroidIOBoard\MPLABX\AndroidIOFirmware_pulselength_v11.X\AndroidIO_pulselength_v11.asm
                  j_0_155   0x001932    program     static C:\Data\AndroidIOBoard\MPLABX\AndroidIOFirmware_pulselength_v11.X\AndroidIO_pulselength_v11.asm
                  j_0_156   0x001966    program     static C:\Data\AndroidIOBoard\MPLABX\AndroidIOFirmware_pulselength_v11.X\AndroidIO_pulselength_v11.asm
                  j_0_157   0x00196e    program     static C:\Data\AndroidIOBoard\MPLABX\AndroidIOFirmware_pulselength_v11.X\AndroidIO_pulselength_v11.asm
                  j_0_158   0x00197f    program     static C:\Data\AndroidIOBoard\MPLABX\AndroidIOFirmware_pulselength_v11.X\AndroidIO_pulselength_v11.asm
                  j_0_159   0x00198d    program     static C:\Data\AndroidIOBoard\MPLABX\AndroidIOFirmware_pulselength_v11.X\AndroidIO_pulselength_v11.asm
                   j_0_16   0x0004a8    program     static C:\Data\AndroidIOBoard\MPLABX\AndroidIOFirmware_pulselength_v11.X\AndroidIO_pulselength_v11.asm
                  j_0_160   0x0019b5    program     static C:\Data\AndroidIOBoard\MPLABX\AndroidIOFirmware_pulselength_v11.X\AndroidIO_pulselength_v11.asm
                  j_0_161   0x0019c6    program     static C:\Data\AndroidIOBoard\MPLABX\AndroidIOFirmware_pulselength_v11.X\AndroidIO_pulselength_v11.asm
                  j_0_162   0x0019ee    program     static C:\Data\AndroidIOBoard\MPLABX\AndroidIOFirmware_pulselength_v11.X\AndroidIO_pulselength_v11.asm
                  j_0_163   0x001a1e    program     static C:\Data\AndroidIOBoard\MPLABX\AndroidIOFirmware_pulselength_v11.X\AndroidIO_pulselength_v11.asm
                  j_0_164   0x001a30    program     static C:\Data\AndroidIOBoard\MPLABX\AndroidIOFirmware_pulselength_v11.X\AndroidIO_pulselength_v11.asm
                  j_0_165   0x001a36    program     static C:\Data\AndroidIOBoard\MPLABX\AndroidIOFirmware_pulselength_v11.X\AndroidIO_pulselength_v11.asm
                  j_0_166   0x001a67    program     static C:\Data\AndroidIOBoard\MPLABX\AndroidIOFirmware_pulselength_v11.X\AndroidIO_pulselength_v11.asm
                  j_0_167   0x001a6d    program     static C:\Data\AndroidIOBoard\MPLABX\AndroidIOFirmware_pulselength_v11.X\AndroidIO_pulselength_v11.asm
                  j_0_168   0x001aa7    program     static C:\Data\AndroidIOBoard\MPLABX\AndroidIOFirmware_pulselength_v11.X\AndroidIO_pulselength_v11.asm
                  j_0_169   0x001aad    program     static C:\Data\AndroidIOBoard\MPLABX\AndroidIOFirmware_pulselength_v11.X\AndroidIO_pulselength_v11.asm
                   j_0_17   0x0004af    program     static C:\Data\AndroidIOBoard\MPLABX\AndroidIOFirmware_pulselength_v11.X\AndroidIO_pulselength_v11.asm
                  j_0_170   0x001aaf    program     static C:\Data\AndroidIOBoard\MPLABX\AndroidIOFirmware_pulselength_v11.X\AndroidIO_pulselength_v11.asm
                  j_0_171   0x001ab6    program     static C:\Data\AndroidIOBoard\MPLABX\AndroidIOFirmware_pulselength_v11.X\AndroidIO_pulselength_v11.asm
                  j_0_172   0x001ab8    program     static C:\Data\AndroidIOBoard\MPLABX\AndroidIOFirmware_pulselength_v11.X\AndroidIO_pulselength_v11.asm
                  j_0_173   0x001abf    program     static C:\Data\AndroidIOBoard\MPLABX\AndroidIOFirmware_pulselength_v11.X\AndroidIO_pulselength_v11.asm
                  j_0_174   0x001ac1    program     static C:\Data\AndroidIOBoard\MPLABX\AndroidIOFirmware_pulselength_v11.X\AndroidIO_pulselength_v11.asm
                  j_0_175   0x001ac8    program     static C:\Data\AndroidIOBoard\MPLABX\AndroidIOFirmware_pulselength_v11.X\AndroidIO_pulselength_v11.asm
                  j_0_176   0x001aca    program     static C:\Data\AndroidIOBoard\MPLABX\AndroidIOFirmware_pulselength_v11.X\AndroidIO_pulselength_v11.asm
                  j_0_177   0x001ad3    program     static C:\Data\AndroidIOBoard\MPLABX\AndroidIOFirmware_pulselength_v11.X\AndroidIO_pulselength_v11.asm
                  j_0_178   0x001ad5    program     static C:\Data\AndroidIOBoard\MPLABX\AndroidIOFirmware_pulselength_v11.X\AndroidIO_pulselength_v11.asm
                  j_0_179   0x001adc    program     static C:\Data\AndroidIOBoard\MPLABX\AndroidIOFirmware_pulselength_v11.X\AndroidIO_pulselength_v11.asm
                   j_0_18   0x0004b5    program     static C:\Data\AndroidIOBoard\MPLABX\AndroidIOFirmware_pulselength_v11.X\AndroidIO_pulselength_v11.asm
                  j_0_180   0x001ade    program     static C:\Data\AndroidIOBoard\MPLABX\AndroidIOFirmware_pulselength_v11.X\AndroidIO_pulselength_v11.asm
                  j_0_181   0x001aea    program     static C:\Data\AndroidIOBoard\MPLABX\AndroidIOFirmware_pulselength_v11.X\AndroidIO_pulselength_v11.asm
                  j_0_182   0x001af0    program     static C:\Data\AndroidIOBoard\MPLABX\AndroidIOFirmware_pulselength_v11.X\AndroidIO_pulselength_v11.asm
                  j_0_183   0x001b28    program     static C:\Data\AndroidIOBoard\MPLABX\AndroidIOFirmware_pulselength_v11.X\AndroidIO_pulselength_v11.asm
                  j_0_184   0x001b2e    program     static C:\Data\AndroidIOBoard\MPLABX\AndroidIOFirmware_pulselength_v11.X\AndroidIO_pulselength_v11.asm
                  j_0_185   0x001b30    program     static C:\Data\AndroidIOBoard\MPLABX\AndroidIOFirmware_pulselength_v11.X\AndroidIO_pulselength_v11.asm
                  j_0_186   0x001b37    program     static C:\Data\AndroidIOBoard\MPLABX\AndroidIOFirmware_pulselength_v11.X\AndroidIO_pulselength_v11.asm
                  j_0_187   0x001b39    program     static C:\Data\AndroidIOBoard\MPLABX\AndroidIOFirmware_pulselength_v11.X\AndroidIO_pulselength_v11.asm
                  j_0_188   0x001b40    program     static C:\Data\AndroidIOBoard\MPLABX\AndroidIOFirmware_pulselength_v11.X\AndroidIO_pulselength_v11.asm
                  j_0_189   0x001b42    program     static C:\Data\AndroidIOBoard\MPLABX\AndroidIOFirmware_pulselength_v11.X\AndroidIO_pulselength_v11.asm
                   j_0_19   0x0004e0    program     static C:\Data\AndroidIOBoard\MPLABX\AndroidIOFirmware_pulselength_v11.X\AndroidIO_pulselength_v11.asm
                  j_0_190   0x001b49    program     static C:\Data\AndroidIOBoard\MPLABX\AndroidIOFirmware_pulselength_v11.X\AndroidIO_pulselength_v11.asm
                  j_0_191   0x001b4b    program     static C:\Data\AndroidIOBoard\MPLABX\AndroidIOFirmware_pulselength_v11.X\AndroidIO_pulselength_v11.asm
                  j_0_192   0x001b54    program     static C:\Data\AndroidIOBoard\MPLABX\AndroidIOFirmware_pulselength_v11.X\AndroidIO_pulselength_v11.asm
                  j_0_193   0x001b56    program     static C:\Data\AndroidIOBoard\MPLABX\AndroidIOFirmware_pulselength_v11.X\AndroidIO_pulselength_v11.asm
                  j_0_194   0x001b5d    program     static C:\Data\AndroidIOBoard\MPLABX\AndroidIOFirmware_pulselength_v11.X\AndroidIO_pulselength_v11.asm
                  j_0_195   0x001b5f    program     static C:\Data\AndroidIOBoard\MPLABX\AndroidIOFirmware_pulselength_v11.X\AndroidIO_pulselength_v11.asm
                  j_0_196   0x001b6b    program     static C:\Data\AndroidIOBoard\MPLABX\AndroidIOFirmware_pulselength_v11.X\AndroidIO_pulselength_v11.asm
                  j_0_197   0x001b71    program     static C:\Data\AndroidIOBoard\MPLABX\AndroidIOFirmware_pulselength_v11.X\AndroidIO_pulselength_v11.asm
                  j_0_198   0x001bab    program     static C:\Data\AndroidIOBoard\MPLABX\AndroidIOFirmware_pulselength_v11.X\AndroidIO_pulselength_v11.asm
                  j_0_199   0x001bb1    program     static C:\Data\AndroidIOBoard\MPLABX\AndroidIOFirmware_pulselength_v11.X\AndroidIO_pulselength_v11.asm
                    j_0_2   0x000347    program     static C:\Data\AndroidIOBoard\MPLABX\AndroidIOFirmware_pulselength_v11.X\AndroidIO_pulselength_v11.asm
                   j_0_20   0x00050f    program     static C:\Data\AndroidIOBoard\MPLABX\AndroidIOFirmware_pulselength_v11.X\AndroidIO_pulselength_v11.asm
                  j_0_200   0x001bb3    program     static C:\Data\AndroidIOBoard\MPLABX\AndroidIOFirmware_pulselength_v11.X\AndroidIO_pulselength_v11.asm
                  j_0_201   0x001bba    program     static C:\Data\AndroidIOBoard\MPLABX\AndroidIOFirmware_pulselength_v11.X\AndroidIO_pulselength_v11.asm
                  j_0_202   0x001bbc    program     static C:\Data\AndroidIOBoard\MPLABX\AndroidIOFirmware_pulselength_v11.X\AndroidIO_pulselength_v11.asm
                  j_0_203   0x001bc3    program     static C:\Data\AndroidIOBoard\MPLABX\AndroidIOFirmware_pulselength_v11.X\AndroidIO_pulselength_v11.asm
                  j_0_204   0x001bc5    program     static C:\Data\AndroidIOBoard\MPLABX\AndroidIOFirmware_pulselength_v11.X\AndroidIO_pulselength_v11.asm
                  j_0_205   0x001bcc    program     static C:\Data\AndroidIOBoard\MPLABX\AndroidIOFirmware_pulselength_v11.X\AndroidIO_pulselength_v11.asm
                  j_0_206   0x001bce    program     static C:\Data\AndroidIOBoard\MPLABX\AndroidIOFirmware_pulselength_v11.X\AndroidIO_pulselength_v11.asm
                  j_0_207   0x001bd7    program     static C:\Data\AndroidIOBoard\MPLABX\AndroidIOFirmware_pulselength_v11.X\AndroidIO_pulselength_v11.asm
                  j_0_208   0x001bd9    program     static C:\Data\AndroidIOBoard\MPLABX\AndroidIOFirmware_pulselength_v11.X\AndroidIO_pulselength_v11.asm
                  j_0_209   0x001be0    program     static C:\Data\AndroidIOBoard\MPLABX\AndroidIOFirmware_pulselength_v11.X\AndroidIO_pulselength_v11.asm
                   j_0_21   0x000516    program     static C:\Data\AndroidIOBoard\MPLABX\AndroidIOFirmware_pulselength_v11.X\AndroidIO_pulselength_v11.asm
                  j_0_210   0x001be2    program     static C:\Data\AndroidIOBoard\MPLABX\AndroidIOFirmware_pulselength_v11.X\AndroidIO_pulselength_v11.asm
                  j_0_211   0x001bee    program     static C:\Data\AndroidIOBoard\MPLABX\AndroidIOFirmware_pulselength_v11.X\AndroidIO_pulselength_v11.asm
                  j_0_212   0x001bf4    program     static C:\Data\AndroidIOBoard\MPLABX\AndroidIOFirmware_pulselength_v11.X\AndroidIO_pulselength_v11.asm
                  j_0_213   0x001c2c    program     static C:\Data\AndroidIOBoard\MPLABX\AndroidIOFirmware_pulselength_v11.X\AndroidIO_pulselength_v11.asm
                  j_0_214   0x001c32    program     static C:\Data\AndroidIOBoard\MPLABX\AndroidIOFirmware_pulselength_v11.X\AndroidIO_pulselength_v11.asm
                  j_0_215   0x001c34    program     static C:\Data\AndroidIOBoard\MPLABX\AndroidIOFirmware_pulselength_v11.X\AndroidIO_pulselength_v11.asm
                  j_0_216   0x001c3b    program     static C:\Data\AndroidIOBoard\MPLABX\AndroidIOFirmware_pulselength_v11.X\AndroidIO_pulselength_v11.asm
                  j_0_217   0x001c3d    program     static C:\Data\AndroidIOBoard\MPLABX\AndroidIOFirmware_pulselength_v11.X\AndroidIO_pulselength_v11.asm
                  j_0_218   0x001c44    program     static C:\Data\AndroidIOBoard\MPLABX\AndroidIOFirmware_pulselength_v11.X\AndroidIO_pulselength_v11.asm
                  j_0_219   0x001c46    program     static C:\Data\AndroidIOBoard\MPLABX\AndroidIOFirmware_pulselength_v11.X\AndroidIO_pulselength_v11.asm
                   j_0_22   0x00051c    program     static C:\Data\AndroidIOBoard\MPLABX\AndroidIOFirmware_pulselength_v11.X\AndroidIO_pulselength_v11.asm
                  j_0_220   0x001c4d    program     static C:\Data\AndroidIOBoard\MPLABX\AndroidIOFirmware_pulselength_v11.X\AndroidIO_pulselength_v11.asm
                  j_0_221   0x001c4f    program     static C:\Data\AndroidIOBoard\MPLABX\AndroidIOFirmware_pulselength_v11.X\AndroidIO_pulselength_v11.asm
                  j_0_222   0x001c58    program     static C:\Data\AndroidIOBoard\MPLABX\AndroidIOFirmware_pulselength_v11.X\AndroidIO_pulselength_v11.asm
                  j_0_223   0x001c5a    program     static C:\Data\AndroidIOBoard\MPLABX\AndroidIOFirmware_pulselength_v11.X\AndroidIO_pulselength_v11.asm
                  j_0_224   0x001c61    program     static C:\Data\AndroidIOBoard\MPLABX\AndroidIOFirmware_pulselength_v11.X\AndroidIO_pulselength_v11.asm
                  j_0_225   0x001c63    program     static C:\Data\AndroidIOBoard\MPLABX\AndroidIOFirmware_pulselength_v11.X\AndroidIO_pulselength_v11.asm
                  j_0_226   0x001c6f    program     static C:\Data\AndroidIOBoard\MPLABX\AndroidIOFirmware_pulselength_v11.X\AndroidIO_pulselength_v11.asm
                  j_0_227   0x001c75    program     static C:\Data\AndroidIOBoard\MPLABX\AndroidIOFirmware_pulselength_v11.X\AndroidIO_pulselength_v11.asm
                  j_0_228   0x001caf    program     static C:\Data\AndroidIOBoard\MPLABX\AndroidIOFirmware_pulselength_v11.X\AndroidIO_pulselength_v11.asm
                  j_0_229   0x001cb5    program     static C:\Data\AndroidIOBoard\MPLABX\AndroidIOFirmware_pulselength_v11.X\AndroidIO_pulselength_v11.asm
                   j_0_23   0x000547    program     static C:\Data\AndroidIOBoard\MPLABX\AndroidIOFirmware_pulselength_v11.X\AndroidIO_pulselength_v11.asm
                  j_0_230   0x001cb7    program     static C:\Data\AndroidIOBoard\MPLABX\AndroidIOFirmware_pulselength_v11.X\AndroidIO_pulselength_v11.asm
                  j_0_231   0x001cbe    program     static C:\Data\AndroidIOBoard\MPLABX\AndroidIOFirmware_pulselength_v11.X\AndroidIO_pulselength_v11.asm
                  j_0_232   0x001cc0    program     static C:\Data\AndroidIOBoard\MPLABX\AndroidIOFirmware_pulselength_v11.X\AndroidIO_pulselength_v11.asm
                  j_0_233   0x001cc7    program     static C:\Data\AndroidIOBoard\MPLABX\AndroidIOFirmware_pulselength_v11.X\AndroidIO_pulselength_v11.asm
                  j_0_234   0x001cc9    program     static C:\Data\AndroidIOBoard\MPLABX\AndroidIOFirmware_pulselength_v11.X\AndroidIO_pulselength_v11.asm
                  j_0_235   0x001cd0    program     static C:\Data\AndroidIOBoard\MPLABX\AndroidIOFirmware_pulselength_v11.X\AndroidIO_pulselength_v11.asm
                  j_0_236   0x001cd2    program     static C:\Data\AndroidIOBoard\MPLABX\AndroidIOFirmware_pulselength_v11.X\AndroidIO_pulselength_v11.asm
                  j_0_237   0x001cdb    program     static C:\Data\AndroidIOBoard\MPLABX\AndroidIOFirmware_pulselength_v11.X\AndroidIO_pulselength_v11.asm
                  j_0_238   0x001cdd    program     static C:\Data\AndroidIOBoard\MPLABX\AndroidIOFirmware_pulselength_v11.X\AndroidIO_pulselength_v11.asm
                  j_0_239   0x001ce4    program     static C:\Data\AndroidIOBoard\MPLABX\AndroidIOFirmware_pulselength_v11.X\AndroidIO_pulselength_v11.asm
                   j_0_24   0x000576    program     static C:\Data\AndroidIOBoard\MPLABX\AndroidIOFirmware_pulselength_v11.X\AndroidIO_pulselength_v11.asm
                  j_0_240   0x001ce6    program     static C:\Data\AndroidIOBoard\MPLABX\AndroidIOFirmware_pulselength_v11.X\AndroidIO_pulselength_v11.asm
                  j_0_241   0x001cf2    program     static C:\Data\AndroidIOBoard\MPLABX\AndroidIOFirmware_pulselength_v11.X\AndroidIO_pulselength_v11.asm
                  j_0_242   0x001cf8    program     static C:\Data\AndroidIOBoard\MPLABX\AndroidIOFirmware_pulselength_v11.X\AndroidIO_pulselength_v11.asm
                  j_0_243   0x001d30    program     static C:\Data\AndroidIOBoard\MPLABX\AndroidIOFirmware_pulselength_v11.X\AndroidIO_pulselength_v11.asm
                  j_0_244   0x001d36    program     static C:\Data\AndroidIOBoard\MPLABX\AndroidIOFirmware_pulselength_v11.X\AndroidIO_pulselength_v11.asm
                  j_0_245   0x001d38    program     static C:\Data\AndroidIOBoard\MPLABX\AndroidIOFirmware_pulselength_v11.X\AndroidIO_pulselength_v11.asm
                  j_0_246   0x001d3f    program     static C:\Data\AndroidIOBoard\MPLABX\AndroidIOFirmware_pulselength_v11.X\AndroidIO_pulselength_v11.asm
                  j_0_247   0x001d41    program     static C:\Data\AndroidIOBoard\MPLABX\AndroidIOFirmware_pulselength_v11.X\AndroidIO_pulselength_v11.asm
                  j_0_248   0x001d48    program     static C:\Data\AndroidIOBoard\MPLABX\AndroidIOFirmware_pulselength_v11.X\AndroidIO_pulselength_v11.asm
                  j_0_249   0x001d4a    program     static C:\Data\AndroidIOBoard\MPLABX\AndroidIOFirmware_pulselength_v11.X\AndroidIO_pulselength_v11.asm
                   j_0_25   0x00057d    program     static C:\Data\AndroidIOBoard\MPLABX\AndroidIOFirmware_pulselength_v11.X\AndroidIO_pulselength_v11.asm
                  j_0_250   0x001d51    program     static C:\Data\AndroidIOBoard\MPLABX\AndroidIOFirmware_pulselength_v11.X\AndroidIO_pulselength_v11.asm
                  j_0_251   0x001d53    program     static C:\Data\AndroidIOBoard\MPLABX\AndroidIOFirmware_pulselength_v11.X\AndroidIO_pulselength_v11.asm
                  j_0_252   0x001d5c    program     static C:\Data\AndroidIOBoard\MPLABX\AndroidIOFirmware_pulselength_v11.X\AndroidIO_pulselength_v11.asm
                  j_0_253   0x001d5e    program     static C:\Data\AndroidIOBoard\MPLABX\AndroidIOFirmware_pulselength_v11.X\AndroidIO_pulselength_v11.asm
                  j_0_254   0x001d65    program     static C:\Data\AndroidIOBoard\MPLABX\AndroidIOFirmware_pulselength_v11.X\AndroidIO_pulselength_v11.asm
                  j_0_255   0x001d67    program     static C:\Data\AndroidIOBoard\MPLABX\AndroidIOFirmware_pulselength_v11.X\AndroidIO_pulselength_v11.asm
                  j_0_256   0x001d73    program     static C:\Data\AndroidIOBoard\MPLABX\AndroidIOFirmware_pulselength_v11.X\AndroidIO_pulselength_v11.asm
                  j_0_257   0x001d79    program     static C:\Data\AndroidIOBoard\MPLABX\AndroidIOFirmware_pulselength_v11.X\AndroidIO_pulselength_v11.asm
                  j_0_258   0x001db3    program     static C:\Data\AndroidIOBoard\MPLABX\AndroidIOFirmware_pulselength_v11.X\AndroidIO_pulselength_v11.asm
                  j_0_259   0x001db9    program     static C:\Data\AndroidIOBoard\MPLABX\AndroidIOFirmware_pulselength_v11.X\AndroidIO_pulselength_v11.asm
                   j_0_26   0x000583    program     static C:\Data\AndroidIOBoard\MPLABX\AndroidIOFirmware_pulselength_v11.X\AndroidIO_pulselength_v11.asm
                  j_0_260   0x001dbb    program     static C:\Data\AndroidIOBoard\MPLABX\AndroidIOFirmware_pulselength_v11.X\AndroidIO_pulselength_v11.asm
                  j_0_261   0x001dc2    program     static C:\Data\AndroidIOBoard\MPLABX\AndroidIOFirmware_pulselength_v11.X\AndroidIO_pulselength_v11.asm
                  j_0_262   0x001dc4    program     static C:\Data\AndroidIOBoard\MPLABX\AndroidIOFirmware_pulselength_v11.X\AndroidIO_pulselength_v11.asm
                  j_0_263   0x001dcb    program     static C:\Data\AndroidIOBoard\MPLABX\AndroidIOFirmware_pulselength_v11.X\AndroidIO_pulselength_v11.asm
                  j_0_264   0x001dcd    program     static C:\Data\AndroidIOBoard\MPLABX\AndroidIOFirmware_pulselength_v11.X\AndroidIO_pulselength_v11.asm
                  j_0_265   0x001dd4    program     static C:\Data\AndroidIOBoard\MPLABX\AndroidIOFirmware_pulselength_v11.X\AndroidIO_pulselength_v11.asm
                  j_0_266   0x001dd6    program     static C:\Data\AndroidIOBoard\MPLABX\AndroidIOFirmware_pulselength_v11.X\AndroidIO_pulselength_v11.asm
                  j_0_267   0x001ddf    program     static C:\Data\AndroidIOBoard\MPLABX\AndroidIOFirmware_pulselength_v11.X\AndroidIO_pulselength_v11.asm
                  j_0_268   0x001de1    program     static C:\Data\AndroidIOBoard\MPLABX\AndroidIOFirmware_pulselength_v11.X\AndroidIO_pulselength_v11.asm
                  j_0_269   0x001de8    program     static C:\Data\AndroidIOBoard\MPLABX\AndroidIOFirmware_pulselength_v11.X\AndroidIO_pulselength_v11.asm
                   j_0_27   0x0005ae    program     static C:\Data\AndroidIOBoard\MPLABX\AndroidIOFirmware_pulselength_v11.X\AndroidIO_pulselength_v11.asm
                  j_0_270   0x001dea    program     static C:\Data\AndroidIOBoard\MPLABX\AndroidIOFirmware_pulselength_v11.X\AndroidIO_pulselength_v11.asm
                  j_0_271   0x001df6    program     static C:\Data\AndroidIOBoard\MPLABX\AndroidIOFirmware_pulselength_v11.X\AndroidIO_pulselength_v11.asm
                  j_0_272   0x001dfc    program     static C:\Data\AndroidIOBoard\MPLABX\AndroidIOFirmware_pulselength_v11.X\AndroidIO_pulselength_v11.asm
                  j_0_273   0x001e34    program     static C:\Data\AndroidIOBoard\MPLABX\AndroidIOFirmware_pulselength_v11.X\AndroidIO_pulselength_v11.asm
                  j_0_274   0x001e3a    program     static C:\Data\AndroidIOBoard\MPLABX\AndroidIOFirmware_pulselength_v11.X\AndroidIO_pulselength_v11.asm
                  j_0_275   0x001e3c    program     static C:\Data\AndroidIOBoard\MPLABX\AndroidIOFirmware_pulselength_v11.X\AndroidIO_pulselength_v11.asm
                  j_0_276   0x001e43    program     static C:\Data\AndroidIOBoard\MPLABX\AndroidIOFirmware_pulselength_v11.X\AndroidIO_pulselength_v11.asm
                  j_0_277   0x001e45    program     static C:\Data\AndroidIOBoard\MPLABX\AndroidIOFirmware_pulselength_v11.X\AndroidIO_pulselength_v11.asm
                  j_0_278   0x001e4c    program     static C:\Data\AndroidIOBoard\MPLABX\AndroidIOFirmware_pulselength_v11.X\AndroidIO_pulselength_v11.asm
                  j_0_279   0x001e4e    program     static C:\Data\AndroidIOBoard\MPLABX\AndroidIOFirmware_pulselength_v11.X\AndroidIO_pulselength_v11.asm
                   j_0_28   0x0005dd    program     static C:\Data\AndroidIOBoard\MPLABX\AndroidIOFirmware_pulselength_v11.X\AndroidIO_pulselength_v11.asm
                  j_0_280   0x001e55    program     static C:\Data\AndroidIOBoard\MPLABX\AndroidIOFirmware_pulselength_v11.X\AndroidIO_pulselength_v11.asm
                  j_0_281   0x001e57    program     static C:\Data\AndroidIOBoard\MPLABX\AndroidIOFirmware_pulselength_v11.X\AndroidIO_pulselength_v11.asm
                  j_0_282   0x001e60    program     static C:\Data\AndroidIOBoard\MPLABX\AndroidIOFirmware_pulselength_v11.X\AndroidIO_pulselength_v11.asm
                  j_0_283   0x001e62    program     static C:\Data\AndroidIOBoard\MPLABX\AndroidIOFirmware_pulselength_v11.X\AndroidIO_pulselength_v11.asm
                  j_0_284   0x001e69    program     static C:\Data\AndroidIOBoard\MPLABX\AndroidIOFirmware_pulselength_v11.X\AndroidIO_pulselength_v11.asm
                  j_0_285   0x001e6b    program     static C:\Data\AndroidIOBoard\MPLABX\AndroidIOFirmware_pulselength_v11.X\AndroidIO_pulselength_v11.asm
                  j_0_286   0x001e73    program     static C:\Data\AndroidIOBoard\MPLABX\AndroidIOFirmware_pulselength_v11.X\AndroidIO_pulselength_v11.asm
                  j_0_287   0x001e79    program     static C:\Data\AndroidIOBoard\MPLABX\AndroidIOFirmware_pulselength_v11.X\AndroidIO_pulselength_v11.asm
                  j_0_288   0x001e93    program     static C:\Data\AndroidIOBoard\MPLABX\AndroidIOFirmware_pulselength_v11.X\AndroidIO_pulselength_v11.asm
                  j_0_289   0x001eb1    program     static C:\Data\AndroidIOBoard\MPLABX\AndroidIOFirmware_pulselength_v11.X\AndroidIO_pulselength_v11.asm
                   j_0_29   0x0005e4    program     static C:\Data\AndroidIOBoard\MPLABX\AndroidIOFirmware_pulselength_v11.X\AndroidIO_pulselength_v11.asm
                  j_0_290   0x001eb7    program     static C:\Data\AndroidIOBoard\MPLABX\AndroidIOFirmware_pulselength_v11.X\AndroidIO_pulselength_v11.asm
                  j_0_291   0x001ec0    program     static C:\Data\AndroidIOBoard\MPLABX\AndroidIOFirmware_pulselength_v11.X\AndroidIO_pulselength_v11.asm
                  j_0_292   0x001ec9    program     static C:\Data\AndroidIOBoard\MPLABX\AndroidIOFirmware_pulselength_v11.X\AndroidIO_pulselength_v11.asm
                  j_0_293   0x001ed2    program     static C:\Data\AndroidIOBoard\MPLABX\AndroidIOFirmware_pulselength_v11.X\AndroidIO_pulselength_v11.asm
                  j_0_294   0x001ede    program     static C:\Data\AndroidIOBoard\MPLABX\AndroidIOFirmware_pulselength_v11.X\AndroidIO_pulselength_v11.asm
                  j_0_295   0x001ee7    program     static C:\Data\AndroidIOBoard\MPLABX\AndroidIOFirmware_pulselength_v11.X\AndroidIO_pulselength_v11.asm
                  j_0_296   0x001ef3    program     static C:\Data\AndroidIOBoard\MPLABX\AndroidIOFirmware_pulselength_v11.X\AndroidIO_pulselength_v11.asm
                  j_0_297   0x001f1e    program     static C:\Data\AndroidIOBoard\MPLABX\AndroidIOFirmware_pulselength_v11.X\AndroidIO_pulselength_v11.asm
                  j_0_298   0x001f35    program     static C:\Data\AndroidIOBoard\MPLABX\AndroidIOFirmware_pulselength_v11.X\AndroidIO_pulselength_v11.asm
                  j_0_299   0x001f3e    program     static C:\Data\AndroidIOBoard\MPLABX\AndroidIOFirmware_pulselength_v11.X\AndroidIO_pulselength_v11.asm
                    j_0_3   0x00035f    program     static C:\Data\AndroidIOBoard\MPLABX\AndroidIOFirmware_pulselength_v11.X\AndroidIO_pulselength_v11.asm
                   j_0_30   0x0005ea    program     static C:\Data\AndroidIOBoard\MPLABX\AndroidIOFirmware_pulselength_v11.X\AndroidIO_pulselength_v11.asm
                  j_0_300   0x001f63    program     static C:\Data\AndroidIOBoard\MPLABX\AndroidIOFirmware_pulselength_v11.X\AndroidIO_pulselength_v11.asm
                  j_0_301   0x001f85    program     static C:\Data\AndroidIOBoard\MPLABX\AndroidIOFirmware_pulselength_v11.X\AndroidIO_pulselength_v11.asm
                  j_0_302   0x001fad    program     static C:\Data\AndroidIOBoard\MPLABX\AndroidIOFirmware_pulselength_v11.X\AndroidIO_pulselength_v11.asm
                  j_0_303   0x001fc3    program     static C:\Data\AndroidIOBoard\MPLABX\AndroidIOFirmware_pulselength_v11.X\AndroidIO_pulselength_v11.asm
                  j_0_304   0x001fcf    program     static C:\Data\AndroidIOBoard\MPLABX\AndroidIOFirmware_pulselength_v11.X\AndroidIO_pulselength_v11.asm
                  j_0_305   0x001fe9    program     static C:\Data\AndroidIOBoard\MPLABX\AndroidIOFirmware_pulselength_v11.X\AndroidIO_pulselength_v11.asm
                  j_0_306   0x001ff5    program     static C:\Data\AndroidIOBoard\MPLABX\AndroidIOFirmware_pulselength_v11.X\AndroidIO_pulselength_v11.asm
                  j_0_307   0x00200f    program     static C:\Data\AndroidIOBoard\MPLABX\AndroidIOFirmware_pulselength_v11.X\AndroidIO_pulselength_v11.asm
                  j_0_308   0x00201b    program     static C:\Data\AndroidIOBoard\MPLABX\AndroidIOFirmware_pulselength_v11.X\AndroidIO_pulselength_v11.asm
                  j_0_309   0x002035    program     static C:\Data\AndroidIOBoard\MPLABX\AndroidIOFirmware_pulselength_v11.X\AndroidIO_pulselength_v11.asm
                   j_0_31   0x000615    program     static C:\Data\AndroidIOBoard\MPLABX\AndroidIOFirmware_pulselength_v11.X\AndroidIO_pulselength_v11.asm
                  j_0_310   0x002041    program     static C:\Data\AndroidIOBoard\MPLABX\AndroidIOFirmware_pulselength_v11.X\AndroidIO_pulselength_v11.asm
                  j_0_311   0x00205b    program     static C:\Data\AndroidIOBoard\MPLABX\AndroidIOFirmware_pulselength_v11.X\AndroidIO_pulselength_v11.asm
                  j_0_312   0x002067    program     static C:\Data\AndroidIOBoard\MPLABX\AndroidIOFirmware_pulselength_v11.X\AndroidIO_pulselength_v11.asm
                  j_0_313   0x002081    program     static C:\Data\AndroidIOBoard\MPLABX\AndroidIOFirmware_pulselength_v11.X\AndroidIO_pulselength_v11.asm
                  j_0_314   0x00208d    program     static C:\Data\AndroidIOBoard\MPLABX\AndroidIOFirmware_pulselength_v11.X\AndroidIO_pulselength_v11.asm
                  j_0_315   0x0020a7    program     static C:\Data\AndroidIOBoard\MPLABX\AndroidIOFirmware_pulselength_v11.X\AndroidIO_pulselength_v11.asm
                  j_0_316   0x0020b3    program     static C:\Data\AndroidIOBoard\MPLABX\AndroidIOFirmware_pulselength_v11.X\AndroidIO_pulselength_v11.asm
                  j_0_317   0x0020cd    program     static C:\Data\AndroidIOBoard\MPLABX\AndroidIOFirmware_pulselength_v11.X\AndroidIO_pulselength_v11.asm
                  j_0_318   0x0020d9    program     static C:\Data\AndroidIOBoard\MPLABX\AndroidIOFirmware_pulselength_v11.X\AndroidIO_pulselength_v11.asm
                  j_0_319   0x0020ed    program     static C:\Data\AndroidIOBoard\MPLABX\AndroidIOFirmware_pulselength_v11.X\AndroidIO_pulselength_v11.asm
                   j_0_32   0x000644    program     static C:\Data\AndroidIOBoard\MPLABX\AndroidIOFirmware_pulselength_v11.X\AndroidIO_pulselength_v11.asm
                  j_0_320   0x0020fb    program     static C:\Data\AndroidIOBoard\MPLABX\AndroidIOFirmware_pulselength_v11.X\AndroidIO_pulselength_v11.asm
                  j_0_321   0x002107    program     static C:\Data\AndroidIOBoard\MPLABX\AndroidIOFirmware_pulselength_v11.X\AndroidIO_pulselength_v11.asm
                  j_0_322   0x00210f    program     static C:\Data\AndroidIOBoard\MPLABX\AndroidIOFirmware_pulselength_v11.X\AndroidIO_pulselength_v11.asm
                  j_0_323   0x0024e0    program     static C:\Data\AndroidIOBoard\MPLABX\AndroidIOFirmware_pulselength_v11.X\AndroidIO_pulselength_v11.asm
                  j_0_324   0x0024e6    program     static C:\Data\AndroidIOBoard\MPLABX\AndroidIOFirmware_pulselength_v11.X\AndroidIO_pulselength_v11.asm
                  j_0_325   0x0024f0    program     static C:\Data\AndroidIOBoard\MPLABX\AndroidIOFirmware_pulselength_v11.X\AndroidIO_pulselength_v11.asm
                  j_0_326   0x00250b    program     static C:\Data\AndroidIOBoard\MPLABX\AndroidIOFirmware_pulselength_v11.X\AndroidIO_pulselength_v11.asm
                  j_0_327   0x002519    program     static C:\Data\AndroidIOBoard\MPLABX\AndroidIOFirmware_pulselength_v11.X\AndroidIO_pulselength_v11.asm
                  j_0_328   0x002522    program     static C:\Data\AndroidIOBoard\MPLABX\AndroidIOFirmware_pulselength_v11.X\AndroidIO_pulselength_v11.asm
                  j_0_329   0x00252e    program     static C:\Data\AndroidIOBoard\MPLABX\AndroidIOFirmware_pulselength_v11.X\AndroidIO_pulselength_v11.asm
                   j_0_33   0x00064b    program     static C:\Data\AndroidIOBoard\MPLABX\AndroidIOFirmware_pulselength_v11.X\AndroidIO_pulselength_v11.asm
                  j_0_330   0x002542    program     static C:\Data\AndroidIOBoard\MPLABX\AndroidIOFirmware_pulselength_v11.X\AndroidIO_pulselength_v11.asm
                  j_0_331   0x002548    program     static C:\Data\AndroidIOBoard\MPLABX\AndroidIOFirmware_pulselength_v11.X\AndroidIO_pulselength_v11.asm
                  j_0_332   0x002556    program     static C:\Data\AndroidIOBoard\MPLABX\AndroidIOFirmware_pulselength_v11.X\AndroidIO_pulselength_v11.asm
                  j_0_333   0x00256e    program     static C:\Data\AndroidIOBoard\MPLABX\AndroidIOFirmware_pulselength_v11.X\AndroidIO_pulselength_v11.asm
                  j_0_334   0x002570    program     static C:\Data\AndroidIOBoard\MPLABX\AndroidIOFirmware_pulselength_v11.X\AndroidIO_pulselength_v11.asm
                  j_0_335   0x002577    program     static C:\Data\AndroidIOBoard\MPLABX\AndroidIOFirmware_pulselength_v11.X\AndroidIO_pulselength_v11.asm
                  j_0_336   0x002579    program     static C:\Data\AndroidIOBoard\MPLABX\AndroidIOFirmware_pulselength_v11.X\AndroidIO_pulselength_v11.asm
                  j_0_337   0x002586    program     static C:\Data\AndroidIOBoard\MPLABX\AndroidIOFirmware_pulselength_v11.X\AndroidIO_pulselength_v11.asm
                  j_0_338   0x00258c    program     static C:\Data\AndroidIOBoard\MPLABX\AndroidIOFirmware_pulselength_v11.X\AndroidIO_pulselength_v11.asm
                  j_0_339   0x002592    program     static C:\Data\AndroidIOBoard\MPLABX\AndroidIOFirmware_pulselength_v11.X\AndroidIO_pulselength_v11.asm
                   j_0_34   0x000651    program     static C:\Data\AndroidIOBoard\MPLABX\AndroidIOFirmware_pulselength_v11.X\AndroidIO_pulselength_v11.asm
                  j_0_340   0x0025a2    program     static C:\Data\AndroidIOBoard\MPLABX\AndroidIOFirmware_pulselength_v11.X\AndroidIO_pulselength_v11.asm
                  j_0_341   0x0025b0    program     static C:\Data\AndroidIOBoard\MPLABX\AndroidIOFirmware_pulselength_v11.X\AndroidIO_pulselength_v11.asm
                  j_0_342   0x0025b6    program     static C:\Data\AndroidIOBoard\MPLABX\AndroidIOFirmware_pulselength_v11.X\AndroidIO_pulselength_v11.asm
                  j_0_343   0x0025bc    program     static C:\Data\AndroidIOBoard\MPLABX\AndroidIOFirmware_pulselength_v11.X\AndroidIO_pulselength_v11.asm
                  j_0_344   0x0025cc    program     static C:\Data\AndroidIOBoard\MPLABX\AndroidIOFirmware_pulselength_v11.X\AndroidIO_pulselength_v11.asm
                  j_0_345   0x0025dc    program     static C:\Data\AndroidIOBoard\MPLABX\AndroidIOFirmware_pulselength_v11.X\AndroidIO_pulselength_v11.asm
                  j_0_346   0x0025e2    program     static C:\Data\AndroidIOBoard\MPLABX\AndroidIOFirmware_pulselength_v11.X\AndroidIO_pulselength_v11.asm
                  j_0_347   0x0025f1    program     static C:\Data\AndroidIOBoard\MPLABX\AndroidIOFirmware_pulselength_v11.X\AndroidIO_pulselength_v11.asm
                  j_0_348   0x002600    program     static C:\Data\AndroidIOBoard\MPLABX\AndroidIOFirmware_pulselength_v11.X\AndroidIO_pulselength_v11.asm
                  j_0_349   0x002606    program     static C:\Data\AndroidIOBoard\MPLABX\AndroidIOFirmware_pulselength_v11.X\AndroidIO_pulselength_v11.asm
                   j_0_35   0x00067c    program     static C:\Data\AndroidIOBoard\MPLABX\AndroidIOFirmware_pulselength_v11.X\AndroidIO_pulselength_v11.asm
                  j_0_350   0x002616    program     static C:\Data\AndroidIOBoard\MPLABX\AndroidIOFirmware_pulselength_v11.X\AndroidIO_pulselength_v11.asm
                  j_0_351   0x002624    program     static C:\Data\AndroidIOBoard\MPLABX\AndroidIOFirmware_pulselength_v11.X\AndroidIO_pulselength_v11.asm
                  j_0_352   0x00262a    program     static C:\Data\AndroidIOBoard\MPLABX\AndroidIOFirmware_pulselength_v11.X\AndroidIO_pulselength_v11.asm
                  j_0_353   0x002630    program     static C:\Data\AndroidIOBoard\MPLABX\AndroidIOFirmware_pulselength_v11.X\AndroidIO_pulselength_v11.asm
                  j_0_354   0x002640    program     static C:\Data\AndroidIOBoard\MPLABX\AndroidIOFirmware_pulselength_v11.X\AndroidIO_pulselength_v11.asm
                  j_0_355   0x002650    program     static C:\Data\AndroidIOBoard\MPLABX\AndroidIOFirmware_pulselength_v11.X\AndroidIO_pulselength_v11.asm
                  j_0_356   0x002656    program     static C:\Data\AndroidIOBoard\MPLABX\AndroidIOFirmware_pulselength_v11.X\AndroidIO_pulselength_v11.asm
                  j_0_357   0x002665    program     static C:\Data\AndroidIOBoard\MPLABX\AndroidIOFirmware_pulselength_v11.X\AndroidIO_pulselength_v11.asm
                  j_0_358   0x002674    program     static C:\Data\AndroidIOBoard\MPLABX\AndroidIOFirmware_pulselength_v11.X\AndroidIO_pulselength_v11.asm
                  j_0_359   0x00267a    program     static C:\Data\AndroidIOBoard\MPLABX\AndroidIOFirmware_pulselength_v11.X\AndroidIO_pulselength_v11.asm
                   j_0_36   0x0006ab    program     static C:\Data\AndroidIOBoard\MPLABX\AndroidIOFirmware_pulselength_v11.X\AndroidIO_pulselength_v11.asm
                  j_0_360   0x002680    program     static C:\Data\AndroidIOBoard\MPLABX\AndroidIOFirmware_pulselength_v11.X\AndroidIO_pulselength_v11.asm
                  j_0_361   0x002690    program     static C:\Data\AndroidIOBoard\MPLABX\AndroidIOFirmware_pulselength_v11.X\AndroidIO_pulselength_v11.asm
                  j_0_362   0x0026a0    program     static C:\Data\AndroidIOBoard\MPLABX\AndroidIOFirmware_pulselength_v11.X\AndroidIO_pulselength_v11.asm
                  j_0_363   0x0026a6    program     static C:\Data\AndroidIOBoard\MPLABX\AndroidIOFirmware_pulselength_v11.X\AndroidIO_pulselength_v11.asm
                  j_0_364   0x0026b5    program     static C:\Data\AndroidIOBoard\MPLABX\AndroidIOFirmware_pulselength_v11.X\AndroidIO_pulselength_v11.asm
                  j_0_365   0x002705    program     static C:\Data\AndroidIOBoard\MPLABX\AndroidIOFirmware_pulselength_v11.X\AndroidIO_pulselength_v11.asm
                  j_0_366   0x002710    program     static C:\Data\AndroidIOBoard\MPLABX\AndroidIOFirmware_pulselength_v11.X\AndroidIO_pulselength_v11.asm
                  j_0_367   0x00271b    program     static C:\Data\AndroidIOBoard\MPLABX\AndroidIOFirmware_pulselength_v11.X\AndroidIO_pulselength_v11.asm
                  j_0_368   0x002726    program     static C:\Data\AndroidIOBoard\MPLABX\AndroidIOFirmware_pulselength_v11.X\AndroidIO_pulselength_v11.asm
                  j_0_369   0x002731    program     static C:\Data\AndroidIOBoard\MPLABX\AndroidIOFirmware_pulselength_v11.X\AndroidIO_pulselength_v11.asm
                   j_0_37   0x0006b2    program     static C:\Data\AndroidIOBoard\MPLABX\AndroidIOFirmware_pulselength_v11.X\AndroidIO_pulselength_v11.asm
                  j_0_370   0x00273c    program     static C:\Data\AndroidIOBoard\MPLABX\AndroidIOFirmware_pulselength_v11.X\AndroidIO_pulselength_v11.asm
                  j_0_371   0x002747    program     static C:\Data\AndroidIOBoard\MPLABX\AndroidIOFirmware_pulselength_v11.X\AndroidIO_pulselength_v11.asm
                  j_0_372   0x002752    program     static C:\Data\AndroidIOBoard\MPLABX\AndroidIOFirmware_pulselength_v11.X\AndroidIO_pulselength_v11.asm
                  j_0_373   0x0027b4    program     static C:\Data\AndroidIOBoard\MPLABX\AndroidIOFirmware_pulselength_v11.X\AndroidIO_pulselength_v11.asm
                  j_0_374   0x0027d8    program     static C:\Data\AndroidIOBoard\MPLABX\AndroidIOFirmware_pulselength_v11.X\AndroidIO_pulselength_v11.asm
                  j_0_375   0x002800    program     static C:\Data\AndroidIOBoard\MPLABX\AndroidIOFirmware_pulselength_v11.X\AndroidIO_pulselength_v11.asm
                  j_0_376   0x002811    program     static C:\Data\AndroidIOBoard\MPLABX\AndroidIOFirmware_pulselength_v11.X\AndroidIO_pulselength_v11.asm
                  j_0_377   0x002834    program     static C:\Data\AndroidIOBoard\MPLABX\AndroidIOFirmware_pulselength_v11.X\AndroidIO_pulselength_v11.asm
                  j_0_378   0x00284b    program     static C:\Data\AndroidIOBoard\MPLABX\AndroidIOFirmware_pulselength_v11.X\AndroidIO_pulselength_v11.asm
                  j_0_379   0x002851    program     static C:\Data\AndroidIOBoard\MPLABX\AndroidIOFirmware_pulselength_v11.X\AndroidIO_pulselength_v11.asm
                   j_0_38   0x0006b8    program     static C:\Data\AndroidIOBoard\MPLABX\AndroidIOFirmware_pulselength_v11.X\AndroidIO_pulselength_v11.asm
                  j_0_380   0x002857    program     static C:\Data\AndroidIOBoard\MPLABX\AndroidIOFirmware_pulselength_v11.X\AndroidIO_pulselength_v11.asm
                  j_0_381   0x002873    program     static C:\Data\AndroidIOBoard\MPLABX\AndroidIOFirmware_pulselength_v11.X\AndroidIO_pulselength_v11.asm
                  j_0_382   0x00288f    program     static C:\Data\AndroidIOBoard\MPLABX\AndroidIOFirmware_pulselength_v11.X\AndroidIO_pulselength_v11.asm
                  j_0_383   0x002895    program     static C:\Data\AndroidIOBoard\MPLABX\AndroidIOFirmware_pulselength_v11.X\AndroidIO_pulselength_v11.asm
                  j_0_384   0x0028b1    program     static C:\Data\AndroidIOBoard\MPLABX\AndroidIOFirmware_pulselength_v11.X\AndroidIO_pulselength_v11.asm
                  j_0_385   0x0028e2    program     static C:\Data\AndroidIOBoard\MPLABX\AndroidIOFirmware_pulselength_v11.X\AndroidIO_pulselength_v11.asm
                  j_0_386   0x0028e8    program     static C:\Data\AndroidIOBoard\MPLABX\AndroidIOFirmware_pulselength_v11.X\AndroidIO_pulselength_v11.asm
                  j_0_387   0x002910    program     static C:\Data\AndroidIOBoard\MPLABX\AndroidIOFirmware_pulselength_v11.X\AndroidIO_pulselength_v11.asm
                  j_0_388   0x002951    program     static C:\Data\AndroidIOBoard\MPLABX\AndroidIOFirmware_pulselength_v11.X\AndroidIO_pulselength_v11.asm
                  j_0_389   0x002965    program     static C:\Data\AndroidIOBoard\MPLABX\AndroidIOFirmware_pulselength_v11.X\AndroidIO_pulselength_v11.asm
                   j_0_39   0x0006e3    program     static C:\Data\AndroidIOBoard\MPLABX\AndroidIOFirmware_pulselength_v11.X\AndroidIO_pulselength_v11.asm
                  j_0_390   0x0029b9    program     static C:\Data\AndroidIOBoard\MPLABX\AndroidIOFirmware_pulselength_v11.X\AndroidIO_pulselength_v11.asm
                  j_0_391   0x002a42    program     static C:\Data\AndroidIOBoard\MPLABX\AndroidIOFirmware_pulselength_v11.X\AndroidIO_pulselength_v11.asm
                  j_0_392   0x002a7b    program     static C:\Data\AndroidIOBoard\MPLABX\AndroidIOFirmware_pulselength_v11.X\AndroidIO_pulselength_v11.asm
                  j_0_393   0x002a8d    program     static C:\Data\AndroidIOBoard\MPLABX\AndroidIOFirmware_pulselength_v11.X\AndroidIO_pulselength_v11.asm
                  j_0_394   0x002abd    program     static C:\Data\AndroidIOBoard\MPLABX\AndroidIOFirmware_pulselength_v11.X\AndroidIO_pulselength_v11.asm
                  j_0_395   0x002ae2    program     static C:\Data\AndroidIOBoard\MPLABX\AndroidIOFirmware_pulselength_v11.X\AndroidIO_pulselength_v11.asm
                  j_0_396   0x002af8    program     static C:\Data\AndroidIOBoard\MPLABX\AndroidIOFirmware_pulselength_v11.X\AndroidIO_pulselength_v11.asm
                  j_0_397   0x002b24    program     static C:\Data\AndroidIOBoard\MPLABX\AndroidIOFirmware_pulselength_v11.X\AndroidIO_pulselength_v11.asm
                  j_0_398   0x002b3b    program     static C:\Data\AndroidIOBoard\MPLABX\AndroidIOFirmware_pulselength_v11.X\AndroidIO_pulselength_v11.asm
                  j_0_399   0x002b65    program     static C:\Data\AndroidIOBoard\MPLABX\AndroidIOFirmware_pulselength_v11.X\AndroidIO_pulselength_v11.asm
                    j_0_4   0x000391    program     static C:\Data\AndroidIOBoard\MPLABX\AndroidIOFirmware_pulselength_v11.X\AndroidIO_pulselength_v11.asm
                   j_0_40   0x000712    program     static C:\Data\AndroidIOBoard\MPLABX\AndroidIOFirmware_pulselength_v11.X\AndroidIO_pulselength_v11.asm
                  j_0_400   0x002b84    program     static C:\Data\AndroidIOBoard\MPLABX\AndroidIOFirmware_pulselength_v11.X\AndroidIO_pulselength_v11.asm
                  j_0_401   0x002b95    program     static C:\Data\AndroidIOBoard\MPLABX\AndroidIOFirmware_pulselength_v11.X\AndroidIO_pulselength_v11.asm
                  j_0_402   0x002bdc    program     static C:\Data\AndroidIOBoard\MPLABX\AndroidIOFirmware_pulselength_v11.X\AndroidIO_pulselength_v11.asm
                  j_0_403   0x002bf8    program     static C:\Data\AndroidIOBoard\MPLABX\AndroidIOFirmware_pulselength_v11.X\AndroidIO_pulselength_v11.asm
                  j_0_404   0x002c06    program     static C:\Data\AndroidIOBoard\MPLABX\AndroidIOFirmware_pulselength_v11.X\AndroidIO_pulselength_v11.asm
                  j_0_405   0x002c14    program     static C:\Data\AndroidIOBoard\MPLABX\AndroidIOFirmware_pulselength_v11.X\AndroidIO_pulselength_v11.asm
                  j_0_406   0x002c22    program     static C:\Data\AndroidIOBoard\MPLABX\AndroidIOFirmware_pulselength_v11.X\AndroidIO_pulselength_v11.asm
                  j_0_407   0x002c2b    program     static C:\Data\AndroidIOBoard\MPLABX\AndroidIOFirmware_pulselength_v11.X\AndroidIO_pulselength_v11.asm
                  j_0_408   0x002c34    program     static C:\Data\AndroidIOBoard\MPLABX\AndroidIOFirmware_pulselength_v11.X\AndroidIO_pulselength_v11.asm
                  j_0_409   0x002c3f    program     static C:\Data\AndroidIOBoard\MPLABX\AndroidIOFirmware_pulselength_v11.X\AndroidIO_pulselength_v11.asm
                   j_0_41   0x000719    program     static C:\Data\AndroidIOBoard\MPLABX\AndroidIOFirmware_pulselength_v11.X\AndroidIO_pulselength_v11.asm
                  j_0_410   0x002c48    program     static C:\Data\AndroidIOBoard\MPLABX\AndroidIOFirmware_pulselength_v11.X\AndroidIO_pulselength_v11.asm
                  j_0_411   0x002c53    program     static C:\Data\AndroidIOBoard\MPLABX\AndroidIOFirmware_pulselength_v11.X\AndroidIO_pulselength_v11.asm
                  j_0_412   0x002c98    program     static C:\Data\AndroidIOBoard\MPLABX\AndroidIOFirmware_pulselength_v11.X\AndroidIO_pulselength_v11.asm
                  j_0_413   0x002ca0    program     static C:\Data\AndroidIOBoard\MPLABX\AndroidIOFirmware_pulselength_v11.X\AndroidIO_pulselength_v11.asm
                  j_0_414   0x002ca8    program     static C:\Data\AndroidIOBoard\MPLABX\AndroidIOFirmware_pulselength_v11.X\AndroidIO_pulselength_v11.asm
                  j_0_415   0x002cb0    program     static C:\Data\AndroidIOBoard\MPLABX\AndroidIOFirmware_pulselength_v11.X\AndroidIO_pulselength_v11.asm
                  j_0_416   0x002cb8    program     static C:\Data\AndroidIOBoard\MPLABX\AndroidIOFirmware_pulselength_v11.X\AndroidIO_pulselength_v11.asm
                  j_0_417   0x002cc0    program     static C:\Data\AndroidIOBoard\MPLABX\AndroidIOFirmware_pulselength_v11.X\AndroidIO_pulselength_v11.asm
                  j_0_418   0x002cc8    program     static C:\Data\AndroidIOBoard\MPLABX\AndroidIOFirmware_pulselength_v11.X\AndroidIO_pulselength_v11.asm
                  j_0_419   0x002cd0    program     static C:\Data\AndroidIOBoard\MPLABX\AndroidIOFirmware_pulselength_v11.X\AndroidIO_pulselength_v11.asm
                   j_0_42   0x00071f    program     static C:\Data\AndroidIOBoard\MPLABX\AndroidIOFirmware_pulselength_v11.X\AndroidIO_pulselength_v11.asm
                  j_0_420   0x002cd8    program     static C:\Data\AndroidIOBoard\MPLABX\AndroidIOFirmware_pulselength_v11.X\AndroidIO_pulselength_v11.asm
                  j_0_421   0x002ce0    program     static C:\Data\AndroidIOBoard\MPLABX\AndroidIOFirmware_pulselength_v11.X\AndroidIO_pulselength_v11.asm
                  j_0_422   0x002ce8    program     static C:\Data\AndroidIOBoard\MPLABX\AndroidIOFirmware_pulselength_v11.X\AndroidIO_pulselength_v11.asm
                  j_0_423   0x002cf0    program     static C:\Data\AndroidIOBoard\MPLABX\AndroidIOFirmware_pulselength_v11.X\AndroidIO_pulselength_v11.asm
                  j_0_424   0x002cf8    program     static C:\Data\AndroidIOBoard\MPLABX\AndroidIOFirmware_pulselength_v11.X\AndroidIO_pulselength_v11.asm
                  j_0_425   0x002d00    program     static C:\Data\AndroidIOBoard\MPLABX\AndroidIOFirmware_pulselength_v11.X\AndroidIO_pulselength_v11.asm
                  j_0_426   0x002d08    program     static C:\Data\AndroidIOBoard\MPLABX\AndroidIOFirmware_pulselength_v11.X\AndroidIO_pulselength_v11.asm
                  j_0_427   0x002d10    program     static C:\Data\AndroidIOBoard\MPLABX\AndroidIOFirmware_pulselength_v11.X\AndroidIO_pulselength_v11.asm
                  j_0_428   0x002d18    program     static C:\Data\AndroidIOBoard\MPLABX\AndroidIOFirmware_pulselength_v11.X\AndroidIO_pulselength_v11.asm
                  j_0_429   0x002d20    program     static C:\Data\AndroidIOBoard\MPLABX\AndroidIOFirmware_pulselength_v11.X\AndroidIO_pulselength_v11.asm
                   j_0_43   0x00074a    program     static C:\Data\AndroidIOBoard\MPLABX\AndroidIOFirmware_pulselength_v11.X\AndroidIO_pulselength_v11.asm
                  j_0_430   0x002d28    program     static C:\Data\AndroidIOBoard\MPLABX\AndroidIOFirmware_pulselength_v11.X\AndroidIO_pulselength_v11.asm
                  j_0_431   0x002d30    program     static C:\Data\AndroidIOBoard\MPLABX\AndroidIOFirmware_pulselength_v11.X\AndroidIO_pulselength_v11.asm
                  j_0_432   0x002d38    program     static C:\Data\AndroidIOBoard\MPLABX\AndroidIOFirmware_pulselength_v11.X\AndroidIO_pulselength_v11.asm
                  j_0_433   0x002d40    program     static C:\Data\AndroidIOBoard\MPLABX\AndroidIOFirmware_pulselength_v11.X\AndroidIO_pulselength_v11.asm
                  j_0_434   0x002d48    program     static C:\Data\AndroidIOBoard\MPLABX\AndroidIOFirmware_pulselength_v11.X\AndroidIO_pulselength_v11.asm
                  j_0_435   0x002d50    program     static C:\Data\AndroidIOBoard\MPLABX\AndroidIOFirmware_pulselength_v11.X\AndroidIO_pulselength_v11.asm
                  j_0_436   0x002d58    program     static C:\Data\AndroidIOBoard\MPLABX\AndroidIOFirmware_pulselength_v11.X\AndroidIO_pulselength_v11.asm
                  j_0_437   0x002d60    program     static C:\Data\AndroidIOBoard\MPLABX\AndroidIOFirmware_pulselength_v11.X\AndroidIO_pulselength_v11.asm
                  j_0_438   0x002d68    program     static C:\Data\AndroidIOBoard\MPLABX\AndroidIOFirmware_pulselength_v11.X\AndroidIO_pulselength_v11.asm
                  j_0_439   0x002d70    program     static C:\Data\AndroidIOBoard\MPLABX\AndroidIOFirmware_pulselength_v11.X\AndroidIO_pulselength_v11.asm
                   j_0_44   0x000773    program     static C:\Data\AndroidIOBoard\MPLABX\AndroidIOFirmware_pulselength_v11.X\AndroidIO_pulselength_v11.asm
                  j_0_440   0x002d78    program     static C:\Data\AndroidIOBoard\MPLABX\AndroidIOFirmware_pulselength_v11.X\AndroidIO_pulselength_v11.asm
                  j_0_441   0x002d80    program     static C:\Data\AndroidIOBoard\MPLABX\AndroidIOFirmware_pulselength_v11.X\AndroidIO_pulselength_v11.asm
                  j_0_442   0x002db5    program     static C:\Data\AndroidIOBoard\MPLABX\AndroidIOFirmware_pulselength_v11.X\AndroidIO_pulselength_v11.asm
                  j_0_443   0x002dbe    program     static C:\Data\AndroidIOBoard\MPLABX\AndroidIOFirmware_pulselength_v11.X\AndroidIO_pulselength_v11.asm
                  j_0_444   0x002dc7    program     static C:\Data\AndroidIOBoard\MPLABX\AndroidIOFirmware_pulselength_v11.X\AndroidIO_pulselength_v11.asm
                  j_0_445   0x002dd3    program     static C:\Data\AndroidIOBoard\MPLABX\AndroidIOFirmware_pulselength_v11.X\AndroidIO_pulselength_v11.asm
                  j_0_446   0x002ddc    program     static C:\Data\AndroidIOBoard\MPLABX\AndroidIOFirmware_pulselength_v11.X\AndroidIO_pulselength_v11.asm
                  j_0_447   0x002de8    program     static C:\Data\AndroidIOBoard\MPLABX\AndroidIOFirmware_pulselength_v11.X\AndroidIO_pulselength_v11.asm
                  j_0_448   0x002df9    program     static C:\Data\AndroidIOBoard\MPLABX\AndroidIOFirmware_pulselength_v11.X\AndroidIO_pulselength_v11.asm
                  j_0_449   0x002e23    program     static C:\Data\AndroidIOBoard\MPLABX\AndroidIOFirmware_pulselength_v11.X\AndroidIO_pulselength_v11.asm
                   j_0_45   0x00077e    program     static C:\Data\AndroidIOBoard\MPLABX\AndroidIOFirmware_pulselength_v11.X\AndroidIO_pulselength_v11.asm
                  j_0_450   0x002e31    program     static C:\Data\AndroidIOBoard\MPLABX\AndroidIOFirmware_pulselength_v11.X\AndroidIO_pulselength_v11.asm
                  j_0_451   0x002e6b    program     static C:\Data\AndroidIOBoard\MPLABX\AndroidIOFirmware_pulselength_v11.X\AndroidIO_pulselength_v11.asm
                  j_0_452   0x002e76    program     static C:\Data\AndroidIOBoard\MPLABX\AndroidIOFirmware_pulselength_v11.X\AndroidIO_pulselength_v11.asm
                  j_0_453   0x002e91    program     static C:\Data\AndroidIOBoard\MPLABX\AndroidIOFirmware_pulselength_v11.X\AndroidIO_pulselength_v11.asm
                  j_0_454   0x002ea9    program     static C:\Data\AndroidIOBoard\MPLABX\AndroidIOFirmware_pulselength_v11.X\AndroidIO_pulselength_v11.asm
                  j_0_455   0x002f0d    program     static C:\Data\AndroidIOBoard\MPLABX\AndroidIOFirmware_pulselength_v11.X\AndroidIO_pulselength_v11.asm
                  j_0_456   0x002f43    program     static C:\Data\AndroidIOBoard\MPLABX\AndroidIOFirmware_pulselength_v11.X\AndroidIO_pulselength_v11.asm
                  j_0_457   0x002f7c    program     static C:\Data\AndroidIOBoard\MPLABX\AndroidIOFirmware_pulselength_v11.X\AndroidIO_pulselength_v11.asm
                  j_0_458   0x002fa0    program     static C:\Data\AndroidIOBoard\MPLABX\AndroidIOFirmware_pulselength_v11.X\AndroidIO_pulselength_v11.asm
                  j_0_459   0x002fe4    program     static C:\Data\AndroidIOBoard\MPLABX\AndroidIOFirmware_pulselength_v11.X\AndroidIO_pulselength_v11.asm
                   j_0_46   0x000794    program     static C:\Data\AndroidIOBoard\MPLABX\AndroidIOFirmware_pulselength_v11.X\AndroidIO_pulselength_v11.asm
                  j_0_460   0x002ff6    program     static C:\Data\AndroidIOBoard\MPLABX\AndroidIOFirmware_pulselength_v11.X\AndroidIO_pulselength_v11.asm
                  j_0_461   0x003019    program     static C:\Data\AndroidIOBoard\MPLABX\AndroidIOFirmware_pulselength_v11.X\AndroidIO_pulselength_v11.asm
                  j_0_462   0x003035    program     static C:\Data\AndroidIOBoard\MPLABX\AndroidIOFirmware_pulselength_v11.X\AndroidIO_pulselength_v11.asm
                  j_0_463   0x00309e    program     static C:\Data\AndroidIOBoard\MPLABX\AndroidIOFirmware_pulselength_v11.X\AndroidIO_pulselength_v11.asm
[...]
                lab_2_210   0x0035c0    program     static C:\Data\AndroidIOBoard\MPLABX\AndroidIOFirmware_pulselength_v11.X\AndroidIO_pulselength_v11.asm
                lab_2_211   0x0035c2    program     static C:\Data\AndroidIOBoard\MPLABX\AndroidIOFirmware_pulselength_v11.X\AndroidIO_pulselength_v11.asm
                    dame1   0x0035c4    program     static C:\Data\AndroidIOBoard\MPLABX\AndroidIOFirmware_pulselength_v11.X\AndroidIO_pulselength_v11.asm
                lab_1_298   0x0035c4    program     static C:\Data\AndroidIOBoard\MPLABX\AndroidIOFirmware_pulselength_v11.X\AndroidIO_pulselength_v11.asm
                  j_0_515   0x0035ca    program     static C:\Data\AndroidIOBoard\MPLABX\AndroidIOFirmware_pulselength_v11.X\AndroidIO_pulselength_v11.asm
                lab_1_299   0x0035d8    program     static C:\Data\AndroidIOBoard\MPLABX\AndroidIOFirmware_pulselength_v11.X\AndroidIO_pulselength_v11.asm
                  j_0_516   0x0035fd    program     static C:\Data\AndroidIOBoard\MPLABX\AndroidIOFirmware_pulselength_v11.X\AndroidIO_pulselength_v11.asm
                lab_2_212   0x0035ff    program     static C:\Data\AndroidIOBoard\MPLABX\AndroidIOFirmware_pulselength_v11.X\AndroidIO_pulselength_v11.asm
                lab_2_213   0x003606    program     static C:\Data\AndroidIOBoard\MPLABX\AndroidIOFirmware_pulselength_v11.X\AndroidIO_pulselength_v11.asm
                lab_4_109   0x00361d    program     static C:\Data\AndroidIOBoard\MPLABX\AndroidIOFirmware_pulselength_v11.X\AndroidIO_pulselength_v11.asm
                    dame4   0x003624    program     static C:\Data\AndroidIOBoard\MPLABX\AndroidIOFirmware_pulselength_v11.X\AndroidIO_pulselength_v11.asm
                   k_0_10   0x003639    program     static C:\Data\AndroidIOBoard\MPLABX\AndroidIOFirmware_pulselength_v11.X\AndroidIO_pulselength_v11.asm
                  j_0_517   0x003673    program     static C:\Data\AndroidIOBoard\MPLABX\AndroidIOFirmware_pulselength_v11.X\AndroidIO_pulselength_v11.asm
                 lab_5_52   0x003675    program     static C:\Data\AndroidIOBoard\MPLABX\AndroidIOFirmware_pulselength_v11.X\AndroidIO_pulselength_v11.asm
                 lab_5_53   0x00367c    program     static C:\Data\AndroidIOBoard\MPLABX\AndroidIOFirmware_pulselength_v11.X\AndroidIO_pulselength_v11.asm
                  j_0_518   0x00368f    program     static C:\Data\AndroidIOBoard\MPLABX\AndroidIOFirmware_pulselength_v11.X\AndroidIO_pulselength_v11.asm
                  j_0_519   0x00369d    program     static C:\Data\AndroidIOBoard\MPLABX\AndroidIOFirmware_pulselength_v11.X\AndroidIO_pulselength_v11.asm
                  j_0_520   0x0036ab    program     static C:\Data\AndroidIOBoard\MPLABX\AndroidIOFirmware_pulselength_v11.X\AndroidIO_pulselength_v11.asm
                   k_0_11   0x0036b1    program     static C:\Data\AndroidIOBoard\MPLABX\AndroidIOFirmware_pulselength_v11.X\AndroidIO_pulselength_v11.asm
                  j_0_521   0x0036b9    program     static C:\Data\AndroidIOBoard\MPLABX\AndroidIOFirmware_pulselength_v11.X\AndroidIO_pulselength_v11.asm
                  lab_7_2   0x0036bc    program     static C:\Data\AndroidIOBoard\MPLABX\AndroidIOFirmware_pulselength_v11.X\AndroidIO_pulselength_v11.asm
                  j_0_522   0x0036c2    program     static C:\Data\AndroidIOBoard\MPLABX\AndroidIOFirmware_pulselength_v11.X\AndroidIO_pulselength_v11.asm
                  lab_7_3   0x0036c5    program     static C:\Data\AndroidIOBoard\MPLABX\AndroidIOFirmware_pulselength_v11.X\AndroidIO_pulselength_v11.asm
                  j_0_523   0x0036cb    program     static C:\Data\AndroidIOBoard\MPLABX\AndroidIOFirmware_pulselength_v11.X\AndroidIO_pulselength_v11.asm
                  lab_7_4   0x0036ce    program     static C:\Data\AndroidIOBoard\MPLABX\AndroidIOFirmware_pulselength_v11.X\AndroidIO_pulselength_v11.asm
                  j_0_524   0x0036d6    program     static C:\Data\AndroidIOBoard\MPLABX\AndroidIOFirmware_pulselength_v11.X\AndroidIO_pulselength_v11.asm
                  lab_7_5   0x0036d9    program     static C:\Data\AndroidIOBoard\MPLABX\AndroidIOFirmware_pulselength_v11.X\AndroidIO_pulselength_v11.asm
                  j_0_525   0x0036df    program     static C:\Data\AndroidIOBoard\MPLABX\AndroidIOFirmware_pulselength_v11.X\AndroidIO_pulselength_v11.asm
                  lab_7_6   0x0036e2    program     static C:\Data\AndroidIOBoard\MPLABX\AndroidIOFirmware_pulselength_v11.X\AndroidIO_pulselength_v11.asm
                  j_0_526   0x0036ea    program     static C:\Data\AndroidIOBoard\MPLABX\AndroidIOFirmware_pulselength_v11.X\AndroidIO_pulselength_v11.asm
                  lab_7_7   0x0036ed    program     static C:\Data\AndroidIOBoard\MPLABX\AndroidIOFirmware_pulselength_v11.X\AndroidIO_pulselength_v11.asm
                  lab_6_8   0x0036f3    program     static C:\Data\AndroidIOBoard\MPLABX\AndroidIOFirmware_pulselength_v11.X\AndroidIO_pulselength_v11.asm
                  lab_6_9   0x0036f4    program     static C:\Data\AndroidIOBoard\MPLABX\AndroidIOFirmware_pulselength_v11.X\AndroidIO_pulselength_v11.asm
                 lab_5_54   0x0036fb    program     static C:\Data\AndroidIOBoard\MPLABX\AndroidIOFirmware_pulselength_v11.X\AndroidIO_pulselength_v11.asm
                lab_4_110   0x003706    program     static C:\Data\AndroidIOBoard\MPLABX\AndroidIOFirmware_pulselength_v11.X\AndroidIO_pulselength_v11.asm
                    dame3   0x00370d    program     static C:\Data\AndroidIOBoard\MPLABX\AndroidIOFirmware_pulselength_v11.X\AndroidIO_pulselength_v11.asm
                lab_4_111   0x003728    program     static C:\Data\AndroidIOBoard\MPLABX\AndroidIOFirmware_pulselength_v11.X\AndroidIO_pulselength_v11.asm
                  j_0_527   0x00372e    program     static C:\Data\AndroidIOBoard\MPLABX\AndroidIOFirmware_pulselength_v11.X\AndroidIO_pulselength_v11.asm
                lab_4_112   0x00373c    program     static C:\Data\AndroidIOBoard\MPLABX\AndroidIOFirmware_pulselength_v11.X\AndroidIO_pulselength_v11.asm
                  j_0_528   0x003742    program     static C:\Data\AndroidIOBoard\MPLABX\AndroidIOFirmware_pulselength_v11.X\AndroidIO_pulselength_v11.asm
                lab_4_113   0x003750    program     static C:\Data\AndroidIOBoard\MPLABX\AndroidIOFirmware_pulselength_v11.X\AndroidIO_pulselength_v11.asm
                  j_0_529   0x003756    program     static C:\Data\AndroidIOBoard\MPLABX\AndroidIOFirmware_pulselength_v11.X\AndroidIO_pulselength_v11.asm
                  j_0_530   0x003799    program     static C:\Data\AndroidIOBoard\MPLABX\AndroidIOFirmware_pulselength_v11.X\AndroidIO_pulselength_v11.asm
                 lab_5_55   0x00379b    program     static C:\Data\AndroidIOBoard\MPLABX\AndroidIOFirmware_pulselength_v11.X\AndroidIO_pulselength_v11.asm
                 lab_5_56   0x0037a2    program     static C:\Data\AndroidIOBoard\MPLABX\AndroidIOFirmware_pulselength_v11.X\AndroidIO_pulselength_v11.asm
                  j_0_531   0x0037a8    program     static C:\Data\AndroidIOBoard\MPLABX\AndroidIOFirmware_pulselength_v11.X\AndroidIO_pulselength_v11.asm
                  j_0_532   0x0037b2    program     static C:\Data\AndroidIOBoard\MPLABX\AndroidIOFirmware_pulselength_v11.X\AndroidIO_pulselength_v11.asm
                  lab_7_8   0x0037b5    program     static C:\Data\AndroidIOBoard\MPLABX\AndroidIOFirmware_pulselength_v11.X\AndroidIO_pulselength_v11.asm
                  j_0_533   0x0037bb    program     static C:\Data\AndroidIOBoard\MPLABX\AndroidIOFirmware_pulselength_v11.X\AndroidIO_pulselength_v11.asm
                  lab_7_9   0x0037be    program     static C:\Data\AndroidIOBoard\MPLABX\AndroidIOFirmware_pulselength_v11.X\AndroidIO_pulselength_v11.asm
                  j_0_534   0x0037c4    program     static C:\Data\AndroidIOBoard\MPLABX\AndroidIOFirmware_pulselength_v11.X\AndroidIO_pulselength_v11.asm
                 lab_7_10   0x0037c7    program     static C:\Data\AndroidIOBoard\MPLABX\AndroidIOFirmware_pulselength_v11.X\AndroidIO_pulselength_v11.asm
                  j_0_535   0x0037d1    program     static C:\Data\AndroidIOBoard\MPLABX\AndroidIOFirmware_pulselength_v11.X\AndroidIO_pulselength_v11.asm
                 lab_7_11   0x0037d4    program     static C:\Data\AndroidIOBoard\MPLABX\AndroidIOFirmware_pulselength_v11.X\AndroidIO_pulselength_v11.asm
                  j_0_536   0x0037da    program     static C:\Data\AndroidIOBoard\MPLABX\AndroidIOFirmware_pulselength_v11.X\AndroidIO_pulselength_v11.asm
                 lab_7_12   0x0037dd    program     static C:\Data\AndroidIOBoard\MPLABX\AndroidIOFirmware_pulselength_v11.X\AndroidIO_pulselength_v11.asm
                  j_0_537   0x0037e7    program     static C:\Data\AndroidIOBoard\MPLABX\AndroidIOFirmware_pulselength_v11.X\AndroidIO_pulselength_v11.asm
                 lab_7_13   0x0037ea    program     static C:\Data\AndroidIOBoard\MPLABX\AndroidIOFirmware_pulselength_v11.X\AndroidIO_pulselength_v11.asm
                 lab_6_10   0x0037ee    program     static C:\Data\AndroidIOBoard\MPLABX\AndroidIOFirmware_pulselength_v11.X\AndroidIO_pulselength_v11.asm
                 lab_5_57   0x0037fa    program     static C:\Data\AndroidIOBoard\MPLABX\AndroidIOFirmware_pulselength_v11.X\AndroidIO_pulselength_v11.asm
                  j_0_538   0x003836    program     static C:\Data\AndroidIOBoard\MPLABX\AndroidIOFirmware_pulselength_v11.X\AndroidIO_pulselength_v11.asm
                 lab_5_58   0x003839    program     static C:\Data\AndroidIOBoard\MPLABX\AndroidIOFirmware_pulselength_v11.X\AndroidIO_pulselength_v11.asm
                  j_0_539   0x00383f    program     static C:\Data\AndroidIOBoard\MPLABX\AndroidIOFirmware_pulselength_v11.X\AndroidIO_pulselength_v11.asm
                 lab_5_59   0x003842    program     static C:\Data\AndroidIOBoard\MPLABX\AndroidIOFirmware_pulselength_v11.X\AndroidIO_pulselength_v11.asm
                  j_0_540   0x003848    program     static C:\Data\AndroidIOBoard\MPLABX\AndroidIOFirmware_pulselength_v11.X\AndroidIO_pulselength_v11.asm
                 lab_5_60   0x00384b    program     static C:\Data\AndroidIOBoard\MPLABX\AndroidIOFirmware_pulselength_v11.X\AndroidIO_pulselength_v11.asm
                  j_0_541   0x003854    program     static C:\Data\AndroidIOBoard\MPLABX\AndroidIOFirmware_pulselength_v11.X\AndroidIO_pulselength_v11.asm
                 lab_5_61   0x003857    program     static C:\Data\AndroidIOBoard\MPLABX\AndroidIOFirmware_pulselength_v11.X\AndroidIO_pulselength_v11.asm
                  j_0_542   0x00385d    program     static C:\Data\AndroidIOBoard\MPLABX\AndroidIOFirmware_pulselength_v11.X\AndroidIO_pulselength_v11.asm
                 lab_5_62   0x003860    program     static C:\Data\AndroidIOBoard\MPLABX\AndroidIOFirmware_pulselength_v11.X\AndroidIO_pulselength_v11.asm
                  j_0_543   0x003869    program     static C:\Data\AndroidIOBoard\MPLABX\AndroidIOFirmware_pulselength_v11.X\AndroidIO_pulselength_v11.asm
                 lab_5_63   0x00386c    program     static C:\Data\AndroidIOBoard\MPLABX\AndroidIOFirmware_pulselength_v11.X\AndroidIO_pulselength_v11.asm
                lab_4_114   0x00389a    program     static C:\Data\AndroidIOBoard\MPLABX\AndroidIOFirmware_pulselength_v11.X\AndroidIO_pulselength_v11.asm
                lab_3_186   0x00389c    program     static C:\Data\AndroidIOBoard\MPLABX\AndroidIOFirmware_pulselength_v11.X\AndroidIO_pulselength_v11.asm
                lab_3_187   0x00389e    program     static C:\Data\AndroidIOBoard\MPLABX\AndroidIOFirmware_pulselength_v11.X\AndroidIO_pulselength_v11.asm
                lab_2_214   0x0038a0    program     static C:\Data\AndroidIOBoard\MPLABX\AndroidIOFirmware_pulselength_v11.X\AndroidIO_pulselength_v11.asm
                    dame2   0x0038a0    program     static C:\Data\AndroidIOBoard\MPLABX\AndroidIOFirmware_pulselength_v11.X\AndroidIO_pulselength_v11.asm
                lab_1_300   0x0038ab    program     static C:\Data\AndroidIOBoard\MPLABX\AndroidIOFirmware_pulselength_v11.X\AndroidIO_pulselength_v11.asm
                  j_0_544   0x0038bd    program     static C:\Data\AndroidIOBoard\MPLABX\AndroidIOFirmware_pulselength_v11.X\AndroidIO_pulselength_v11.asm
                lab_1_301   0x0038c0    program     static C:\Data\AndroidIOBoard\MPLABX\AndroidIOFirmware_pulselength_v11.X\AndroidIO_pulselength_v11.asm
                  j_0_545   0x0038c9    program     static C:\Data\AndroidIOBoard\MPLABX\AndroidIOFirmware_pulselength_v11.X\AndroidIO_pulselength_v11.asm
                lab_1_302   0x0038cc    program     static C:\Data\AndroidIOBoard\MPLABX\AndroidIOFirmware_pulselength_v11.X\AndroidIO_pulselength_v11.asm
                  j_0_546   0x0038dc    program     static C:\Data\AndroidIOBoard\MPLABX\AndroidIOFirmware_pulselength_v11.X\AndroidIO_pulselength_v11.asm
                   k_0_12   0x0038e4    program     static C:\Data\AndroidIOBoard\MPLABX\AndroidIOFirmware_pulselength_v11.X\AndroidIO_pulselength_v11.asm
                  j_0_547   0x0038fe    program     static C:\Data\AndroidIOBoard\MPLABX\AndroidIOFirmware_pulselength_v11.X\AndroidIO_pulselength_v11.asm
                   k_0_13   0x003904    program     static C:\Data\AndroidIOBoard\MPLABX\AndroidIOFirmware_pulselength_v11.X\AndroidIO_pulselength_v11.asm
                  j_0_548   0x00390a    program     static C:\Data\AndroidIOBoard\MPLABX\AndroidIOFirmware_pulselength_v11.X\AndroidIO_pulselength_v11.asm
                lab_3_188   0x003910    program     static C:\Data\AndroidIOBoard\MPLABX\AndroidIOFirmware_pulselength_v11.X\AndroidIO_pulselength_v11.asm
                lab_3_189   0x003918    program     static C:\Data\AndroidIOBoard\MPLABX\AndroidIOFirmware_pulselength_v11.X\AndroidIO_pulselength_v11.asm
                lab_2_215   0x003918    program     static C:\Data\AndroidIOBoard\MPLABX\AndroidIOFirmware_pulselength_v11.X\AndroidIO_pulselength_v11.asm
                lab_1_303   0x003918    program     static C:\Data\AndroidIOBoard\MPLABX\AndroidIOFirmware_pulselength_v11.X\AndroidIO_pulselength_v11.asm
   datalog_writeinitblock   0x003919    program     static C:\Data\AndroidIOBoard\MPLABX\AndroidIOFirmware_pulselength_v11.X\AndroidIO_pulselength_v11.asm
        datalog_makerunID   0x0039d8    program     static C:\Data\AndroidIOBoard\MPLABX\AndroidIOFirmware_pulselength_v11.X\AndroidIO_pulselength_v11.asm
                lab_1_304   0x0039ea    program     static C:\Data\AndroidIOBoard\MPLABX\AndroidIOFirmware_pulselength_v11.X\AndroidIO_pulselength_v11.asm
                  j_0_549   0x0039fe    program     static C:\Data\AndroidIOBoard\MPLABX\AndroidIOFirmware_pulselength_v11.X\AndroidIO_pulselength_v11.asm
                lab_1_305   0x003a01    program     static C:\Data\AndroidIOBoard\MPLABX\AndroidIOFirmware_pulselength_v11.X\AndroidIO_pulselength_v11.asm
                  j_0_550   0x003a09    program     static C:\Data\AndroidIOBoard\MPLABX\AndroidIOFirmware_pulselength_v11.X\AndroidIO_pulselength_v11.asm
                lab_1_306   0x003a0d    program     static C:\Data\AndroidIOBoard\MPLABX\AndroidIOFirmware_pulselength_v11.X\AndroidIO_pulselength_v11.asm
                lab_1_307   0x003a0f    program     static C:\Data\AndroidIOBoard\MPLABX\AndroidIOFirmware_pulselength_v11.X\AndroidIO_pulselength_v11.asm
                  j_0_551   0x003a17    program     static C:\Data\AndroidIOBoard\MPLABX\AndroidIOFirmware_pulselength_v11.X\AndroidIO_pulselength_v11.asm
                lab_1_308   0x003a1a    program     static C:\Data\AndroidIOBoard\MPLABX\AndroidIOFirmware_pulselength_v11.X\AndroidIO_pulselength_v11.asm
                  j_0_552   0x003a22    program     static C:\Data\AndroidIOBoard\MPLABX\AndroidIOFirmware_pulselength_v11.X\AndroidIO_pulselength_v11.asm
                lab_1_309   0x003a26    program     static C:\Data\AndroidIOBoard\MPLABX\AndroidIOFirmware_pulselength_v11.X\AndroidIO_pulselength_v11.asm
                lab_1_310   0x003a28    program     static C:\Data\AndroidIOBoard\MPLABX\AndroidIOFirmware_pulselength_v11.X\AndroidIO_pulselength_v11.asm
     datalog_findposblock   0x003a2b    program     static C:\Data\AndroidIOBoard\MPLABX\AndroidIOFirmware_pulselength_v11.X\AndroidIO_pulselength_v11.asm
                    dafi1   0x003a36    program     static C:\Data\AndroidIOBoard\MPLABX\AndroidIOFirmware_pulselength_v11.X\AndroidIO_pulselength_v11.asm
                  j_0_553   0x003a49    program     static C:\Data\AndroidIOBoard\MPLABX\AndroidIOFirmware_pulselength_v11.X\AndroidIO_pulselength_v11.asm
                lab_1_311   0x003a4a    program     static C:\Data\AndroidIOBoard\MPLABX\AndroidIOFirmware_pulselength_v11.X\AndroidIO_pulselength_v11.asm
                lab_1_312   0x003a58    program     static C:\Data\AndroidIOBoard\MPLABX\AndroidIOFirmware_pulselength_v11.X\AndroidIO_pulselength_v11.asm
     datalog_calcFAddress   0x003a5e    program     static C:\Data\AndroidIOBoard\MPLABX\AndroidIOFirmware_pulselength_v11.X\AndroidIO_pulselength_v11.asm
               DEV_device   0x003a73    program     static C:\Data\AndroidIOBoard\MPLABX\AndroidIOFirmware_pulselength_v11.X\AndroidIO_pulselength_v11.asm
              DEV_unknown   0x003a7c    program     static C:\Data\AndroidIOBoard\MPLABX\AndroidIOFirmware_pulselength_v11.X\AndroidIO_pulselength_v11.asm
           DEV_PIC16F1938   0x003a84    program     static C:\Data\AndroidIOBoard\MPLABX\AndroidIOFirmware_pulselength_v11.X\AndroidIO_pulselength_v11.asm
           DEV_PIC16F1939   0x003a8f    program     static C:\Data\AndroidIOBoard\MPLABX\AndroidIOFirmware_pulselength_v11.X\AndroidIO_pulselength_v11.asm
          DEV_PIC16LF1938   0x003a9a    program     static C:\Data\AndroidIOBoard\MPLABX\AndroidIOFirmware_pulselength_v11.X\AndroidIO_pulselength_v11.asm
          DEV_PIC16LF1939   0x003aa6    program     static C:\Data\AndroidIOBoard\MPLABX\AndroidIOFirmware_pulselength_v11.X\AndroidIO_pulselength_v11.asm
              DEV_version   0x003ab2    program     static C:\Data\AndroidIOBoard\MPLABX\AndroidIOFirmware_pulselength_v11.X\AndroidIO_pulselength_v11.asm
                   DEV_A1   0x003abe    program     static C:\Data\AndroidIOBoard\MPLABX\AndroidIOFirmware_pulselength_v11.X\AndroidIO_pulselength_v11.asm
                   DEV_A2   0x003ac2    program     static C:\Data\AndroidIOBoard\MPLABX\AndroidIOFirmware_pulselength_v11.X\AndroidIO_pulselength_v11.asm
                   DEV_A3   0x003ac6    program     static C:\Data\AndroidIOBoard\MPLABX\AndroidIOFirmware_pulselength_v11.X\AndroidIO_pulselength_v11.asm
               DEV_int_ov   0x003aca    program     static C:\Data\AndroidIOBoard\MPLABX\AndroidIOFirmware_pulselength_v11.X\AndroidIO_pulselength_v11.asm
             DEV_int_noov   0x003ae8    program     static C:\Data\AndroidIOBoard\MPLABX\AndroidIOFirmware_pulselength_v11.X\AndroidIO_pulselength_v11.asm
                 TXT_LWOK   0x003b09    program     static C:\Data\AndroidIOBoard\MPLABX\AndroidIOFirmware_pulselength_v11.X\AndroidIO_pulselength_v11.asm
                TXT_LZ3OK   0x003b11    program     static C:\Data\AndroidIOBoard\MPLABX\AndroidIOFirmware_pulselength_v11.X\AndroidIO_pulselength_v11.asm
                 TXT_LSOK   0x003b1a    program     static C:\Data\AndroidIOBoard\MPLABX\AndroidIOFirmware_pulselength_v11.X\AndroidIO_pulselength_v11.asm
          TXT_LParseError   0x003b22    program     static C:\Data\AndroidIOBoard\MPLABX\AndroidIOFirmware_pulselength_v11.X\AndroidIO_pulselength_v11.asm
                TXT_GZ310   0x003b31    program     static C:\Data\AndroidIOBoard\MPLABX\AndroidIOFirmware_pulselength_v11.X\AndroidIO_pulselength_v11.asm
                TXT_GZ312   0x003b3a    program     static C:\Data\AndroidIOBoard\MPLABX\AndroidIOFirmware_pulselength_v11.X\AndroidIO_pulselength_v11.asm
               lastmemuse   0x003b43    program     static C:\Data\AndroidIOBoard\MPLABX\AndroidIOFirmware_pulselength_v11.X\AndroidIO_pulselength_v11.asm


