MPLINK 5.08, LINKER
Linker Map File - Created Tue Jun 21 09:15:16 2016

                                 Section Info
                  Section       Type    Address   Location Size(Bytes)
                ---------  ---------  ---------  ---------  ---------
                   .org_0       code   0x000000    program   0x000000
                   .org_1       code   0x000200    program   0x0070e4
.config_8007_ANDROIDIO_V11.O       code   0x008007    program   0x000002
.config_8008_ANDROIDIO_V11.O       code   0x008008    program   0x000002



                              Program Memory Usage 
                               Start         End      
                           ---------   ---------      
                            0x000200    0x003a71      
                            0x008007    0x008008      
            14452 out of 16647 program addresses used, program memory utilization is 86%



                              Symbols - Sorted by Name
                     Name    Address   Location    Storage File                     
                ---------  ---------  ---------  --------- ---------                
                 CPS_jump   0x0002bb    program     static C:\Data\MPLAB\AndriodIOFirmware_v11.X\AndroidIO_v11.asm
                CPS_jump0   0x002041    program     static C:\Data\MPLAB\AndriodIOFirmware_v11.X\AndroidIO_v11.asm
                CPS_jump1   0x00209d    program     static C:\Data\MPLAB\AndriodIOFirmware_v11.X\AndroidIO_v11.asm
                CPS_jump2   0x0020f9    program     static C:\Data\MPLAB\AndriodIOFirmware_v11.X\AndroidIO_v11.asm
                CPS_jump3   0x002155    program     static C:\Data\MPLAB\AndriodIOFirmware_v11.X\AndroidIO_v11.asm
                CPS_jump4   0x0021b1    program     static C:\Data\MPLAB\AndriodIOFirmware_v11.X\AndroidIO_v11.asm
                CPS_jump5   0x00220d    program     static C:\Data\MPLAB\AndriodIOFirmware_v11.X\AndroidIO_v11.asm
                CPS_jump6   0x002269    program     static C:\Data\MPLAB\AndriodIOFirmware_v11.X\AndroidIO_v11.asm
                CPS_jump7   0x0022c5    program     static C:\Data\MPLAB\AndriodIOFirmware_v11.X\AndroidIO_v11.asm
                   DEV_A1   0x0039ed    program     static C:\Data\MPLAB\AndriodIOFirmware_v11.X\AndroidIO_v11.asm
                   DEV_A2   0x0039f1    program     static C:\Data\MPLAB\AndriodIOFirmware_v11.X\AndroidIO_v11.asm
                   DEV_A3   0x0039f5    program     static C:\Data\MPLAB\AndriodIOFirmware_v11.X\AndroidIO_v11.asm
           DEV_PIC16F1938   0x0039b3    program     static C:\Data\MPLAB\AndriodIOFirmware_v11.X\AndroidIO_v11.asm
           DEV_PIC16F1939   0x0039be    program     static C:\Data\MPLAB\AndriodIOFirmware_v11.X\AndroidIO_v11.asm
          DEV_PIC16LF1938   0x0039c9    program     static C:\Data\MPLAB\AndriodIOFirmware_v11.X\AndroidIO_v11.asm
          DEV_PIC16LF1939   0x0039d5    program     static C:\Data\MPLAB\AndriodIOFirmware_v11.X\AndroidIO_v11.asm
               DEV_device   0x0039a2    program     static C:\Data\MPLAB\AndriodIOFirmware_v11.X\AndroidIO_v11.asm
             DEV_int_noov   0x003a17    program     static C:\Data\MPLAB\AndriodIOFirmware_v11.X\AndroidIO_v11.asm
               DEV_int_ov   0x0039f9    program     static C:\Data\MPLAB\AndriodIOFirmware_v11.X\AndroidIO_v11.asm
              DEV_unknown   0x0039ab    program     static C:\Data\MPLAB\AndriodIOFirmware_v11.X\AndroidIO_v11.asm
              DEV_version   0x0039e1    program     static C:\Data\MPLAB\AndriodIOFirmware_v11.X\AndroidIO_v11.asm
             PWM_port_sub   0x002407    program     static C:\Data\MPLAB\AndriodIOFirmware_v11.X\AndroidIO_v11.asm
                TXT_GZ310   0x003a60    program     static C:\Data\MPLAB\AndriodIOFirmware_v11.X\AndroidIO_v11.asm
                TXT_GZ312   0x003a69    program     static C:\Data\MPLAB\AndriodIOFirmware_v11.X\AndroidIO_v11.asm
          TXT_LParseError   0x003a51    program     static C:\Data\MPLAB\AndriodIOFirmware_v11.X\AndroidIO_v11.asm
                 TXT_LSOK   0x003a49    program     static C:\Data\MPLAB\AndriodIOFirmware_v11.X\AndroidIO_v11.asm
                 TXT_LWOK   0x003a38    program     static C:\Data\MPLAB\AndriodIOFirmware_v11.X\AndroidIO_v11.asm
                TXT_LZ3OK   0x003a40    program     static C:\Data\MPLAB\AndriodIOFirmware_v11.X\AndroidIO_v11.asm
            UART_int_read   0x002014    program     static C:\Data\MPLAB\AndriodIOFirmware_v11.X\AndroidIO_v11.asm
                 bufinit1   0x002321    program     static C:\Data\MPLAB\AndriodIOFirmware_v11.X\AndroidIO_v11.asm
                 bufinit2   0x002394    program     static C:\Data\MPLAB\AndriodIOFirmware_v11.X\AndroidIO_v11.asm
                 bufread1   0x002327    program     static C:\Data\MPLAB\AndriodIOFirmware_v11.X\AndroidIO_v11.asm
                 bufread2   0x00239a    program     static C:\Data\MPLAB\AndriodIOFirmware_v11.X\AndroidIO_v11.asm
             bufreadwait1   0x002344    program     static C:\Data\MPLAB\AndriodIOFirmware_v11.X\AndroidIO_v11.asm
             bufreadwait2   0x0023b7    program     static C:\Data\MPLAB\AndriodIOFirmware_v11.X\AndroidIO_v11.asm
                bufwrite1   0x00235d    program     static C:\Data\MPLAB\AndriodIOFirmware_v11.X\AndroidIO_v11.asm
                bufwrite2   0x0023d0    program     static C:\Data\MPLAB\AndriodIOFirmware_v11.X\AndroidIO_v11.asm
            bufwriteskip2   0x0023e5    program     static C:\Data\MPLAB\AndriodIOFirmware_v11.X\AndroidIO_v11.asm
            bufwritewait1   0x002372    program     static C:\Data\MPLAB\AndriodIOFirmware_v11.X\AndroidIO_v11.asm
                     cex1   0x001054    program     static C:\Data\MPLAB\AndriodIOFirmware_v11.X\AndroidIO_v11.asm
                     cex2   0x001108    program     static C:\Data\MPLAB\AndriodIOFirmware_v11.X\AndroidIO_v11.asm
       clear_pinfunctions   0x0012f5    program     static C:\Data\MPLAB\AndriodIOFirmware_v11.X\AndroidIO_v11.asm
         clear_statistics   0x002db5    program     static C:\Data\MPLAB\AndriodIOFirmware_v11.X\AndroidIO_v11.asm
                 clrbitfl   0x00021f    program     static C:\Data\MPLAB\AndriodIOFirmware_v11.X\AndroidIO_v11.asm
                 cmd_arg2   0x000d29    program     static C:\Data\MPLAB\AndriodIOFirmware_v11.X\AndroidIO_v11.asm
                 cmd_arg3   0x000de0    program     static C:\Data\MPLAB\AndriodIOFirmware_v11.X\AndroidIO_v11.asm
                 cmd_arg4   0x000e7f    program     static C:\Data\MPLAB\AndriodIOFirmware_v11.X\AndroidIO_v11.asm
                cmd_clrbf   0x000d25    program     static C:\Data\MPLAB\AndriodIOFirmware_v11.X\AndroidIO_v11.asm
                  cmd_err   0x000d18    program     static C:\Data\MPLAB\AndriodIOFirmware_v11.X\AndroidIO_v11.asm
                 cmd_exec   0x000efb    program     static C:\Data\MPLAB\AndriodIOFirmware_v11.X\AndroidIO_v11.asm
         cmd_exec_nocmdln   0x000efe    program     static C:\Data\MPLAB\AndriodIOFirmware_v11.X\AndroidIO_v11.asm
                 cmdparse   0x000cd1    program     static C:\Data\MPLAB\AndriodIOFirmware_v11.X\AndroidIO_v11.asm
           copy_from_ch15   0x002e67    program     static C:\Data\MPLAB\AndriodIOFirmware_v11.X\AndroidIO_v11.asm
           copy_into_ch15   0x002e31    program     static C:\Data\MPLAB\AndriodIOFirmware_v11.X\AndroidIO_v11.asm
                    cpsj0   0x0002c0    program     static C:\Data\MPLAB\AndriodIOFirmware_v11.X\AndroidIO_v11.asm
                    dafi1   0x003965    program     static C:\Data\MPLAB\AndriodIOFirmware_v11.X\AndroidIO_v11.asm
                    dain1   0x002f0d    program     static C:\Data\MPLAB\AndriodIOFirmware_v11.X\AndroidIO_v11.asm
                    dain2   0x00300f    program     static C:\Data\MPLAB\AndriodIOFirmware_v11.X\AndroidIO_v11.asm
                    dain3   0x003019    program     static C:\Data\MPLAB\AndriodIOFirmware_v11.X\AndroidIO_v11.asm
                    dain4   0x003214    program     static C:\Data\MPLAB\AndriodIOFirmware_v11.X\AndroidIO_v11.asm
                    dain5   0x003228    program     static C:\Data\MPLAB\AndriodIOFirmware_v11.X\AndroidIO_v11.asm
                    dame1   0x0034f3    program     static C:\Data\MPLAB\AndriodIOFirmware_v11.X\AndroidIO_v11.asm
                    dame2   0x0037cf    program     static C:\Data\MPLAB\AndriodIOFirmware_v11.X\AndroidIO_v11.asm
                    dame3   0x00363c    program     static C:\Data\MPLAB\AndriodIOFirmware_v11.X\AndroidIO_v11.asm
                    dame4   0x003553    program     static C:\Data\MPLAB\AndriodIOFirmware_v11.X\AndroidIO_v11.asm
     datalog_calcFAddress   0x00398d    program     static C:\Data\MPLAB\AndriodIOFirmware_v11.X\AndroidIO_v11.asm
     datalog_findposblock   0x00395a    program     static C:\Data\MPLAB\AndriodIOFirmware_v11.X\AndroidIO_v11.asm
             datalog_init   0x002e9d    program     static C:\Data\MPLAB\AndriodIOFirmware_v11.X\AndroidIO_v11.asm
        datalog_makerunID   0x003907    program     static C:\Data\MPLAB\AndriodIOFirmware_v11.X\AndroidIO_v11.asm
          datalog_measure   0x00330e    program     static C:\Data\MPLAB\AndriodIOFirmware_v11.X\AndroidIO_v11.asm
       datalog_trimbuffer   0x00327f    program     static C:\Data\MPLAB\AndriodIOFirmware_v11.X\AndroidIO_v11.asm
   datalog_writeinitblock   0x003848    program     static C:\Data\MPLAB\AndriodIOFirmware_v11.X\AndroidIO_v11.asm
    datalog_writetobuffer   0x0032ac    program     static C:\Data\MPLAB\AndriodIOFirmware_v11.X\AndroidIO_v11.asm
             divf32f32f32   0x002add    program     static C:\Data\MPLAB\AndriodIOFirmware_v11.X\AndroidIO_v11.asm
         divrf16f16f16f16   0x002a76    program     static C:\Data\MPLAB\AndriodIOFirmware_v11.X\AndroidIO_v11.asm
                 divrffff   0x002a3e    program     static C:\Data\MPLAB\AndriodIOFirmware_v11.X\AndroidIO_v11.asm
             erase_eeprom   0x002758    program     static C:\Data\MPLAB\AndriodIOFirmware_v11.X\AndroidIO_v11.asm
                     gap0   0x00026a    program     static C:\Data\MPLAB\AndriodIOFirmware_v11.X\AndroidIO_v11.asm
                     gap1   0x000281    program     static C:\Data\MPLAB\AndriodIOFirmware_v11.X\AndroidIO_v11.asm
                    gbfl0   0x000242    program     static C:\Data\MPLAB\AndriodIOFirmware_v11.X\AndroidIO_v11.asm
                    gbfl1   0x000261    program     static C:\Data\MPLAB\AndriodIOFirmware_v11.X\AndroidIO_v11.asm
             get_ADCtopin   0x0002a2    program     static C:\Data\MPLAB\AndriodIOFirmware_v11.X\AndroidIO_v11.asm
            get_Z3_eeprom   0x001899    program     static C:\Data\MPLAB\AndriodIOFirmware_v11.X\AndroidIO_v11.asm
       get_Z3_intoverflow   0x00185f    program     static C:\Data\MPLAB\AndriodIOFirmware_v11.X\AndroidIO_v11.asm
  get_Z3_intoverflow_text   0x001880    program     static C:\Data\MPLAB\AndriodIOFirmware_v11.X\AndroidIO_v11.asm
          get_Z3_password   0x0017c6    program     static C:\Data\MPLAB\AndriodIOFirmware_v11.X\AndroidIO_v11.asm
           get_Z3_version   0x0017c7    program     static C:\Data\MPLAB\AndriodIOFirmware_v11.X\AndroidIO_v11.asm
      get_Z3_version_text   0x0017d3    program     static C:\Data\MPLAB\AndriodIOFirmware_v11.X\AndroidIO_v11.asm
  get_allowedpinfunctions   0x000262    program     static C:\Data\MPLAB\AndriodIOFirmware_v11.X\AndroidIO_v11.asm
             get_deviceID   0x0026a4    program     static C:\Data\MPLAB\AndriodIOFirmware_v11.X\AndroidIO_v11.asm
            get_pinstatus   0x0014ef    program     static C:\Data\MPLAB\AndriodIOFirmware_v11.X\AndroidIO_v11.asm
             get_pintoADC   0x000282    program     static C:\Data\MPLAB\AndriodIOFirmware_v11.X\AndroidIO_v11.asm
                 getbitfl   0x000238    program     static C:\Data\MPLAB\AndriodIOFirmware_v11.X\AndroidIO_v11.asm
                 getcexit   0x0012c4    program     static C:\Data\MPLAB\AndriodIOFirmware_v11.X\AndroidIO_v11.asm
                    getz3   0x00121f    program     static C:\Data\MPLAB\AndriodIOFirmware_v11.X\AndroidIO_v11.asm
                     gpa0   0x00028a    program     static C:\Data\MPLAB\AndriodIOFirmware_v11.X\AndroidIO_v11.asm
                     gpa1   0x0002a1    program     static C:\Data\MPLAB\AndriodIOFirmware_v11.X\AndroidIO_v11.asm
                    gpac0   0x0002ab    program     static C:\Data\MPLAB\AndriodIOFirmware_v11.X\AndroidIO_v11.asm
                    gpac1   0x0002ba    program     static C:\Data\MPLAB\AndriodIOFirmware_v11.X\AndroidIO_v11.asm
                 i2c_init   0x00285b    program     static C:\Data\MPLAB\AndriodIOFirmware_v11.X\AndroidIO_v11.asm
                 i2c_stop   0x002866    program     static C:\Data\MPLAB\AndriodIOFirmware_v11.X\AndroidIO_v11.asm
               initialize   0x0002d9    program     static C:\Data\MPLAB\AndriodIOFirmware_v11.X\AndroidIO_v11.asm
                interrupt   0x0018e9    program     static C:\Data\MPLAB\AndriodIOFirmware_v11.X\AndroidIO_v11.asm
                    j_0_1   0x000325    program     static C:\Data\MPLAB\AndriodIOFirmware_v11.X\AndroidIO_v11.asm
                   j_0_10   0x0003dc    program     static C:\Data\MPLAB\AndriodIOFirmware_v11.X\AndroidIO_v11.asm
                  j_0_100   0x000c63    program     static C:\Data\MPLAB\AndriodIOFirmware_v11.X\AndroidIO_v11.asm
                  j_0_101   0x000c75    program     static C:\Data\MPLAB\AndriodIOFirmware_v11.X\AndroidIO_v11.asm
                  j_0_102   0x000ca3    program     static C:\Data\MPLAB\AndriodIOFirmware_v11.X\AndroidIO_v11.asm
                  j_0_103   0x000d1e    program     static C:\Data\MPLAB\AndriodIOFirmware_v11.X\AndroidIO_v11.asm
                  j_0_104   0x000d3c    program     static C:\Data\MPLAB\AndriodIOFirmware_v11.X\AndroidIO_v11.asm
                  j_0_105   0x000da5    program     static C:\Data\MPLAB\AndriodIOFirmware_v11.X\AndroidIO_v11.asm
                  j_0_106   0x000dee    program     static C:\Data\MPLAB\AndriodIOFirmware_v11.X\AndroidIO_v11.asm
                  j_0_107   0x000e42    program     static C:\Data\MPLAB\AndriodIOFirmware_v11.X\AndroidIO_v11.asm
                  j_0_108   0x000e59    program     static C:\Data\MPLAB\AndriodIOFirmware_v11.X\AndroidIO_v11.asm
                  j_0_109   0x000e6f    program     static C:\Data\MPLAB\AndriodIOFirmware_v11.X\AndroidIO_v11.asm
                   j_0_11   0x0003ee    program     static C:\Data\MPLAB\AndriodIOFirmware_v11.X\AndroidIO_v11.asm
                  j_0_110   0x000ebe    program     static C:\Data\MPLAB\AndriodIOFirmware_v11.X\AndroidIO_v11.asm
                  j_0_111   0x000ed5    program     static C:\Data\MPLAB\AndriodIOFirmware_v11.X\AndroidIO_v11.asm
                  j_0_112   0x000eeb    program     static C:\Data\MPLAB\AndriodIOFirmware_v11.X\AndroidIO_v11.asm
                  j_0_113   0x000f20    program     static C:\Data\MPLAB\AndriodIOFirmware_v11.X\AndroidIO_v11.asm
                  j_0_114   0x000f40    program     static C:\Data\MPLAB\AndriodIOFirmware_v11.X\AndroidIO_v11.asm
                  j_0_115   0x000f4a    program     static C:\Data\MPLAB\AndriodIOFirmware_v11.X\AndroidIO_v11.asm
                  j_0_116   0x000fae    program     static C:\Data\MPLAB\AndriodIOFirmware_v11.X\AndroidIO_v11.asm
                  j_0_117   0x001068    program     static C:\Data\MPLAB\AndriodIOFirmware_v11.X\AndroidIO_v11.asm
                  j_0_118   0x001088    program     static C:\Data\MPLAB\AndriodIOFirmware_v11.X\AndroidIO_v11.asm
                  j_0_119   0x00109a    program     static C:\Data\MPLAB\AndriodIOFirmware_v11.X\AndroidIO_v11.asm
                   j_0_12   0x0003f5    program     static C:\Data\MPLAB\AndriodIOFirmware_v11.X\AndroidIO_v11.asm
                  j_0_120   0x0010bf    program     static C:\Data\MPLAB\AndriodIOFirmware_v11.X\AndroidIO_v11.asm
                  j_0_121   0x0010c5    program     static C:\Data\MPLAB\AndriodIOFirmware_v11.X\AndroidIO_v11.asm
                  j_0_122   0x0010f8    program     static C:\Data\MPLAB\AndriodIOFirmware_v11.X\AndroidIO_v11.asm
                  j_0_123   0x00110e    program     static C:\Data\MPLAB\AndriodIOFirmware_v11.X\AndroidIO_v11.asm
                  j_0_124   0x00113d    program     static C:\Data\MPLAB\AndriodIOFirmware_v11.X\AndroidIO_v11.asm
                  j_0_125   0x00114b    program     static C:\Data\MPLAB\AndriodIOFirmware_v11.X\AndroidIO_v11.asm
                  j_0_126   0x0012cb    program     static C:\Data\MPLAB\AndriodIOFirmware_v11.X\AndroidIO_v11.asm
                  j_0_127   0x0012de    program     static C:\Data\MPLAB\AndriodIOFirmware_v11.X\AndroidIO_v11.asm
                  j_0_128   0x0012ed    program     static C:\Data\MPLAB\AndriodIOFirmware_v11.X\AndroidIO_v11.asm
                  j_0_129   0x001300    program     static C:\Data\MPLAB\AndriodIOFirmware_v11.X\AndroidIO_v11.asm
                   j_0_13   0x0003fb    program     static C:\Data\MPLAB\AndriodIOFirmware_v11.X\AndroidIO_v11.asm
                  j_0_130   0x00131f    program     static C:\Data\MPLAB\AndriodIOFirmware_v11.X\AndroidIO_v11.asm
                  j_0_131   0x001346    program     static C:\Data\MPLAB\AndriodIOFirmware_v11.X\AndroidIO_v11.asm
                  j_0_132   0x00136e    program     static C:\Data\MPLAB\AndriodIOFirmware_v11.X\AndroidIO_v11.asm
                  j_0_133   0x001396    program     static C:\Data\MPLAB\AndriodIOFirmware_v11.X\AndroidIO_v11.asm
                  j_0_134   0x00139e    program     static C:\Data\MPLAB\AndriodIOFirmware_v11.X\AndroidIO_v11.asm
                  j_0_135   0x0013a4    program     static C:\Data\MPLAB\AndriodIOFirmware_v11.X\AndroidIO_v11.asm
                  j_0_136   0x0013e9    program     static C:\Data\MPLAB\AndriodIOFirmware_v11.X\AndroidIO_v11.asm
                  j_0_137   0x001411    program     static C:\Data\MPLAB\AndriodIOFirmware_v11.X\AndroidIO_v11.asm
                  j_0_138   0x001439    program     static C:\Data\MPLAB\AndriodIOFirmware_v11.X\AndroidIO_v11.asm
                  j_0_139   0x001441    program     static C:\Data\MPLAB\AndriodIOFirmware_v11.X\AndroidIO_v11.asm
                   j_0_14   0x000426    program     static C:\Data\MPLAB\AndriodIOFirmware_v11.X\AndroidIO_v11.asm
                  j_0_140   0x00149f    program     static C:\Data\MPLAB\AndriodIOFirmware_v11.X\AndroidIO_v11.asm
                  j_0_141   0x0016fc    program     static C:\Data\MPLAB\AndriodIOFirmware_v11.X\AndroidIO_v11.asm
                  j_0_142   0x001716    program     static C:\Data\MPLAB\AndriodIOFirmware_v11.X\AndroidIO_v11.asm
                  j_0_143   0x00172a    program     static C:\Data\MPLAB\AndriodIOFirmware_v11.X\AndroidIO_v11.asm
                  j_0_144   0x001733    program     static C:\Data\MPLAB\AndriodIOFirmware_v11.X\AndroidIO_v11.asm
                  j_0_145   0x00174d    program     static C:\Data\MPLAB\AndriodIOFirmware_v11.X\AndroidIO_v11.asm
                  j_0_146   0x001775    program     static C:\Data\MPLAB\AndriodIOFirmware_v11.X\AndroidIO_v11.asm
                  j_0_147   0x00177b    program     static C:\Data\MPLAB\AndriodIOFirmware_v11.X\AndroidIO_v11.asm
                  j_0_148   0x001791    program     static C:\Data\MPLAB\AndriodIOFirmware_v11.X\AndroidIO_v11.asm
                  j_0_149   0x0017a5    program     static C:\Data\MPLAB\AndriodIOFirmware_v11.X\AndroidIO_v11.asm
                   j_0_15   0x000455    program     static C:\Data\MPLAB\AndriodIOFirmware_v11.X\AndroidIO_v11.asm
                  j_0_150   0x00186c    program     static C:\Data\MPLAB\AndriodIOFirmware_v11.X\AndroidIO_v11.asm
                  j_0_151   0x001886    program     static C:\Data\MPLAB\AndriodIOFirmware_v11.X\AndroidIO_v11.asm
                  j_0_152   0x0018a4    program     static C:\Data\MPLAB\AndriodIOFirmware_v11.X\AndroidIO_v11.asm
                  j_0_153   0x0018c4    program     static C:\Data\MPLAB\AndriodIOFirmware_v11.X\AndroidIO_v11.asm
                  j_0_154   0x0018f8    program     static C:\Data\MPLAB\AndriodIOFirmware_v11.X\AndroidIO_v11.asm
                  j_0_155   0x001900    program     static C:\Data\MPLAB\AndriodIOFirmware_v11.X\AndroidIO_v11.asm
                  j_0_156   0x00191d    program     static C:\Data\MPLAB\AndriodIOFirmware_v11.X\AndroidIO_v11.asm
                  j_0_157   0x00194d    program     static C:\Data\MPLAB\AndriodIOFirmware_v11.X\AndroidIO_v11.asm
                  j_0_158   0x00195f    program     static C:\Data\MPLAB\AndriodIOFirmware_v11.X\AndroidIO_v11.asm
                  j_0_159   0x001965    program     static C:\Data\MPLAB\AndriodIOFirmware_v11.X\AndroidIO_v11.asm
                   j_0_16   0x00045c    program     static C:\Data\MPLAB\AndriodIOFirmware_v11.X\AndroidIO_v11.asm
                  j_0_160   0x001996    program     static C:\Data\MPLAB\AndriodIOFirmware_v11.X\AndroidIO_v11.asm
                  j_0_161   0x00199c    program     static C:\Data\MPLAB\AndriodIOFirmware_v11.X\AndroidIO_v11.asm
                  j_0_162   0x0019d6    program     static C:\Data\MPLAB\AndriodIOFirmware_v11.X\AndroidIO_v11.asm
                  j_0_163   0x0019dc    program     static C:\Data\MPLAB\AndriodIOFirmware_v11.X\AndroidIO_v11.asm
                  j_0_164   0x0019de    program     static C:\Data\MPLAB\AndriodIOFirmware_v11.X\AndroidIO_v11.asm
                  j_0_165   0x0019e5    program     static C:\Data\MPLAB\AndriodIOFirmware_v11.X\AndroidIO_v11.asm
                  j_0_166   0x0019e7    program     static C:\Data\MPLAB\AndriodIOFirmware_v11.X\AndroidIO_v11.asm
                  j_0_167   0x0019ee    program     static C:\Data\MPLAB\AndriodIOFirmware_v11.X\AndroidIO_v11.asm
                  j_0_168   0x0019f0    program     static C:\Data\MPLAB\AndriodIOFirmware_v11.X\AndroidIO_v11.asm
                  j_0_169   0x0019f7    program     static C:\Data\MPLAB\AndriodIOFirmware_v11.X\AndroidIO_v11.asm
                   j_0_17   0x000462    program     static C:\Data\MPLAB\AndriodIOFirmware_v11.X\AndroidIO_v11.asm
                  j_0_170   0x0019f9    program     static C:\Data\MPLAB\AndriodIOFirmware_v11.X\AndroidIO_v11.asm
                  j_0_171   0x001a02    program     static C:\Data\MPLAB\AndriodIOFirmware_v11.X\AndroidIO_v11.asm
                  j_0_172   0x001a04    program     static C:\Data\MPLAB\AndriodIOFirmware_v11.X\AndroidIO_v11.asm
                  j_0_173   0x001a0b    program     static C:\Data\MPLAB\AndriodIOFirmware_v11.X\AndroidIO_v11.asm
                  j_0_174   0x001a0d    program     static C:\Data\MPLAB\AndriodIOFirmware_v11.X\AndroidIO_v11.asm
                  j_0_175   0x001a19    program     static C:\Data\MPLAB\AndriodIOFirmware_v11.X\AndroidIO_v11.asm
                  j_0_176   0x001a1f    program     static C:\Data\MPLAB\AndriodIOFirmware_v11.X\AndroidIO_v11.asm
                  j_0_177   0x001a57    program     static C:\Data\MPLAB\AndriodIOFirmware_v11.X\AndroidIO_v11.asm
                  j_0_178   0x001a5d    program     static C:\Data\MPLAB\AndriodIOFirmware_v11.X\AndroidIO_v11.asm
                  j_0_179   0x001a5f    program     static C:\Data\MPLAB\AndriodIOFirmware_v11.X\AndroidIO_v11.asm
                   j_0_18   0x00048d    program     static C:\Data\MPLAB\AndriodIOFirmware_v11.X\AndroidIO_v11.asm
                  j_0_180   0x001a66    program     static C:\Data\MPLAB\AndriodIOFirmware_v11.X\AndroidIO_v11.asm
                  j_0_181   0x001a68    program     static C:\Data\MPLAB\AndriodIOFirmware_v11.X\AndroidIO_v11.asm
                  j_0_182   0x001a6f    program     static C:\Data\MPLAB\AndriodIOFirmware_v11.X\AndroidIO_v11.asm
                  j_0_183   0x001a71    program     static C:\Data\MPLAB\AndriodIOFirmware_v11.X\AndroidIO_v11.asm
                  j_0_184   0x001a78    program     static C:\Data\MPLAB\AndriodIOFirmware_v11.X\AndroidIO_v11.asm
                  j_0_185   0x001a7a    program     static C:\Data\MPLAB\AndriodIOFirmware_v11.X\AndroidIO_v11.asm
                  j_0_186   0x001a83    program     static C:\Data\MPLAB\AndriodIOFirmware_v11.X\AndroidIO_v11.asm
                  j_0_187   0x001a85    program     static C:\Data\MPLAB\AndriodIOFirmware_v11.X\AndroidIO_v11.asm
                  j_0_188   0x001a8c    program     static C:\Data\MPLAB\AndriodIOFirmware_v11.X\AndroidIO_v11.asm
                  j_0_189   0x001a8e    program     static C:\Data\MPLAB\AndriodIOFirmware_v11.X\AndroidIO_v11.asm
                   j_0_19   0x0004bc    program     static C:\Data\MPLAB\AndriodIOFirmware_v11.X\AndroidIO_v11.asm
                  j_0_190   0x001a9a    program     static C:\Data\MPLAB\AndriodIOFirmware_v11.X\AndroidIO_v11.asm
                  j_0_191   0x001aa0    program     static C:\Data\MPLAB\AndriodIOFirmware_v11.X\AndroidIO_v11.asm
                  j_0_192   0x001ada    program     static C:\Data\MPLAB\AndriodIOFirmware_v11.X\AndroidIO_v11.asm
                  j_0_193   0x001ae0    program     static C:\Data\MPLAB\AndriodIOFirmware_v11.X\AndroidIO_v11.asm
                  j_0_194   0x001ae2    program     static C:\Data\MPLAB\AndriodIOFirmware_v11.X\AndroidIO_v11.asm
                  j_0_195   0x001ae9    program     static C:\Data\MPLAB\AndriodIOFirmware_v11.X\AndroidIO_v11.asm
                  j_0_196   0x001aeb    program     static C:\Data\MPLAB\AndriodIOFirmware_v11.X\AndroidIO_v11.asm
                  j_0_197   0x001af2    program     static C:\Data\MPLAB\AndriodIOFirmware_v11.X\AndroidIO_v11.asm
                  j_0_198   0x001af4    program     static C:\Data\MPLAB\AndriodIOFirmware_v11.X\AndroidIO_v11.asm
                  j_0_199   0x001afb    program     static C:\Data\MPLAB\AndriodIOFirmware_v11.X\AndroidIO_v11.asm
                    j_0_2   0x00032b    program     static C:\Data\MPLAB\AndriodIOFirmware_v11.X\AndroidIO_v11.asm
                   j_0_20   0x0004c3    program     static C:\Data\MPLAB\AndriodIOFirmware_v11.X\AndroidIO_v11.asm
                  j_0_200   0x001afd    program     static C:\Data\MPLAB\AndriodIOFirmware_v11.X\AndroidIO_v11.asm
                  j_0_201   0x001b06    program     static C:\Data\MPLAB\AndriodIOFirmware_v11.X\AndroidIO_v11.asm
                  j_0_202   0x001b08    program     static C:\Data\MPLAB\AndriodIOFirmware_v11.X\AndroidIO_v11.asm
                  j_0_203   0x001b0f    program     static C:\Data\MPLAB\AndriodIOFirmware_v11.X\AndroidIO_v11.asm
                  j_0_204   0x001b11    program     static C:\Data\MPLAB\AndriodIOFirmware_v11.X\AndroidIO_v11.asm
                  j_0_205   0x001b1d    program     static C:\Data\MPLAB\AndriodIOFirmware_v11.X\AndroidIO_v11.asm
                  j_0_206   0x001b23    program     static C:\Data\MPLAB\AndriodIOFirmware_v11.X\AndroidIO_v11.asm
                  j_0_207   0x001b5b    program     static C:\Data\MPLAB\AndriodIOFirmware_v11.X\AndroidIO_v11.asm
                  j_0_208   0x001b61    program     static C:\Data\MPLAB\AndriodIOFirmware_v11.X\AndroidIO_v11.asm
                  j_0_209   0x001b63    program     static C:\Data\MPLAB\AndriodIOFirmware_v11.X\AndroidIO_v11.asm
                   j_0_21   0x0004c9    program     static C:\Data\MPLAB\AndriodIOFirmware_v11.X\AndroidIO_v11.asm
                  j_0_210   0x001b6a    program     static C:\Data\MPLAB\AndriodIOFirmware_v11.X\AndroidIO_v11.asm
                  j_0_211   0x001b6c    program     static C:\Data\MPLAB\AndriodIOFirmware_v11.X\AndroidIO_v11.asm
                  j_0_212   0x001b73    program     static C:\Data\MPLAB\AndriodIOFirmware_v11.X\AndroidIO_v11.asm
                  j_0_213   0x001b75    program     static C:\Data\MPLAB\AndriodIOFirmware_v11.X\AndroidIO_v11.asm
                  j_0_214   0x001b7c    program     static C:\Data\MPLAB\AndriodIOFirmware_v11.X\AndroidIO_v11.asm
                  j_0_215   0x001b7e    program     static C:\Data\MPLAB\AndriodIOFirmware_v11.X\AndroidIO_v11.asm
                  j_0_216   0x001b87    program     static C:\Data\MPLAB\AndriodIOFirmware_v11.X\AndroidIO_v11.asm
                  j_0_217   0x001b89    program     static C:\Data\MPLAB\AndriodIOFirmware_v11.X\AndroidIO_v11.asm
                  j_0_218   0x001b90    program     static C:\Data\MPLAB\AndriodIOFirmware_v11.X\AndroidIO_v11.asm
                  j_0_219   0x001b92    program     static C:\Data\MPLAB\AndriodIOFirmware_v11.X\AndroidIO_v11.asm
                   j_0_22   0x0004f4    program     static C:\Data\MPLAB\AndriodIOFirmware_v11.X\AndroidIO_v11.asm
                  j_0_220   0x001b9e    program     static C:\Data\MPLAB\AndriodIOFirmware_v11.X\AndroidIO_v11.asm
                  j_0_221   0x001ba4    program     static C:\Data\MPLAB\AndriodIOFirmware_v11.X\AndroidIO_v11.asm
                  j_0_222   0x001bde    program     static C:\Data\MPLAB\AndriodIOFirmware_v11.X\AndroidIO_v11.asm
                  j_0_223   0x001be4    program     static C:\Data\MPLAB\AndriodIOFirmware_v11.X\AndroidIO_v11.asm
                  j_0_224   0x001be6    program     static C:\Data\MPLAB\AndriodIOFirmware_v11.X\AndroidIO_v11.asm
                  j_0_225   0x001bed    program     static C:\Data\MPLAB\AndriodIOFirmware_v11.X\AndroidIO_v11.asm
                  j_0_226   0x001bef    program     static C:\Data\MPLAB\AndriodIOFirmware_v11.X\AndroidIO_v11.asm
                  j_0_227   0x001bf6    program     static C:\Data\MPLAB\AndriodIOFirmware_v11.X\AndroidIO_v11.asm
                  j_0_228   0x001bf8    program     static C:\Data\MPLAB\AndriodIOFirmware_v11.X\AndroidIO_v11.asm
                  j_0_229   0x001bff    program     static C:\Data\MPLAB\AndriodIOFirmware_v11.X\AndroidIO_v11.asm
                   j_0_23   0x000523    program     static C:\Data\MPLAB\AndriodIOFirmware_v11.X\AndroidIO_v11.asm
                  j_0_230   0x001c01    program     static C:\Data\MPLAB\AndriodIOFirmware_v11.X\AndroidIO_v11.asm
                  j_0_231   0x001c0a    program     static C:\Data\MPLAB\AndriodIOFirmware_v11.X\AndroidIO_v11.asm
                  j_0_232   0x001c0c    program     static C:\Data\MPLAB\AndriodIOFirmware_v11.X\AndroidIO_v11.asm
                  j_0_233   0x001c13    program     static C:\Data\MPLAB\AndriodIOFirmware_v11.X\AndroidIO_v11.asm
                  j_0_234   0x001c15    program     static C:\Data\MPLAB\AndriodIOFirmware_v11.X\AndroidIO_v11.asm
                  j_0_235   0x001c21    program     static C:\Data\MPLAB\AndriodIOFirmware_v11.X\AndroidIO_v11.asm
                  j_0_236   0x001c27    program     static C:\Data\MPLAB\AndriodIOFirmware_v11.X\AndroidIO_v11.asm
                  j_0_237   0x001c5f    program     static C:\Data\MPLAB\AndriodIOFirmware_v11.X\AndroidIO_v11.asm
                  j_0_238   0x001c65    program     static C:\Data\MPLAB\AndriodIOFirmware_v11.X\AndroidIO_v11.asm
                  j_0_239   0x001c67    program     static C:\Data\MPLAB\AndriodIOFirmware_v11.X\AndroidIO_v11.asm
                   j_0_24   0x00052a    program     static C:\Data\MPLAB\AndriodIOFirmware_v11.X\AndroidIO_v11.asm
                  j_0_240   0x001c6e    program     static C:\Data\MPLAB\AndriodIOFirmware_v11.X\AndroidIO_v11.asm
                  j_0_241   0x001c70    program     static C:\Data\MPLAB\AndriodIOFirmware_v11.X\AndroidIO_v11.asm
                  j_0_242   0x001c77    program     static C:\Data\MPLAB\AndriodIOFirmware_v11.X\AndroidIO_v11.asm
                  j_0_243   0x001c79    program     static C:\Data\MPLAB\AndriodIOFirmware_v11.X\AndroidIO_v11.asm
                  j_0_244   0x001c80    program     static C:\Data\MPLAB\AndriodIOFirmware_v11.X\AndroidIO_v11.asm
                  j_0_245   0x001c82    program     static C:\Data\MPLAB\AndriodIOFirmware_v11.X\AndroidIO_v11.asm
                  j_0_246   0x001c8b    program     static C:\Data\MPLAB\AndriodIOFirmware_v11.X\AndroidIO_v11.asm
                  j_0_247   0x001c8d    program     static C:\Data\MPLAB\AndriodIOFirmware_v11.X\AndroidIO_v11.asm
                  j_0_248   0x001c94    program     static C:\Data\MPLAB\AndriodIOFirmware_v11.X\AndroidIO_v11.asm
                  j_0_249   0x001c96    program     static C:\Data\MPLAB\AndriodIOFirmware_v11.X\AndroidIO_v11.asm
                   j_0_25   0x000530    program     static C:\Data\MPLAB\AndriodIOFirmware_v11.X\AndroidIO_v11.asm
                  j_0_250   0x001ca2    program     static C:\Data\MPLAB\AndriodIOFirmware_v11.X\AndroidIO_v11.asm
                  j_0_251   0x001ca8    program     static C:\Data\MPLAB\AndriodIOFirmware_v11.X\AndroidIO_v11.asm
                  j_0_252   0x001ce2    program     static C:\Data\MPLAB\AndriodIOFirmware_v11.X\AndroidIO_v11.asm
                  j_0_253   0x001ce8    program     static C:\Data\MPLAB\AndriodIOFirmware_v11.X\AndroidIO_v11.asm
                  j_0_254   0x001cea    program     static C:\Data\MPLAB\AndriodIOFirmware_v11.X\AndroidIO_v11.asm
                  j_0_255   0x001cf1    program     static C:\Data\MPLAB\AndriodIOFirmware_v11.X\AndroidIO_v11.asm
                  j_0_256   0x001cf3    program     static C:\Data\MPLAB\AndriodIOFirmware_v11.X\AndroidIO_v11.asm
                  j_0_257   0x001cfa    program     static C:\Data\MPLAB\AndriodIOFirmware_v11.X\AndroidIO_v11.asm
                  j_0_258   0x001cfc    program     static C:\Data\MPLAB\AndriodIOFirmware_v11.X\AndroidIO_v11.asm
                  j_0_259   0x001d03    program     static C:\Data\MPLAB\AndriodIOFirmware_v11.X\AndroidIO_v11.asm
                   j_0_26   0x00055b    program     static C:\Data\MPLAB\AndriodIOFirmware_v11.X\AndroidIO_v11.asm
                  j_0_260   0x001d05    program     static C:\Data\MPLAB\AndriodIOFirmware_v11.X\AndroidIO_v11.asm
                  j_0_261   0x001d0e    program     static C:\Data\MPLAB\AndriodIOFirmware_v11.X\AndroidIO_v11.asm
                  j_0_262   0x001d10    program     static C:\Data\MPLAB\AndriodIOFirmware_v11.X\AndroidIO_v11.asm
                  j_0_263   0x001d17    program     static C:\Data\MPLAB\AndriodIOFirmware_v11.X\AndroidIO_v11.asm
                  j_0_264   0x001d19    program     static C:\Data\MPLAB\AndriodIOFirmware_v11.X\AndroidIO_v11.asm
                  j_0_265   0x001d25    program     static C:\Data\MPLAB\AndriodIOFirmware_v11.X\AndroidIO_v11.asm
                  j_0_266   0x001d2b    program     static C:\Data\MPLAB\AndriodIOFirmware_v11.X\AndroidIO_v11.asm
                  j_0_267   0x001d63    program     static C:\Data\MPLAB\AndriodIOFirmware_v11.X\AndroidIO_v11.asm
                  j_0_268   0x001d69    program     static C:\Data\MPLAB\AndriodIOFirmware_v11.X\AndroidIO_v11.asm
                  j_0_269   0x001d6b    program     static C:\Data\MPLAB\AndriodIOFirmware_v11.X\AndroidIO_v11.asm
                   j_0_27   0x00058a    program     static C:\Data\MPLAB\AndriodIOFirmware_v11.X\AndroidIO_v11.asm
                  j_0_270   0x001d72    program     static C:\Data\MPLAB\AndriodIOFirmware_v11.X\AndroidIO_v11.asm
                  j_0_271   0x001d74    program     static C:\Data\MPLAB\AndriodIOFirmware_v11.X\AndroidIO_v11.asm
                  j_0_272   0x001d7b    program     static C:\Data\MPLAB\AndriodIOFirmware_v11.X\AndroidIO_v11.asm
                  j_0_273   0x001d7d    program     static C:\Data\MPLAB\AndriodIOFirmware_v11.X\AndroidIO_v11.asm
                  j_0_274   0x001d84    program     static C:\Data\MPLAB\AndriodIOFirmware_v11.X\AndroidIO_v11.asm
                  j_0_275   0x001d86    program     static C:\Data\MPLAB\AndriodIOFirmware_v11.X\AndroidIO_v11.asm
                  j_0_276   0x001d8f    program     static C:\Data\MPLAB\AndriodIOFirmware_v11.X\AndroidIO_v11.asm
                  j_0_277   0x001d91    program     static C:\Data\MPLAB\AndriodIOFirmware_v11.X\AndroidIO_v11.asm
                  j_0_278   0x001d98    program     static C:\Data\MPLAB\AndriodIOFirmware_v11.X\AndroidIO_v11.asm
                  j_0_279   0x001d9a    program     static C:\Data\MPLAB\AndriodIOFirmware_v11.X\AndroidIO_v11.asm
                   j_0_28   0x000591    program     static C:\Data\MPLAB\AndriodIOFirmware_v11.X\AndroidIO_v11.asm
                  j_0_280   0x001da2    program     static C:\Data\MPLAB\AndriodIOFirmware_v11.X\AndroidIO_v11.asm
                  j_0_281   0x001da8    program     static C:\Data\MPLAB\AndriodIOFirmware_v11.X\AndroidIO_v11.asm
                  j_0_282   0x001dc2    program     static C:\Data\MPLAB\AndriodIOFirmware_v11.X\AndroidIO_v11.asm
                  j_0_283   0x001de0    program     static C:\Data\MPLAB\AndriodIOFirmware_v11.X\AndroidIO_v11.asm
                  j_0_284   0x001de6    program     static C:\Data\MPLAB\AndriodIOFirmware_v11.X\AndroidIO_v11.asm
                  j_0_285   0x001def    program     static C:\Data\MPLAB\AndriodIOFirmware_v11.X\AndroidIO_v11.asm
                  j_0_286   0x001df8    program     static C:\Data\MPLAB\AndriodIOFirmware_v11.X\AndroidIO_v11.asm
                  j_0_287   0x001e01    program     static C:\Data\MPLAB\AndriodIOFirmware_v11.X\AndroidIO_v11.asm
                  j_0_288   0x001e0d    program     static C:\Data\MPLAB\AndriodIOFirmware_v11.X\AndroidIO_v11.asm
                  j_0_289   0x001e16    program     static C:\Data\MPLAB\AndriodIOFirmware_v11.X\AndroidIO_v11.asm
                   j_0_29   0x000597    program     static C:\Data\MPLAB\AndriodIOFirmware_v11.X\AndroidIO_v11.asm
                  j_0_290   0x001e22    program     static C:\Data\MPLAB\AndriodIOFirmware_v11.X\AndroidIO_v11.asm
                  j_0_291   0x001e4d    program     static C:\Data\MPLAB\AndriodIOFirmware_v11.X\AndroidIO_v11.asm
                  j_0_292   0x001e64    program     static C:\Data\MPLAB\AndriodIOFirmware_v11.X\AndroidIO_v11.asm
                  j_0_293   0x001e6d    program     static C:\Data\MPLAB\AndriodIOFirmware_v11.X\AndroidIO_v11.asm
                  j_0_294   0x001e92    program     static C:\Data\MPLAB\AndriodIOFirmware_v11.X\AndroidIO_v11.asm
                  j_0_295   0x001eb4    program     static C:\Data\MPLAB\AndriodIOFirmware_v11.X\AndroidIO_v11.asm
                  j_0_296   0x001edc    program     static C:\Data\MPLAB\AndriodIOFirmware_v11.X\AndroidIO_v11.asm
                  j_0_297   0x001ef2    program     static C:\Data\MPLAB\AndriodIOFirmware_v11.X\AndroidIO_v11.asm
                  j_0_298   0x001efe    program     static C:\Data\MPLAB\AndriodIOFirmware_v11.X\AndroidIO_v11.asm
                  j_0_299   0x001f18    program     static C:\Data\MPLAB\AndriodIOFirmware_v11.X\AndroidIO_v11.asm
                    j_0_3   0x00033e    program     static C:\Data\MPLAB\AndriodIOFirmware_v11.X\AndroidIO_v11.asm
                   j_0_30   0x0005c2    program     static C:\Data\MPLAB\AndriodIOFirmware_v11.X\AndroidIO_v11.asm
                  j_0_300   0x001f24    program     static C:\Data\MPLAB\AndriodIOFirmware_v11.X\AndroidIO_v11.asm
                  j_0_301   0x001f3e    program     static C:\Data\MPLAB\AndriodIOFirmware_v11.X\AndroidIO_v11.asm
                  j_0_302   0x001f4a    program     static C:\Data\MPLAB\AndriodIOFirmware_v11.X\AndroidIO_v11.asm
                  j_0_303   0x001f64    program     static C:\Data\MPLAB\AndriodIOFirmware_v11.X\AndroidIO_v11.asm
                  j_0_304   0x001f70    program     static C:\Data\MPLAB\AndriodIOFirmware_v11.X\AndroidIO_v11.asm
                  j_0_305   0x001f8a    program     static C:\Data\MPLAB\AndriodIOFirmware_v11.X\AndroidIO_v11.asm
                  j_0_306   0x001f96    program     static C:\Data\MPLAB\AndriodIOFirmware_v11.X\AndroidIO_v11.asm
                  j_0_307   0x001fb0    program     static C:\Data\MPLAB\AndriodIOFirmware_v11.X\AndroidIO_v11.asm
                  j_0_308   0x001fbc    program     static C:\Data\MPLAB\AndriodIOFirmware_v11.X\AndroidIO_v11.asm
                  j_0_309   0x001fd6    program     static C:\Data\MPLAB\AndriodIOFirmware_v11.X\AndroidIO_v11.asm
                   j_0_31   0x0005f1    program     static C:\Data\MPLAB\AndriodIOFirmware_v11.X\AndroidIO_v11.asm
                  j_0_310   0x001fe2    program     static C:\Data\MPLAB\AndriodIOFirmware_v11.X\AndroidIO_v11.asm
                  j_0_311   0x001ffc    program     static C:\Data\MPLAB\AndriodIOFirmware_v11.X\AndroidIO_v11.asm
                  j_0_312   0x002008    program     static C:\Data\MPLAB\AndriodIOFirmware_v11.X\AndroidIO_v11.asm
                  j_0_313   0x00201c    program     static C:\Data\MPLAB\AndriodIOFirmware_v11.X\AndroidIO_v11.asm
                  j_0_314   0x00202a    program     static C:\Data\MPLAB\AndriodIOFirmware_v11.X\AndroidIO_v11.asm
                  j_0_315   0x002036    program     static C:\Data\MPLAB\AndriodIOFirmware_v11.X\AndroidIO_v11.asm
                  j_0_316   0x00203e    program     static C:\Data\MPLAB\AndriodIOFirmware_v11.X\AndroidIO_v11.asm
                  j_0_317   0x00240f    program     static C:\Data\MPLAB\AndriodIOFirmware_v11.X\AndroidIO_v11.asm
                  j_0_318   0x002415    program     static C:\Data\MPLAB\AndriodIOFirmware_v11.X\AndroidIO_v11.asm
                  j_0_319   0x00241f    program     static C:\Data\MPLAB\AndriodIOFirmware_v11.X\AndroidIO_v11.asm
                   j_0_32   0x0005f8    program     static C:\Data\MPLAB\AndriodIOFirmware_v11.X\AndroidIO_v11.asm
                  j_0_320   0x00243a    program     static C:\Data\MPLAB\AndriodIOFirmware_v11.X\AndroidIO_v11.asm
                  j_0_321   0x002448    program     static C:\Data\MPLAB\AndriodIOFirmware_v11.X\AndroidIO_v11.asm
                  j_0_322   0x002451    program     static C:\Data\MPLAB\AndriodIOFirmware_v11.X\AndroidIO_v11.asm
                  j_0_323   0x00245d    program     static C:\Data\MPLAB\AndriodIOFirmware_v11.X\AndroidIO_v11.asm
                  j_0_324   0x002471    program     static C:\Data\MPLAB\AndriodIOFirmware_v11.X\AndroidIO_v11.asm
                  j_0_325   0x002477    program     static C:\Data\MPLAB\AndriodIOFirmware_v11.X\AndroidIO_v11.asm
                  j_0_326   0x002485    program     static C:\Data\MPLAB\AndriodIOFirmware_v11.X\AndroidIO_v11.asm
                  j_0_327   0x00249d    program     static C:\Data\MPLAB\AndriodIOFirmware_v11.X\AndroidIO_v11.asm
                  j_0_328   0x00249f    program     static C:\Data\MPLAB\AndriodIOFirmware_v11.X\AndroidIO_v11.asm
                  j_0_329   0x0024a6    program     static C:\Data\MPLAB\AndriodIOFirmware_v11.X\AndroidIO_v11.asm
                   j_0_33   0x0005fe    program     static C:\Data\MPLAB\AndriodIOFirmware_v11.X\AndroidIO_v11.asm
                  j_0_330   0x0024a8    program     static C:\Data\MPLAB\AndriodIOFirmware_v11.X\AndroidIO_v11.asm
                  j_0_331   0x0024b5    program     static C:\Data\MPLAB\AndriodIOFirmware_v11.X\AndroidIO_v11.asm
                  j_0_332   0x0024bb    program     static C:\Data\MPLAB\AndriodIOFirmware_v11.X\AndroidIO_v11.asm
                  j_0_333   0x0024c1    program     static C:\Data\MPLAB\AndriodIOFirmware_v11.X\AndroidIO_v11.asm
                  j_0_334   0x0024d1    program     static C:\Data\MPLAB\AndriodIOFirmware_v11.X\AndroidIO_v11.asm
                  j_0_335   0x0024df    program     static C:\Data\MPLAB\AndriodIOFirmware_v11.X\AndroidIO_v11.asm
                  j_0_336   0x0024e5    program     static C:\Data\MPLAB\AndriodIOFirmware_v11.X\AndroidIO_v11.asm
                  j_0_337   0x0024eb    program     static C:\Data\MPLAB\AndriodIOFirmware_v11.X\AndroidIO_v11.asm
                  j_0_338   0x0024fb    program     static C:\Data\MPLAB\AndriodIOFirmware_v11.X\AndroidIO_v11.asm
                  j_0_339   0x00250b    program     static C:\Data\MPLAB\AndriodIOFirmware_v11.X\AndroidIO_v11.asm
                   j_0_34   0x000629    program     static C:\Data\MPLAB\AndriodIOFirmware_v11.X\AndroidIO_v11.asm
                  j_0_340   0x002511    program     static C:\Data\MPLAB\AndriodIOFirmware_v11.X\AndroidIO_v11.asm
                  j_0_341   0x002520    program     static C:\Data\MPLAB\AndriodIOFirmware_v11.X\AndroidIO_v11.asm
                  j_0_342   0x00252f    program     static C:\Data\MPLAB\AndriodIOFirmware_v11.X\AndroidIO_v11.asm
                  j_0_343   0x002535    program     static C:\Data\MPLAB\AndriodIOFirmware_v11.X\AndroidIO_v11.asm
                  j_0_344   0x002545    program     static C:\Data\MPLAB\AndriodIOFirmware_v11.X\AndroidIO_v11.asm
                  j_0_345   0x002553    program     static C:\Data\MPLAB\AndriodIOFirmware_v11.X\AndroidIO_v11.asm
                  j_0_346   0x002559    program     static C:\Data\MPLAB\AndriodIOFirmware_v11.X\AndroidIO_v11.asm
                  j_0_347   0x00255f    program     static C:\Data\MPLAB\AndriodIOFirmware_v11.X\AndroidIO_v11.asm
                  j_0_348   0x00256f    program     static C:\Data\MPLAB\AndriodIOFirmware_v11.X\AndroidIO_v11.asm
                  j_0_349   0x00257f    program     static C:\Data\MPLAB\AndriodIOFirmware_v11.X\AndroidIO_v11.asm
                   j_0_35   0x000658    program     static C:\Data\MPLAB\AndriodIOFirmware_v11.X\AndroidIO_v11.asm
                  j_0_350   0x002585    program     static C:\Data\MPLAB\AndriodIOFirmware_v11.X\AndroidIO_v11.asm
                  j_0_351   0x002594    program     static C:\Data\MPLAB\AndriodIOFirmware_v11.X\AndroidIO_v11.asm
                  j_0_352   0x0025a3    program     static C:\Data\MPLAB\AndriodIOFirmware_v11.X\AndroidIO_v11.asm
                  j_0_353   0x0025a9    program     static C:\Data\MPLAB\AndriodIOFirmware_v11.X\AndroidIO_v11.asm
                  j_0_354   0x0025af    program     static C:\Data\MPLAB\AndriodIOFirmware_v11.X\AndroidIO_v11.asm
                  j_0_355   0x0025bf    program     static C:\Data\MPLAB\AndriodIOFirmware_v11.X\AndroidIO_v11.asm
                  j_0_356   0x0025cf    program     static C:\Data\MPLAB\AndriodIOFirmware_v11.X\AndroidIO_v11.asm
                  j_0_357   0x0025d5    program     static C:\Data\MPLAB\AndriodIOFirmware_v11.X\AndroidIO_v11.asm
                  j_0_358   0x0025e4    program     static C:\Data\MPLAB\AndriodIOFirmware_v11.X\AndroidIO_v11.asm
                  j_0_359   0x002634    program     static C:\Data\MPLAB\AndriodIOFirmware_v11.X\AndroidIO_v11.asm
                   j_0_36   0x00065f    program     static C:\Data\MPLAB\AndriodIOFirmware_v11.X\AndroidIO_v11.asm
                  j_0_360   0x00263f    program     static C:\Data\MPLAB\AndriodIOFirmware_v11.X\AndroidIO_v11.asm
                  j_0_361   0x00264a    program     static C:\Data\MPLAB\AndriodIOFirmware_v11.X\AndroidIO_v11.asm
                  j_0_362   0x002655    program     static C:\Data\MPLAB\AndriodIOFirmware_v11.X\AndroidIO_v11.asm
                  j_0_363   0x002660    program     static C:\Data\MPLAB\AndriodIOFirmware_v11.X\AndroidIO_v11.asm
                  j_0_364   0x00266b    program     static C:\Data\MPLAB\AndriodIOFirmware_v11.X\AndroidIO_v11.asm
                  j_0_365   0x002676    program     static C:\Data\MPLAB\AndriodIOFirmware_v11.X\AndroidIO_v11.asm
                  j_0_366   0x002681    program     static C:\Data\MPLAB\AndriodIOFirmware_v11.X\AndroidIO_v11.asm
                  j_0_367   0x0026e3    program     static C:\Data\MPLAB\AndriodIOFirmware_v11.X\AndroidIO_v11.asm
                  j_0_368   0x002707    program     static C:\Data\MPLAB\AndriodIOFirmware_v11.X\AndroidIO_v11.asm
                  j_0_369   0x00272f    program     static C:\Data\MPLAB\AndriodIOFirmware_v11.X\AndroidIO_v11.asm
                   j_0_37   0x000665    program     static C:\Data\MPLAB\AndriodIOFirmware_v11.X\AndroidIO_v11.asm
                  j_0_370   0x002740    program     static C:\Data\MPLAB\AndriodIOFirmware_v11.X\AndroidIO_v11.asm
                  j_0_371   0x002763    program     static C:\Data\MPLAB\AndriodIOFirmware_v11.X\AndroidIO_v11.asm
                  j_0_372   0x00277a    program     static C:\Data\MPLAB\AndriodIOFirmware_v11.X\AndroidIO_v11.asm
                  j_0_373   0x002780    program     static C:\Data\MPLAB\AndriodIOFirmware_v11.X\AndroidIO_v11.asm
                  j_0_374   0x002786    program     static C:\Data\MPLAB\AndriodIOFirmware_v11.X\AndroidIO_v11.asm
                  j_0_375   0x0027a2    program     static C:\Data\MPLAB\AndriodIOFirmware_v11.X\AndroidIO_v11.asm
                  j_0_376   0x0027be    program     static C:\Data\MPLAB\AndriodIOFirmware_v11.X\AndroidIO_v11.asm
                  j_0_377   0x0027c4    program     static C:\Data\MPLAB\AndriodIOFirmware_v11.X\AndroidIO_v11.asm
                  j_0_378   0x0027e0    program     static C:\Data\MPLAB\AndriodIOFirmware_v11.X\AndroidIO_v11.asm
                  j_0_379   0x002811    program     static C:\Data\MPLAB\AndriodIOFirmware_v11.X\AndroidIO_v11.asm
                   j_0_38   0x000690    program     static C:\Data\MPLAB\AndriodIOFirmware_v11.X\AndroidIO_v11.asm
                  j_0_380   0x002817    program     static C:\Data\MPLAB\AndriodIOFirmware_v11.X\AndroidIO_v11.asm
                  j_0_381   0x00283f    program     static C:\Data\MPLAB\AndriodIOFirmware_v11.X\AndroidIO_v11.asm
                  j_0_382   0x002880    program     static C:\Data\MPLAB\AndriodIOFirmware_v11.X\AndroidIO_v11.asm
                  j_0_383   0x002894    program     static C:\Data\MPLAB\AndriodIOFirmware_v11.X\AndroidIO_v11.asm
                  j_0_384   0x0028e8    program     static C:\Data\MPLAB\AndriodIOFirmware_v11.X\AndroidIO_v11.asm
                  j_0_385   0x002971    program     static C:\Data\MPLAB\AndriodIOFirmware_v11.X\AndroidIO_v11.asm
                  j_0_386   0x0029aa    program     static C:\Data\MPLAB\AndriodIOFirmware_v11.X\AndroidIO_v11.asm
                  j_0_387   0x0029bc    program     static C:\Data\MPLAB\AndriodIOFirmware_v11.X\AndroidIO_v11.asm
                  j_0_388   0x0029ec    program     static C:\Data\MPLAB\AndriodIOFirmware_v11.X\AndroidIO_v11.asm
                  j_0_389   0x002a11    program     static C:\Data\MPLAB\AndriodIOFirmware_v11.X\AndroidIO_v11.asm
                   j_0_39   0x0006bf    program     static C:\Data\MPLAB\AndriodIOFirmware_v11.X\AndroidIO_v11.asm
                  j_0_390   0x002a27    program     static C:\Data\MPLAB\AndriodIOFirmware_v11.X\AndroidIO_v11.asm
                  j_0_391   0x002a53    program     static C:\Data\MPLAB\AndriodIOFirmware_v11.X\AndroidIO_v11.asm
                  j_0_392   0x002a6a    program     static C:\Data\MPLAB\AndriodIOFirmware_v11.X\AndroidIO_v11.asm
                  j_0_393   0x002a94    program     static C:\Data\MPLAB\AndriodIOFirmware_v11.X\AndroidIO_v11.asm
                  j_0_394   0x002ab3    program     static C:\Data\MPLAB\AndriodIOFirmware_v11.X\AndroidIO_v11.asm
                  j_0_395   0x002ac4    program     static C:\Data\MPLAB\AndriodIOFirmware_v11.X\AndroidIO_v11.asm
                  j_0_396   0x002b0b    program     static C:\Data\MPLAB\AndriodIOFirmware_v11.X\AndroidIO_v11.asm
                  j_0_397   0x002b27    program     static C:\Data\MPLAB\AndriodIOFirmware_v11.X\AndroidIO_v11.asm
                  j_0_398   0x002b35    program     static C:\Data\MPLAB\AndriodIOFirmware_v11.X\AndroidIO_v11.asm
                  j_0_399   0x002b43    program     static C:\Data\MPLAB\AndriodIOFirmware_v11.X\AndroidIO_v11.asm
                    j_0_4   0x00034a    program     static C:\Data\MPLAB\AndriodIOFirmware_v11.X\AndroidIO_v11.asm
                   j_0_40   0x0006c6    program     static C:\Data\MPLAB\AndriodIOFirmware_v11.X\AndroidIO_v11.asm
                  j_0_400   0x002b51    program     static C:\Data\MPLAB\AndriodIOFirmware_v11.X\AndroidIO_v11.asm
                  j_0_401   0x002b5a    program     static C:\Data\MPLAB\AndriodIOFirmware_v11.X\AndroidIO_v11.asm
                  j_0_402   0x002b63    program     static C:\Data\MPLAB\AndriodIOFirmware_v11.X\AndroidIO_v11.asm
                  j_0_403   0x002b6e    program     static C:\Data\MPLAB\AndriodIOFirmware_v11.X\AndroidIO_v11.asm
                  j_0_404   0x002b77    program     static C:\Data\MPLAB\AndriodIOFirmware_v11.X\AndroidIO_v11.asm
                  j_0_405   0x002b82    program     static C:\Data\MPLAB\AndriodIOFirmware_v11.X\AndroidIO_v11.asm
                  j_0_406   0x002bc7    program     static C:\Data\MPLAB\AndriodIOFirmware_v11.X\AndroidIO_v11.asm
                  j_0_407   0x002bcf    program     static C:\Data\MPLAB\AndriodIOFirmware_v11.X\AndroidIO_v11.asm
                  j_0_408   0x002bd7    program     static C:\Data\MPLAB\AndriodIOFirmware_v11.X\AndroidIO_v11.asm
                  j_0_409   0x002bdf    program     static C:\Data\MPLAB\AndriodIOFirmware_v11.X\AndroidIO_v11.asm
                   j_0_41   0x0006cc    program     static C:\Data\MPLAB\AndriodIOFirmware_v11.X\AndroidIO_v11.asm
                  j_0_410   0x002be7    program     static C:\Data\MPLAB\AndriodIOFirmware_v11.X\AndroidIO_v11.asm
                  j_0_411   0x002bef    program     static C:\Data\MPLAB\AndriodIOFirmware_v11.X\AndroidIO_v11.asm
                  j_0_412   0x002bf7    program     static C:\Data\MPLAB\AndriodIOFirmware_v11.X\AndroidIO_v11.asm
                  j_0_413   0x002bff    program     static C:\Data\MPLAB\AndriodIOFirmware_v11.X\AndroidIO_v11.asm
                  j_0_414   0x002c07    program     static C:\Data\MPLAB\AndriodIOFirmware_v11.X\AndroidIO_v11.asm
                  j_0_415   0x002c0f    program     static C:\Data\MPLAB\AndriodIOFirmware_v11.X\AndroidIO_v11.asm
                  j_0_416   0x002c17    program     static C:\Data\MPLAB\AndriodIOFirmware_v11.X\AndroidIO_v11.asm
                  j_0_417   0x002c1f    program     static C:\Data\MPLAB\AndriodIOFirmware_v11.X\AndroidIO_v11.asm
                  j_0_418   0x002c27    program     static C:\Data\MPLAB\AndriodIOFirmware_v11.X\AndroidIO_v11.asm
                  j_0_419   0x002c2f    program     static C:\Data\MPLAB\AndriodIOFirmware_v11.X\AndroidIO_v11.asm
                   j_0_42   0x0006f7    program     static C:\Data\MPLAB\AndriodIOFirmware_v11.X\AndroidIO_v11.asm
                  j_0_420   0x002c37    program     static C:\Data\MPLAB\AndriodIOFirmware_v11.X\AndroidIO_v11.asm
                  j_0_421   0x002c3f    program     static C:\Data\MPLAB\AndriodIOFirmware_v11.X\AndroidIO_v11.asm
                  j_0_422   0x002c47    program     static C:\Data\MPLAB\AndriodIOFirmware_v11.X\AndroidIO_v11.asm
                  j_0_423   0x002c4f    program     static C:\Data\MPLAB\AndriodIOFirmware_v11.X\AndroidIO_v11.asm
                  j_0_424   0x002c57    program     static C:\Data\MPLAB\AndriodIOFirmware_v11.X\AndroidIO_v11.asm
                  j_0_425   0x002c5f    program     static C:\Data\MPLAB\AndriodIOFirmware_v11.X\AndroidIO_v11.asm
                  j_0_426   0x002c67    program     static C:\Data\MPLAB\AndriodIOFirmware_v11.X\AndroidIO_v11.asm
                  j_0_427   0x002c6f    program     static C:\Data\MPLAB\AndriodIOFirmware_v11.X\AndroidIO_v11.asm
                  j_0_428   0x002c77    program     static C:\Data\MPLAB\AndriodIOFirmware_v11.X\AndroidIO_v11.asm
                  j_0_429   0x002c7f    program     static C:\Data\MPLAB\AndriodIOFirmware_v11.X\AndroidIO_v11.asm
                   j_0_43   0x000720    program     static C:\Data\MPLAB\AndriodIOFirmware_v11.X\AndroidIO_v11.asm
                  j_0_430   0x002c87    program     static C:\Data\MPLAB\AndriodIOFirmware_v11.X\AndroidIO_v11.asm
                  j_0_431   0x002c8f    program     static C:\Data\MPLAB\AndriodIOFirmware_v11.X\AndroidIO_v11.asm
                  j_0_432   0x002c97    program     static C:\Data\MPLAB\AndriodIOFirmware_v11.X\AndroidIO_v11.asm
                  j_0_433   0x002c9f    program     static C:\Data\MPLAB\AndriodIOFirmware_v11.X\AndroidIO_v11.asm
                  j_0_434   0x002ca7    program     static C:\Data\MPLAB\AndriodIOFirmware_v11.X\AndroidIO_v11.asm
                  j_0_435   0x002caf    program     static C:\Data\MPLAB\AndriodIOFirmware_v11.X\AndroidIO_v11.asm
                  j_0_436   0x002ce4    program     static C:\Data\MPLAB\AndriodIOFirmware_v11.X\AndroidIO_v11.asm
                  j_0_437   0x002ced    program     static C:\Data\MPLAB\AndriodIOFirmware_v11.X\AndroidIO_v11.asm
                  j_0_438   0x002cf6    program     static C:\Data\MPLAB\AndriodIOFirmware_v11.X\AndroidIO_v11.asm
                  j_0_439   0x002d02    program     static C:\Data\MPLAB\AndriodIOFirmware_v11.X\AndroidIO_v11.asm
                   j_0_44   0x00072b    program     static C:\Data\MPLAB\AndriodIOFirmware_v11.X\AndroidIO_v11.asm
                  j_0_440   0x002d0b    program     static C:\Data\MPLAB\AndriodIOFirmware_v11.X\AndroidIO_v11.asm
                  j_0_441   0x002d17    program     static C:\Data\MPLAB\AndriodIOFirmware_v11.X\AndroidIO_v11.asm
                  j_0_442   0x002d28    program     static C:\Data\MPLAB\AndriodIOFirmware_v11.X\AndroidIO_v11.asm
                  j_0_443   0x002d52    program     static C:\Data\MPLAB\AndriodIOFirmware_v11.X\AndroidIO_v11.asm
                  j_0_444   0x002d60    program     static C:\Data\MPLAB\AndriodIOFirmware_v11.X\AndroidIO_v11.asm
                  j_0_445   0x002d9a    program     static C:\Data\MPLAB\AndriodIOFirmware_v11.X\AndroidIO_v11.asm
                  j_0_446   0x002da5    program     static C:\Data\MPLAB\AndriodIOFirmware_v11.X\AndroidIO_v11.asm
                  j_0_447   0x002dc0    program     static C:\Data\MPLAB\AndriodIOFirmware_v11.X\AndroidIO_v11.asm
                  j_0_448   0x002dd8    program     static C:\Data\MPLAB\AndriodIOFirmware_v11.X\AndroidIO_v11.asm
                  j_0_449   0x002e3c    program     static C:\Data\MPLAB\AndriodIOFirmware_v11.X\AndroidIO_v11.asm
                   j_0_45   0x000741    program     static C:\Data\MPLAB\AndriodIOFirmware_v11.X\AndroidIO_v11.asm
                  j_0_450   0x002e72    program     static C:\Data\MPLAB\AndriodIOFirmware_v11.X\AndroidIO_v11.asm
                  j_0_451   0x002eab    program     static C:\Data\MPLAB\AndriodIOFirmware_v11.X\AndroidIO_v11.asm
                  j_0_452   0x002ecf    program     static C:\Data\MPLAB\AndriodIOFirmware_v11.X\AndroidIO_v11.asm
                  j_0_453   0x002f13    program     static C:\Data\MPLAB\AndriodIOFirmware_v11.X\AndroidIO_v11.asm
                  j_0_454   0x002f25    program     static C:\Data\MPLAB\AndriodIOFirmware_v11.X\AndroidIO_v11.asm
                  j_0_455   0x002f48    program     static C:\Data\MPLAB\AndriodIOFirmware_v11.X\AndroidIO_v11.asm
                  j_0_456   0x002f64    program     static C:\Data\MPLAB\AndriodIOFirmware_v11.X\AndroidIO_v11.asm
                  j_0_457   0x002fcd    program     static C:\Data\MPLAB\AndriodIOFirmware_v11.X\AndroidIO_v11.asm
                  j_0_458   0x002ff7    program     static C:\Data\MPLAB\AndriodIOFirmware_v11.X\AndroidIO_v11.asm
                  j_0_459   0x00311c    program     static C:\Data\MPLAB\AndriodIOFirmware_v11.X\AndroidIO_v11.asm
                   j_0_46   0x000757    program     static C:\Data\MPLAB\AndriodIOFirmware_v11.X\AndroidIO_v11.asm
                  j_0_460   0x003138    program     static C:\Data\MPLAB\AndriodIOFirmware_v11.X\AndroidIO_v11.asm
                  j_0_461   0x003146    program     static C:\Data\MPLAB\AndriodIOFirmware_v11.X\AndroidIO_v11.asm
                  j_0_462   0x003154    program     static C:\Data\MPLAB\AndriodIOFirmware_v11.X\AndroidIO_v11.asm
                  j_0_463   0x003162    program     static C:\Data\MPLAB\AndriodIOFirmware_v11.X\AndroidIO_v11.asm
                  j_0_464   0x00316b    program     static C:\Data\MPLAB\AndriodIOFirmware_v11.X\AndroidIO_v11.asm
                  j_0_465   0x003174    program     static C:\Data\MPLAB\AndriodIOFirmware_v11.X\AndroidIO_v11.asm
                  j_0_466   0x00317f    program     static C:\Data\MPLAB\AndriodIOFirmware_v11.X\AndroidIO_v11.asm
                  j_0_467   0x003188    program     static C:\Data\MPLAB\AndriodIOFirmware_v11.X\AndroidIO_v11.asm
                  j_0_468   0x003193    program     static C:\Data\MPLAB\AndriodIOFirmware_v11.X\AndroidIO_v11.asm
                  j_0_469   0x0031ed    program     static C:\Data\MPLAB\AndriodIOFirmware_v11.X\AndroidIO_v11.asm
                   j_0_47   0x00076d    program     static C:\Data\MPLAB\AndriodIOFirmware_v11.X\AndroidIO_v11.asm
                  j_0_470   0x00321e    program     static C:\Data\MPLAB\AndriodIOFirmware_v11.X\AndroidIO_v11.asm
                  j_0_471   0x003232    program     static C:\Data\MPLAB\AndriodIOFirmware_v11.X\AndroidIO_v11.asm
                  j_0_472   0x00323e    program     static C:\Data\MPLAB\AndriodIOFirmware_v11.X\AndroidIO_v11.asm
                  j_0_473   0x003247    program     static C:\Data\MPLAB\AndriodIOFirmware_v11.X\AndroidIO_v11.asm
                  j_0_474   0x003251    program     static C:\Data\MPLAB\AndriodIOFirmware_v11.X\AndroidIO_v11.asm
                  j_0_475   0x00325a    program     static C:\Data\MPLAB\AndriodIOFirmware_v11.X\AndroidIO_v11.asm
                  j_0_476   0x003264    program     static C:\Data\MPLAB\AndriodIOFirmware_v11.X\AndroidIO_v11.asm
                  j_0_477   0x00326d    program     static C:\Data\MPLAB\AndriodIOFirmware_v11.X\AndroidIO_v11.asm
                  j_0_478   0x003277    program     static C:\Data\MPLAB\AndriodIOFirmware_v11.X\AndroidIO_v11.asm
                  j_0_479   0x003293    program     static C:\Data\MPLAB\AndriodIOFirmware_v11.X\AndroidIO_v11.asm
                   j_0_48   0x000783    program     static C:\Data\MPLAB\AndriodIOFirmware_v11.X\AndroidIO_v11.asm
                  j_0_480   0x0032bc    program     static C:\Data\MPLAB\AndriodIOFirmware_v11.X\AndroidIO_v11.asm
                  j_0_481   0x0032d9    program     static C:\Data\MPLAB\AndriodIOFirmware_v11.X\AndroidIO_v11.asm
                  j_0_482   0x003332    program     static C:\Data\MPLAB\AndriodIOFirmware_v11.X\AndroidIO_v11.asm
                  j_0_483   0x00334d    program     static C:\Data\MPLAB\AndriodIOFirmware_v11.X\AndroidIO_v11.asm
                  j_0_484   0x00337a    program     static C:\Data\MPLAB\AndriodIOFirmware_v11.X\AndroidIO_v11.asm
                  j_0_485   0x003383    program     static C:\Data\MPLAB\AndriodIOFirmware_v11.X\AndroidIO_v11.asm
                  j_0_486   0x00338c    program     static C:\Data\MPLAB\AndriodIOFirmware_v11.X\AndroidIO_v11.asm
                  j_0_487   0x003399    program     static C:\Data\MPLAB\AndriodIOFirmware_v11.X\AndroidIO_v11.asm
                  j_0_488   0x0033a2    program     static C:\Data\MPLAB\AndriodIOFirmware_v11.X\AndroidIO_v11.asm
                  j_0_489   0x0033af    program     static C:\Data\MPLAB\AndriodIOFirmware_v11.X\AndroidIO_v11.asm
                   j_0_49   0x000799    program     static C:\Data\MPLAB\AndriodIOFirmware_v11.X\AndroidIO_v11.asm
                  j_0_490   0x0033bc    program     static C:\Data\MPLAB\AndriodIOFirmware_v11.X\AndroidIO_v11.asm
                  j_0_491   0x0033cd    program     static C:\Data\MPLAB\AndriodIOFirmware_v11.X\AndroidIO_v11.asm
                  j_0_492   0x0033e4    program     static C:\Data\MPLAB\AndriodIOFirmware_v11.X\AndroidIO_v11.asm
                  j_0_493   0x0033ee    program     static C:\Data\MPLAB\AndriodIOFirmware_v11.X\AndroidIO_v11.asm
                  j_0_494   0x00340a    program     static C:\Data\MPLAB\AndriodIOFirmware_v11.X\AndroidIO_v11.asm
                  j_0_495   0x00344b    program     static C:\Data\MPLAB\AndriodIOFirmware_v11.X\AndroidIO_v11.asm
                  j_0_496   0x00345a    program     static C:\Data\MPLAB\AndriodIOFirmware_v11.X\AndroidIO_v11.asm
                  j_0_497   0x003462    program     static C:\Data\MPLAB\AndriodIOFirmware_v11.X\AndroidIO_v11.asm
                  j_0_498   0x00346b    program     static C:\Data\MPLAB\AndriodIOFirmware_v11.X\AndroidIO_v11.asm
                  j_0_499   0x003474    program     static C:\Data\MPLAB\AndriodIOFirmware_v11.X\AndroidIO_v11.asm
                    j_0_5   0x000380    program     static C:\Data\MPLAB\AndriodIOFirmware_v11.X\AndroidIO_v11.asm
                   j_0_50   0x0007af    program     static C:\Data\MPLAB\AndriodIOFirmware_v11.X\AndroidIO_v11.asm
                  j_0_500   0x00347f    program     static C:\Data\MPLAB\AndriodIOFirmware_v11.X\AndroidIO_v11.asm
                  j_0_501   0x003488    program     static C:\Data\MPLAB\AndriodIOFirmware_v11.X\AndroidIO_v11.asm
                  j_0_502   0x003493    program     static C:\Data\MPLAB\AndriodIOFirmware_v11.X\AndroidIO_v11.asm
                  j_0_503   0x0034af    program     static C:\Data\MPLAB\AndriodIOFirmware_v11.X\AndroidIO_v11.asm
                  j_0_504   0x0034b8    program     static C:\Data\MPLAB\AndriodIOFirmware_v11.X\AndroidIO_v11.asm
                  j_0_505   0x0034c1    program     static C:\Data\MPLAB\AndriodIOFirmware_v11.X\AndroidIO_v11.asm
                  j_0_506   0x0034ce    program     static C:\Data\MPLAB\AndriodIOFirmware_v11.X\AndroidIO_v11.asm
                  j_0_507   0x0034d7    program     static C:\Data\MPLAB\AndriodIOFirmware_v11.X\AndroidIO_v11.asm
                  j_0_508   0x0034e4    program     static C:\Data\MPLAB\AndriodIOFirmware_v11.X\AndroidIO_v11.asm
                  j_0_509   0x0034f9    program     static C:\Data\MPLAB\AndriodIOFirmware_v11.X\AndroidIO_v11.asm
                   j_0_51   0x0007c5    program     static C:\Data\MPLAB\AndriodIOFirmware_v11.X\AndroidIO_v11.asm
                  j_0_510   0x00352c    program     static C:\Data\MPLAB\AndriodIOFirmware_v11.X\AndroidIO_v11.asm
                  j_0_511   0x0035a2    program     static C:\Data\MPLAB\AndriodIOFirmware_v11.X\AndroidIO_v11.asm
                  j_0_512   0x0035be    program     static C:\Data\MPLAB\AndriodIOFirmware_v11.X\AndroidIO_v11.asm
                  j_0_513   0x0035cc    program     static C:\Data\MPLAB\AndriodIOFirmware_v11.X\AndroidIO_v11.asm
                  j_0_514   0x0035da    program     static C:\Data\MPLAB\AndriodIOFirmware_v11.X\AndroidIO_v11.asm
                  j_0_515   0x0035e8    program     static C:\Data\MPLAB\AndriodIOFirmware_v11.X\AndroidIO_v11.asm
                  j_0_516   0x0035f1    program     static C:\Data\MPLAB\AndriodIOFirmware_v11.X\AndroidIO_v11.asm
                  j_0_517   0x0035fa    program     static C:\Data\MPLAB\AndriodIOFirmware_v11.X\AndroidIO_v11.asm
                  j_0_518   0x003605    program     static C:\Data\MPLAB\AndriodIOFirmware_v11.X\AndroidIO_v11.asm
                  j_0_519   0x00360e    program     static C:\Data\MPLAB\AndriodIOFirmware_v11.X\AndroidIO_v11.asm
                   j_0_52   0x0007db    program     static C:\Data\MPLAB\AndriodIOFirmware_v11.X\AndroidIO_v11.asm
                  j_0_520   0x003619    program     static C:\Data\MPLAB\AndriodIOFirmware_v11.X\AndroidIO_v11.asm
                  j_0_521   0x00365d    program     static C:\Data\MPLAB\AndriodIOFirmware_v11.X\AndroidIO_v11.asm
                  j_0_522   0x003671    program     static C:\Data\MPLAB\AndriodIOFirmware_v11.X\AndroidIO_v11.asm
                  j_0_523   0x003685    program     static C:\Data\MPLAB\AndriodIOFirmware_v11.X\AndroidIO_v11.asm
                  j_0_524   0x0036c8    program     static C:\Data\MPLAB\AndriodIOFirmware_v11.X\AndroidIO_v11.asm
                  j_0_525   0x0036d7    program     static C:\Data\MPLAB\AndriodIOFirmware_v11.X\AndroidIO_v11.asm
                  j_0_526   0x0036e1    program     static C:\Data\MPLAB\AndriodIOFirmware_v11.X\AndroidIO_v11.asm
                  j_0_527   0x0036ea    program     static C:\Data\MPLAB\AndriodIOFirmware_v11.X\AndroidIO_v11.asm
                  j_0_528   0x0036f3    program     static C:\Data\MPLAB\AndriodIOFirmware_v11.X\AndroidIO_v11.asm
                  j_0_529   0x003700    program     static C:\Data\MPLAB\AndriodIOFirmware_v11.X\AndroidIO_v11.asm
                   j_0_53   0x0007f1    program     static C:\Data\MPLAB\AndriodIOFirmware_v11.X\AndroidIO_v11.asm
                  j_0_530   0x003709    program     static C:\Data\MPLAB\AndriodIOFirmware_v11.X\AndroidIO_v11.asm
                  j_0_531   0x003716    program     static C:\Data\MPLAB\AndriodIOFirmware_v11.X\AndroidIO_v11.asm
                  j_0_532   0x003765    program     static C:\Data\MPLAB\AndriodIOFirmware_v11.X\AndroidIO_v11.asm
                  j_0_533   0x00376e    program     static C:\Data\MPLAB\AndriodIOFirmware_v11.X\AndroidIO_v11.asm
                  j_0_534   0x003777    program     static C:\Data\MPLAB\AndriodIOFirmware_v11.X\AndroidIO_v11.asm
                  j_0_535   0x003783    program     static C:\Data\MPLAB\AndriodIOFirmware_v11.X\AndroidIO_v11.asm
                  j_0_536   0x00378c    program     static C:\Data\MPLAB\AndriodIOFirmware_v11.X\AndroidIO_v11.asm
                  j_0_537   0x003798    program     static C:\Data\MPLAB\AndriodIOFirmware_v11.X\AndroidIO_v11.asm
                  j_0_538   0x0037ec    program     static C:\Data\MPLAB\AndriodIOFirmware_v11.X\AndroidIO_v11.asm
                  j_0_539   0x0037f8    program     static C:\Data\MPLAB\AndriodIOFirmware_v11.X\AndroidIO_v11.asm
                   j_0_54   0x000807    program     static C:\Data\MPLAB\AndriodIOFirmware_v11.X\AndroidIO_v11.asm
                  j_0_540   0x00380b    program     static C:\Data\MPLAB\AndriodIOFirmware_v11.X\AndroidIO_v11.asm
                  j_0_541   0x00382d    program     static C:\Data\MPLAB\AndriodIOFirmware_v11.X\AndroidIO_v11.asm
                  j_0_542   0x003839    program     static C:\Data\MPLAB\AndriodIOFirmware_v11.X\AndroidIO_v11.asm
                  j_0_543   0x00392d    program     static C:\Data\MPLAB\AndriodIOFirmware_v11.X\AndroidIO_v11.asm
                  j_0_544   0x003938    program     static C:\Data\MPLAB\AndriodIOFirmware_v11.X\AndroidIO_v11.asm
                  j_0_545   0x003946    program     static C:\Data\MPLAB\AndriodIOFirmware_v11.X\AndroidIO_v11.asm
                  j_0_546   0x003951    program     static C:\Data\MPLAB\AndriodIOFirmware_v11.X\AndroidIO_v11.asm
                  j_0_547   0x003978    program     static C:\Data\MPLAB\AndriodIOFirmware_v11.X\AndroidIO_v11.asm
                   j_0_55   0x000828    program     static C:\Data\MPLAB\AndriodIOFirmware_v11.X\AndroidIO_v11.asm
                   j_0_56   0x00082e    program     static C:\Data\MPLAB\AndriodIOFirmware_v11.X\AndroidIO_v11.asm
                   j_0_57   0x000834    program     static C:\Data\MPLAB\AndriodIOFirmware_v11.X\AndroidIO_v11.asm
                   j_0_58   0x000861    program     static C:\Data\MPLAB\AndriodIOFirmware_v11.X\AndroidIO_v11.asm
                   j_0_59   0x000867    program     static C:\Data\MPLAB\AndriodIOFirmware_v11.X\AndroidIO_v11.asm
                    j_0_6   0x00038a    program     static C:\Data\MPLAB\AndriodIOFirmware_v11.X\AndroidIO_v11.asm
                   j_0_60   0x0008a0    program     static C:\Data\MPLAB\AndriodIOFirmware_v11.X\AndroidIO_v11.asm
                   j_0_61   0x0008a6    program     static C:\Data\MPLAB\AndriodIOFirmware_v11.X\AndroidIO_v11.asm
                   j_0_62   0x0008ac    program     static C:\Data\MPLAB\AndriodIOFirmware_v11.X\AndroidIO_v11.asm
                   j_0_63   0x0008d9    program     static C:\Data\MPLAB\AndriodIOFirmware_v11.X\AndroidIO_v11.asm
                   j_0_64   0x0008df    program     static C:\Data\MPLAB\AndriodIOFirmware_v11.X\AndroidIO_v11.asm
                   j_0_65   0x000918    program     static C:\Data\MPLAB\AndriodIOFirmware_v11.X\AndroidIO_v11.asm
                   j_0_66   0x00091e    program     static C:\Data\MPLAB\AndriodIOFirmware_v11.X\AndroidIO_v11.asm
                   j_0_67   0x000924    program     static C:\Data\MPLAB\AndriodIOFirmware_v11.X\AndroidIO_v11.asm
                   j_0_68   0x000951    program     static C:\Data\MPLAB\AndriodIOFirmware_v11.X\AndroidIO_v11.asm
                   j_0_69   0x000957    program     static C:\Data\MPLAB\AndriodIOFirmware_v11.X\AndroidIO_v11.asm
                    j_0_7   0x000396    program     static C:\Data\MPLAB\AndriodIOFirmware_v11.X\AndroidIO_v11.asm
                   j_0_70   0x000990    program     static C:\Data\MPLAB\AndriodIOFirmware_v11.X\AndroidIO_v11.asm
                   j_0_71   0x000996    program     static C:\Data\MPLAB\AndriodIOFirmware_v11.X\AndroidIO_v11.asm
                   j_0_72   0x00099c    program     static C:\Data\MPLAB\AndriodIOFirmware_v11.X\AndroidIO_v11.asm
                   j_0_73   0x0009c9    program     static C:\Data\MPLAB\AndriodIOFirmware_v11.X\AndroidIO_v11.asm
                   j_0_74   0x0009cf    program     static C:\Data\MPLAB\AndriodIOFirmware_v11.X\AndroidIO_v11.asm
                   j_0_75   0x000a08    program     static C:\Data\MPLAB\AndriodIOFirmware_v11.X\AndroidIO_v11.asm
                   j_0_76   0x000a0e    program     static C:\Data\MPLAB\AndriodIOFirmware_v11.X\AndroidIO_v11.asm
                   j_0_77   0x000a14    program     static C:\Data\MPLAB\AndriodIOFirmware_v11.X\AndroidIO_v11.asm
                   j_0_78   0x000a41    program     static C:\Data\MPLAB\AndriodIOFirmware_v11.X\AndroidIO_v11.asm
                   j_0_79   0x000a47    program     static C:\Data\MPLAB\AndriodIOFirmware_v11.X\AndroidIO_v11.asm
                    j_0_8   0x0003cc    program     static C:\Data\MPLAB\AndriodIOFirmware_v11.X\AndroidIO_v11.asm
                   j_0_80   0x000a80    program     static C:\Data\MPLAB\AndriodIOFirmware_v11.X\AndroidIO_v11.asm
                   j_0_81   0x000a86    program     static C:\Data\MPLAB\AndriodIOFirmware_v11.X\AndroidIO_v11.asm
                   j_0_82   0x000a8c    program     static C:\Data\MPLAB\AndriodIOFirmware_v11.X\AndroidIO_v11.asm
                   j_0_83   0x000ab9    program     static C:\Data\MPLAB\AndriodIOFirmware_v11.X\AndroidIO_v11.asm
                   j_0_84   0x000abf    program     static C:\Data\MPLAB\AndriodIOFirmware_v11.X\AndroidIO_v11.asm
                   j_0_85   0x000af8    program     static C:\Data\MPLAB\AndriodIOFirmware_v11.X\AndroidIO_v11.asm
                   j_0_86   0x000afe    program     static C:\Data\MPLAB\AndriodIOFirmware_v11.X\AndroidIO_v11.asm
                   j_0_87   0x000b04    program     static C:\Data\MPLAB\AndriodIOFirmware_v11.X\AndroidIO_v11.asm
                   j_0_88   0x000b31    program     static C:\Data\MPLAB\AndriodIOFirmware_v11.X\AndroidIO_v11.asm
                   j_0_89   0x000b37    program     static C:\Data\MPLAB\AndriodIOFirmware_v11.X\AndroidIO_v11.asm
                    j_0_9   0x0003d6    program     static C:\Data\MPLAB\AndriodIOFirmware_v11.X\AndroidIO_v11.asm
                   j_0_90   0x000b70    program     static C:\Data\MPLAB\AndriodIOFirmware_v11.X\AndroidIO_v11.asm
                   j_0_91   0x000b76    program     static C:\Data\MPLAB\AndriodIOFirmware_v11.X\AndroidIO_v11.asm
                   j_0_92   0x000b7c    program     static C:\Data\MPLAB\AndriodIOFirmware_v11.X\AndroidIO_v11.asm
                   j_0_93   0x000ba9    program     static C:\Data\MPLAB\AndriodIOFirmware_v11.X\AndroidIO_v11.asm
                   j_0_94   0x000baf    program     static C:\Data\MPLAB\AndriodIOFirmware_v11.X\AndroidIO_v11.asm
                   j_0_95   0x000bda    program     static C:\Data\MPLAB\AndriodIOFirmware_v11.X\AndroidIO_v11.asm
                   j_0_96   0x000be2    program     static C:\Data\MPLAB\AndriodIOFirmware_v11.X\AndroidIO_v11.asm
                   j_0_97   0x000c22    program     static C:\Data\MPLAB\AndriodIOFirmware_v11.X\AndroidIO_v11.asm
                   j_0_98   0x000c28    program     static C:\Data\MPLAB\AndriodIOFirmware_v11.X\AndroidIO_v11.asm
                   j_0_99   0x000c56    program     static C:\Data\MPLAB\AndriodIOFirmware_v11.X\AndroidIO_v11.asm
                    j_1_1   0x002a6d    program     static C:\Data\MPLAB\AndriodIOFirmware_v11.X\AndroidIO_v11.asm
                    k_0_1   0x001e78    program     static C:\Data\MPLAB\AndriodIOFirmware_v11.X\AndroidIO_v11.asm
                   k_0_10   0x003568    program     static C:\Data\MPLAB\AndriodIOFirmware_v11.X\AndroidIO_v11.asm
                   k_0_11   0x0035e0    program     static C:\Data\MPLAB\AndriodIOFirmware_v11.X\AndroidIO_v11.asm
                   k_0_12   0x003813    program     static C:\Data\MPLAB\AndriodIOFirmware_v11.X\AndroidIO_v11.asm
                   k_0_13   0x003833    program     static C:\Data\MPLAB\AndriodIOFirmware_v11.X\AndroidIO_v11.asm
                    k_0_2   0x001e9d    program     static C:\Data\MPLAB\AndriodIOFirmware_v11.X\AndroidIO_v11.asm
                    k_0_3   0x002886    program     static C:\Data\MPLAB\AndriodIOFirmware_v11.X\AndroidIO_v11.asm
                    k_0_4   0x002aba    program     static C:\Data\MPLAB\AndriodIOFirmware_v11.X\AndroidIO_v11.asm
                    k_0_5   0x002b49    program     static C:\Data\MPLAB\AndriodIOFirmware_v11.X\AndroidIO_v11.asm
                    k_0_6   0x002d60    program     static C:\Data\MPLAB\AndriodIOFirmware_v11.X\AndroidIO_v11.asm
                    k_0_7   0x00315a    program     static C:\Data\MPLAB\AndriodIOFirmware_v11.X\AndroidIO_v11.asm
                    k_0_8   0x0033d6    program     static C:\Data\MPLAB\AndriodIOFirmware_v11.X\AndroidIO_v11.asm
                    k_0_9   0x0033fc    program     static C:\Data\MPLAB\AndriodIOFirmware_v11.X\AndroidIO_v11.asm
                  lab_1_1   0x000335    program     static C:\Data\MPLAB\AndriodIOFirmware_v11.X\AndroidIO_v11.asm
                 lab_1_10   0x000ce4    program     static C:\Data\MPLAB\AndriodIOFirmware_v11.X\AndroidIO_v11.asm
                lab_1_100   0x001d9b    program     static C:\Data\MPLAB\AndriodIOFirmware_v11.X\AndroidIO_v11.asm
                lab_1_101   0x001dd5    program     static C:\Data\MPLAB\AndriodIOFirmware_v11.X\AndroidIO_v11.asm
                lab_1_102   0x001e5e    program     static C:\Data\MPLAB\AndriodIOFirmware_v11.X\AndroidIO_v11.asm
                lab_1_103   0x001eae    program     static C:\Data\MPLAB\AndriodIOFirmware_v11.X\AndroidIO_v11.asm
                lab_1_104   0x001ed6    program     static C:\Data\MPLAB\AndriodIOFirmware_v11.X\AndroidIO_v11.asm
                lab_1_105   0x001ede    program     static C:\Data\MPLAB\AndriodIOFirmware_v11.X\AndroidIO_v11.asm
                lab_1_106   0x001f08    program     static C:\Data\MPLAB\AndriodIOFirmware_v11.X\AndroidIO_v11.asm
                lab_1_107   0x001f2e    program     static C:\Data\MPLAB\AndriodIOFirmware_v11.X\AndroidIO_v11.asm
                lab_1_108   0x001f54    program     static C:\Data\MPLAB\AndriodIOFirmware_v11.X\AndroidIO_v11.asm
                lab_1_109   0x001f7a    program     static C:\Data\MPLAB\AndriodIOFirmware_v11.X\AndroidIO_v11.asm
                 lab_1_11   0x000cec    program     static C:\Data\MPLAB\AndriodIOFirmware_v11.X\AndroidIO_v11.asm
                lab_1_110   0x001fa0    program     static C:\Data\MPLAB\AndriodIOFirmware_v11.X\AndroidIO_v11.asm
                lab_1_111   0x001fc6    program     static C:\Data\MPLAB\AndriodIOFirmware_v11.X\AndroidIO_v11.asm
                lab_1_112   0x001fec    program     static C:\Data\MPLAB\AndriodIOFirmware_v11.X\AndroidIO_v11.asm
                lab_1_113   0x002012    program     static C:\Data\MPLAB\AndriodIOFirmware_v11.X\AndroidIO_v11.asm
                lab_1_114   0x002024    program     static C:\Data\MPLAB\AndriodIOFirmware_v11.X\AndroidIO_v11.asm
                lab_1_115   0x002038    program     static C:\Data\MPLAB\AndriodIOFirmware_v11.X\AndroidIO_v11.asm
                lab_1_116   0x002040    program     static C:\Data\MPLAB\AndriodIOFirmware_v11.X\AndroidIO_v11.asm
                lab_1_117   0x002086    program     static C:\Data\MPLAB\AndriodIOFirmware_v11.X\AndroidIO_v11.asm
[...]
                  j_0_489   0x0033af    program     static C:\Data\MPLAB\AndriodIOFirmware_v11.X\AndroidIO_v11.asm
                lab_3_177   0x0033b2    program     static C:\Data\MPLAB\AndriodIOFirmware_v11.X\AndroidIO_v11.asm
                  j_0_490   0x0033bc    program     static C:\Data\MPLAB\AndriodIOFirmware_v11.X\AndroidIO_v11.asm
                  j_0_491   0x0033cd    program     static C:\Data\MPLAB\AndriodIOFirmware_v11.X\AndroidIO_v11.asm
                    k_0_8   0x0033d6    program     static C:\Data\MPLAB\AndriodIOFirmware_v11.X\AndroidIO_v11.asm
                lab_3_178   0x0033de    program     static C:\Data\MPLAB\AndriodIOFirmware_v11.X\AndroidIO_v11.asm
                 lab_4_94   0x0033de    program     static C:\Data\MPLAB\AndriodIOFirmware_v11.X\AndroidIO_v11.asm
                  j_0_492   0x0033e4    program     static C:\Data\MPLAB\AndriodIOFirmware_v11.X\AndroidIO_v11.asm
                  j_0_493   0x0033ee    program     static C:\Data\MPLAB\AndriodIOFirmware_v11.X\AndroidIO_v11.asm
                    k_0_9   0x0033fc    program     static C:\Data\MPLAB\AndriodIOFirmware_v11.X\AndroidIO_v11.asm
                 lab_4_95   0x003404    program     static C:\Data\MPLAB\AndriodIOFirmware_v11.X\AndroidIO_v11.asm
                lab_3_179   0x003404    program     static C:\Data\MPLAB\AndriodIOFirmware_v11.X\AndroidIO_v11.asm
                  j_0_494   0x00340a    program     static C:\Data\MPLAB\AndriodIOFirmware_v11.X\AndroidIO_v11.asm
                  j_0_495   0x00344b    program     static C:\Data\MPLAB\AndriodIOFirmware_v11.X\AndroidIO_v11.asm
                 lab_4_96   0x00344d    program     static C:\Data\MPLAB\AndriodIOFirmware_v11.X\AndroidIO_v11.asm
                 lab_4_97   0x003454    program     static C:\Data\MPLAB\AndriodIOFirmware_v11.X\AndroidIO_v11.asm
                  j_0_496   0x00345a    program     static C:\Data\MPLAB\AndriodIOFirmware_v11.X\AndroidIO_v11.asm
                  j_0_497   0x003462    program     static C:\Data\MPLAB\AndriodIOFirmware_v11.X\AndroidIO_v11.asm
                  lab_6_1   0x003465    program     static C:\Data\MPLAB\AndriodIOFirmware_v11.X\AndroidIO_v11.asm
                  j_0_498   0x00346b    program     static C:\Data\MPLAB\AndriodIOFirmware_v11.X\AndroidIO_v11.asm
                  lab_6_2   0x00346e    program     static C:\Data\MPLAB\AndriodIOFirmware_v11.X\AndroidIO_v11.asm
                  j_0_499   0x003474    program     static C:\Data\MPLAB\AndriodIOFirmware_v11.X\AndroidIO_v11.asm
                  lab_6_3   0x003477    program     static C:\Data\MPLAB\AndriodIOFirmware_v11.X\AndroidIO_v11.asm
                  j_0_500   0x00347f    program     static C:\Data\MPLAB\AndriodIOFirmware_v11.X\AndroidIO_v11.asm
                  lab_6_4   0x003482    program     static C:\Data\MPLAB\AndriodIOFirmware_v11.X\AndroidIO_v11.asm
                  j_0_501   0x003488    program     static C:\Data\MPLAB\AndriodIOFirmware_v11.X\AndroidIO_v11.asm
                  lab_6_5   0x00348b    program     static C:\Data\MPLAB\AndriodIOFirmware_v11.X\AndroidIO_v11.asm
                  j_0_502   0x003493    program     static C:\Data\MPLAB\AndriodIOFirmware_v11.X\AndroidIO_v11.asm
                  lab_6_6   0x003496    program     static C:\Data\MPLAB\AndriodIOFirmware_v11.X\AndroidIO_v11.asm
                 lab_5_48   0x003499    program     static C:\Data\MPLAB\AndriodIOFirmware_v11.X\AndroidIO_v11.asm
                 lab_4_98   0x0034a5    program     static C:\Data\MPLAB\AndriodIOFirmware_v11.X\AndroidIO_v11.asm
                  j_0_503   0x0034af    program     static C:\Data\MPLAB\AndriodIOFirmware_v11.X\AndroidIO_v11.asm
                 lab_4_99   0x0034b2    program     static C:\Data\MPLAB\AndriodIOFirmware_v11.X\AndroidIO_v11.asm
                  j_0_504   0x0034b8    program     static C:\Data\MPLAB\AndriodIOFirmware_v11.X\AndroidIO_v11.asm
                lab_4_100   0x0034bb    program     static C:\Data\MPLAB\AndriodIOFirmware_v11.X\AndroidIO_v11.asm
                  j_0_505   0x0034c1    program     static C:\Data\MPLAB\AndriodIOFirmware_v11.X\AndroidIO_v11.asm
                lab_4_101   0x0034c4    program     static C:\Data\MPLAB\AndriodIOFirmware_v11.X\AndroidIO_v11.asm
                  j_0_506   0x0034ce    program     static C:\Data\MPLAB\AndriodIOFirmware_v11.X\AndroidIO_v11.asm
                lab_4_102   0x0034d1    program     static C:\Data\MPLAB\AndriodIOFirmware_v11.X\AndroidIO_v11.asm
                  j_0_507   0x0034d7    program     static C:\Data\MPLAB\AndriodIOFirmware_v11.X\AndroidIO_v11.asm
                lab_4_103   0x0034da    program     static C:\Data\MPLAB\AndriodIOFirmware_v11.X\AndroidIO_v11.asm
                  j_0_508   0x0034e4    program     static C:\Data\MPLAB\AndriodIOFirmware_v11.X\AndroidIO_v11.asm
                lab_4_104   0x0034e7    program     static C:\Data\MPLAB\AndriodIOFirmware_v11.X\AndroidIO_v11.asm
                lab_3_180   0x0034eb    program     static C:\Data\MPLAB\AndriodIOFirmware_v11.X\AndroidIO_v11.asm
                lab_2_208   0x0034ef    program     static C:\Data\MPLAB\AndriodIOFirmware_v11.X\AndroidIO_v11.asm
                lab_2_209   0x0034f1    program     static C:\Data\MPLAB\AndriodIOFirmware_v11.X\AndroidIO_v11.asm
                    dame1   0x0034f3    program     static C:\Data\MPLAB\AndriodIOFirmware_v11.X\AndroidIO_v11.asm
                lab_1_296   0x0034f3    program     static C:\Data\MPLAB\AndriodIOFirmware_v11.X\AndroidIO_v11.asm
                  j_0_509   0x0034f9    program     static C:\Data\MPLAB\AndriodIOFirmware_v11.X\AndroidIO_v11.asm
                lab_1_297   0x003507    program     static C:\Data\MPLAB\AndriodIOFirmware_v11.X\AndroidIO_v11.asm
                  j_0_510   0x00352c    program     static C:\Data\MPLAB\AndriodIOFirmware_v11.X\AndroidIO_v11.asm
                lab_2_210   0x00352e    program     static C:\Data\MPLAB\AndriodIOFirmware_v11.X\AndroidIO_v11.asm
                lab_2_211   0x003535    program     static C:\Data\MPLAB\AndriodIOFirmware_v11.X\AndroidIO_v11.asm
                lab_4_105   0x00354c    program     static C:\Data\MPLAB\AndriodIOFirmware_v11.X\AndroidIO_v11.asm
                    dame4   0x003553    program     static C:\Data\MPLAB\AndriodIOFirmware_v11.X\AndroidIO_v11.asm
                   k_0_10   0x003568    program     static C:\Data\MPLAB\AndriodIOFirmware_v11.X\AndroidIO_v11.asm
                  j_0_511   0x0035a2    program     static C:\Data\MPLAB\AndriodIOFirmware_v11.X\AndroidIO_v11.asm
                 lab_5_49   0x0035a4    program     static C:\Data\MPLAB\AndriodIOFirmware_v11.X\AndroidIO_v11.asm
                 lab_5_50   0x0035ab    program     static C:\Data\MPLAB\AndriodIOFirmware_v11.X\AndroidIO_v11.asm
                  j_0_512   0x0035be    program     static C:\Data\MPLAB\AndriodIOFirmware_v11.X\AndroidIO_v11.asm
                  j_0_513   0x0035cc    program     static C:\Data\MPLAB\AndriodIOFirmware_v11.X\AndroidIO_v11.asm
                  j_0_514   0x0035da    program     static C:\Data\MPLAB\AndriodIOFirmware_v11.X\AndroidIO_v11.asm
                   k_0_11   0x0035e0    program     static C:\Data\MPLAB\AndriodIOFirmware_v11.X\AndroidIO_v11.asm
                  j_0_515   0x0035e8    program     static C:\Data\MPLAB\AndriodIOFirmware_v11.X\AndroidIO_v11.asm
                  lab_7_1   0x0035eb    program     static C:\Data\MPLAB\AndriodIOFirmware_v11.X\AndroidIO_v11.asm
                  j_0_516   0x0035f1    program     static C:\Data\MPLAB\AndriodIOFirmware_v11.X\AndroidIO_v11.asm
                  lab_7_2   0x0035f4    program     static C:\Data\MPLAB\AndriodIOFirmware_v11.X\AndroidIO_v11.asm
                  j_0_517   0x0035fa    program     static C:\Data\MPLAB\AndriodIOFirmware_v11.X\AndroidIO_v11.asm
                  lab_7_3   0x0035fd    program     static C:\Data\MPLAB\AndriodIOFirmware_v11.X\AndroidIO_v11.asm
                  j_0_518   0x003605    program     static C:\Data\MPLAB\AndriodIOFirmware_v11.X\AndroidIO_v11.asm
                  lab_7_4   0x003608    program     static C:\Data\MPLAB\AndriodIOFirmware_v11.X\AndroidIO_v11.asm
                  j_0_519   0x00360e    program     static C:\Data\MPLAB\AndriodIOFirmware_v11.X\AndroidIO_v11.asm
                  lab_7_5   0x003611    program     static C:\Data\MPLAB\AndriodIOFirmware_v11.X\AndroidIO_v11.asm
                  j_0_520   0x003619    program     static C:\Data\MPLAB\AndriodIOFirmware_v11.X\AndroidIO_v11.asm
                  lab_7_6   0x00361c    program     static C:\Data\MPLAB\AndriodIOFirmware_v11.X\AndroidIO_v11.asm
                  lab_6_7   0x003622    program     static C:\Data\MPLAB\AndriodIOFirmware_v11.X\AndroidIO_v11.asm
                  lab_6_8   0x003623    program     static C:\Data\MPLAB\AndriodIOFirmware_v11.X\AndroidIO_v11.asm
                 lab_5_51   0x00362a    program     static C:\Data\MPLAB\AndriodIOFirmware_v11.X\AndroidIO_v11.asm
                lab_4_106   0x003635    program     static C:\Data\MPLAB\AndriodIOFirmware_v11.X\AndroidIO_v11.asm
                    dame3   0x00363c    program     static C:\Data\MPLAB\AndriodIOFirmware_v11.X\AndroidIO_v11.asm
                lab_4_107   0x003657    program     static C:\Data\MPLAB\AndriodIOFirmware_v11.X\AndroidIO_v11.asm
                  j_0_521   0x00365d    program     static C:\Data\MPLAB\AndriodIOFirmware_v11.X\AndroidIO_v11.asm
                lab_4_108   0x00366b    program     static C:\Data\MPLAB\AndriodIOFirmware_v11.X\AndroidIO_v11.asm
                  j_0_522   0x003671    program     static C:\Data\MPLAB\AndriodIOFirmware_v11.X\AndroidIO_v11.asm
                lab_4_109   0x00367f    program     static C:\Data\MPLAB\AndriodIOFirmware_v11.X\AndroidIO_v11.asm
                  j_0_523   0x003685    program     static C:\Data\MPLAB\AndriodIOFirmware_v11.X\AndroidIO_v11.asm
                  j_0_524   0x0036c8    program     static C:\Data\MPLAB\AndriodIOFirmware_v11.X\AndroidIO_v11.asm
                 lab_5_52   0x0036ca    program     static C:\Data\MPLAB\AndriodIOFirmware_v11.X\AndroidIO_v11.asm
                 lab_5_53   0x0036d1    program     static C:\Data\MPLAB\AndriodIOFirmware_v11.X\AndroidIO_v11.asm
                  j_0_525   0x0036d7    program     static C:\Data\MPLAB\AndriodIOFirmware_v11.X\AndroidIO_v11.asm
                  j_0_526   0x0036e1    program     static C:\Data\MPLAB\AndriodIOFirmware_v11.X\AndroidIO_v11.asm
                  lab_7_7   0x0036e4    program     static C:\Data\MPLAB\AndriodIOFirmware_v11.X\AndroidIO_v11.asm
                  j_0_527   0x0036ea    program     static C:\Data\MPLAB\AndriodIOFirmware_v11.X\AndroidIO_v11.asm
                  lab_7_8   0x0036ed    program     static C:\Data\MPLAB\AndriodIOFirmware_v11.X\AndroidIO_v11.asm
                  j_0_528   0x0036f3    program     static C:\Data\MPLAB\AndriodIOFirmware_v11.X\AndroidIO_v11.asm
                  lab_7_9   0x0036f6    program     static C:\Data\MPLAB\AndriodIOFirmware_v11.X\AndroidIO_v11.asm
                  j_0_529   0x003700    program     static C:\Data\MPLAB\AndriodIOFirmware_v11.X\AndroidIO_v11.asm
                 lab_7_10   0x003703    program     static C:\Data\MPLAB\AndriodIOFirmware_v11.X\AndroidIO_v11.asm
                  j_0_530   0x003709    program     static C:\Data\MPLAB\AndriodIOFirmware_v11.X\AndroidIO_v11.asm
                 lab_7_11   0x00370c    program     static C:\Data\MPLAB\AndriodIOFirmware_v11.X\AndroidIO_v11.asm
                  j_0_531   0x003716    program     static C:\Data\MPLAB\AndriodIOFirmware_v11.X\AndroidIO_v11.asm
                 lab_7_12   0x003719    program     static C:\Data\MPLAB\AndriodIOFirmware_v11.X\AndroidIO_v11.asm
                  lab_6_9   0x00371d    program     static C:\Data\MPLAB\AndriodIOFirmware_v11.X\AndroidIO_v11.asm
                 lab_5_54   0x003729    program     static C:\Data\MPLAB\AndriodIOFirmware_v11.X\AndroidIO_v11.asm
                  j_0_532   0x003765    program     static C:\Data\MPLAB\AndriodIOFirmware_v11.X\AndroidIO_v11.asm
                 lab_5_55   0x003768    program     static C:\Data\MPLAB\AndriodIOFirmware_v11.X\AndroidIO_v11.asm
                  j_0_533   0x00376e    program     static C:\Data\MPLAB\AndriodIOFirmware_v11.X\AndroidIO_v11.asm
                 lab_5_56   0x003771    program     static C:\Data\MPLAB\AndriodIOFirmware_v11.X\AndroidIO_v11.asm
                  j_0_534   0x003777    program     static C:\Data\MPLAB\AndriodIOFirmware_v11.X\AndroidIO_v11.asm
                 lab_5_57   0x00377a    program     static C:\Data\MPLAB\AndriodIOFirmware_v11.X\AndroidIO_v11.asm
                  j_0_535   0x003783    program     static C:\Data\MPLAB\AndriodIOFirmware_v11.X\AndroidIO_v11.asm
                 lab_5_58   0x003786    program     static C:\Data\MPLAB\AndriodIOFirmware_v11.X\AndroidIO_v11.asm
                  j_0_536   0x00378c    program     static C:\Data\MPLAB\AndriodIOFirmware_v11.X\AndroidIO_v11.asm
                 lab_5_59   0x00378f    program     static C:\Data\MPLAB\AndriodIOFirmware_v11.X\AndroidIO_v11.asm
                  j_0_537   0x003798    program     static C:\Data\MPLAB\AndriodIOFirmware_v11.X\AndroidIO_v11.asm
                 lab_5_60   0x00379b    program     static C:\Data\MPLAB\AndriodIOFirmware_v11.X\AndroidIO_v11.asm
                lab_4_110   0x0037c9    program     static C:\Data\MPLAB\AndriodIOFirmware_v11.X\AndroidIO_v11.asm
                lab_3_181   0x0037cb    program     static C:\Data\MPLAB\AndriodIOFirmware_v11.X\AndroidIO_v11.asm
                lab_3_182   0x0037cd    program     static C:\Data\MPLAB\AndriodIOFirmware_v11.X\AndroidIO_v11.asm
                lab_2_212   0x0037cf    program     static C:\Data\MPLAB\AndriodIOFirmware_v11.X\AndroidIO_v11.asm
                    dame2   0x0037cf    program     static C:\Data\MPLAB\AndriodIOFirmware_v11.X\AndroidIO_v11.asm
                lab_1_298   0x0037da    program     static C:\Data\MPLAB\AndriodIOFirmware_v11.X\AndroidIO_v11.asm
                  j_0_538   0x0037ec    program     static C:\Data\MPLAB\AndriodIOFirmware_v11.X\AndroidIO_v11.asm
                lab_1_299   0x0037ef    program     static C:\Data\MPLAB\AndriodIOFirmware_v11.X\AndroidIO_v11.asm
                  j_0_539   0x0037f8    program     static C:\Data\MPLAB\AndriodIOFirmware_v11.X\AndroidIO_v11.asm
                lab_1_300   0x0037fb    program     static C:\Data\MPLAB\AndriodIOFirmware_v11.X\AndroidIO_v11.asm
                  j_0_540   0x00380b    program     static C:\Data\MPLAB\AndriodIOFirmware_v11.X\AndroidIO_v11.asm
                   k_0_12   0x003813    program     static C:\Data\MPLAB\AndriodIOFirmware_v11.X\AndroidIO_v11.asm
                  j_0_541   0x00382d    program     static C:\Data\MPLAB\AndriodIOFirmware_v11.X\AndroidIO_v11.asm
                   k_0_13   0x003833    program     static C:\Data\MPLAB\AndriodIOFirmware_v11.X\AndroidIO_v11.asm
                  j_0_542   0x003839    program     static C:\Data\MPLAB\AndriodIOFirmware_v11.X\AndroidIO_v11.asm
                lab_3_183   0x00383f    program     static C:\Data\MPLAB\AndriodIOFirmware_v11.X\AndroidIO_v11.asm
                lab_3_184   0x003847    program     static C:\Data\MPLAB\AndriodIOFirmware_v11.X\AndroidIO_v11.asm
                lab_1_301   0x003847    program     static C:\Data\MPLAB\AndriodIOFirmware_v11.X\AndroidIO_v11.asm
                lab_2_213   0x003847    program     static C:\Data\MPLAB\AndriodIOFirmware_v11.X\AndroidIO_v11.asm
   datalog_writeinitblock   0x003848    program     static C:\Data\MPLAB\AndriodIOFirmware_v11.X\AndroidIO_v11.asm
        datalog_makerunID   0x003907    program     static C:\Data\MPLAB\AndriodIOFirmware_v11.X\AndroidIO_v11.asm
                lab_1_302   0x003919    program     static C:\Data\MPLAB\AndriodIOFirmware_v11.X\AndroidIO_v11.asm
                  j_0_543   0x00392d    program     static C:\Data\MPLAB\AndriodIOFirmware_v11.X\AndroidIO_v11.asm
                lab_1_303   0x003930    program     static C:\Data\MPLAB\AndriodIOFirmware_v11.X\AndroidIO_v11.asm
                  j_0_544   0x003938    program     static C:\Data\MPLAB\AndriodIOFirmware_v11.X\AndroidIO_v11.asm
                lab_1_304   0x00393c    program     static C:\Data\MPLAB\AndriodIOFirmware_v11.X\AndroidIO_v11.asm
                lab_1_305   0x00393e    program     static C:\Data\MPLAB\AndriodIOFirmware_v11.X\AndroidIO_v11.asm
                  j_0_545   0x003946    program     static C:\Data\MPLAB\AndriodIOFirmware_v11.X\AndroidIO_v11.asm
                lab_1_306   0x003949    program     static C:\Data\MPLAB\AndriodIOFirmware_v11.X\AndroidIO_v11.asm
                  j_0_546   0x003951    program     static C:\Data\MPLAB\AndriodIOFirmware_v11.X\AndroidIO_v11.asm
                lab_1_307   0x003955    program     static C:\Data\MPLAB\AndriodIOFirmware_v11.X\AndroidIO_v11.asm
                lab_1_308   0x003957    program     static C:\Data\MPLAB\AndriodIOFirmware_v11.X\AndroidIO_v11.asm
     datalog_findposblock   0x00395a    program     static C:\Data\MPLAB\AndriodIOFirmware_v11.X\AndroidIO_v11.asm
                    dafi1   0x003965    program     static C:\Data\MPLAB\AndriodIOFirmware_v11.X\AndroidIO_v11.asm
                  j_0_547   0x003978    program     static C:\Data\MPLAB\AndriodIOFirmware_v11.X\AndroidIO_v11.asm
                lab_1_309   0x003979    program     static C:\Data\MPLAB\AndriodIOFirmware_v11.X\AndroidIO_v11.asm
                lab_1_310   0x003987    program     static C:\Data\MPLAB\AndriodIOFirmware_v11.X\AndroidIO_v11.asm
     datalog_calcFAddress   0x00398d    program     static C:\Data\MPLAB\AndriodIOFirmware_v11.X\AndroidIO_v11.asm
               DEV_device   0x0039a2    program     static C:\Data\MPLAB\AndriodIOFirmware_v11.X\AndroidIO_v11.asm
              DEV_unknown   0x0039ab    program     static C:\Data\MPLAB\AndriodIOFirmware_v11.X\AndroidIO_v11.asm
           DEV_PIC16F1938   0x0039b3    program     static C:\Data\MPLAB\AndriodIOFirmware_v11.X\AndroidIO_v11.asm
           DEV_PIC16F1939   0x0039be    program     static C:\Data\MPLAB\AndriodIOFirmware_v11.X\AndroidIO_v11.asm
          DEV_PIC16LF1938   0x0039c9    program     static C:\Data\MPLAB\AndriodIOFirmware_v11.X\AndroidIO_v11.asm
          DEV_PIC16LF1939   0x0039d5    program     static C:\Data\MPLAB\AndriodIOFirmware_v11.X\AndroidIO_v11.asm
              DEV_version   0x0039e1    program     static C:\Data\MPLAB\AndriodIOFirmware_v11.X\AndroidIO_v11.asm
                   DEV_A1   0x0039ed    program     static C:\Data\MPLAB\AndriodIOFirmware_v11.X\AndroidIO_v11.asm
                   DEV_A2   0x0039f1    program     static C:\Data\MPLAB\AndriodIOFirmware_v11.X\AndroidIO_v11.asm
                   DEV_A3   0x0039f5    program     static C:\Data\MPLAB\AndriodIOFirmware_v11.X\AndroidIO_v11.asm
               DEV_int_ov   0x0039f9    program     static C:\Data\MPLAB\AndriodIOFirmware_v11.X\AndroidIO_v11.asm
             DEV_int_noov   0x003a17    program     static C:\Data\MPLAB\AndriodIOFirmware_v11.X\AndroidIO_v11.asm
                 TXT_LWOK   0x003a38    program     static C:\Data\MPLAB\AndriodIOFirmware_v11.X\AndroidIO_v11.asm
                TXT_LZ3OK   0x003a40    program     static C:\Data\MPLAB\AndriodIOFirmware_v11.X\AndroidIO_v11.asm
                 TXT_LSOK   0x003a49    program     static C:\Data\MPLAB\AndriodIOFirmware_v11.X\AndroidIO_v11.asm
          TXT_LParseError   0x003a51    program     static C:\Data\MPLAB\AndriodIOFirmware_v11.X\AndroidIO_v11.asm
                TXT_GZ310   0x003a60    program     static C:\Data\MPLAB\AndriodIOFirmware_v11.X\AndroidIO_v11.asm
                TXT_GZ312   0x003a69    program     static C:\Data\MPLAB\AndriodIOFirmware_v11.X\AndroidIO_v11.asm
               lastmemuse   0x003a72    program     static C:\Data\MPLAB\AndriodIOFirmware_v11.X\AndroidIO_v11.asm


